生成启动时间为 2026/4/6 8:40:14。

     1>项目“C:\Users\wangsychn\Documents\GitHub\Bangumi\Bangumi.sln”在节点 1 上(Build 个目标)。
     1>ValidateSolutionConfiguration:
         正在生成解决方案配置“Debug|x64”。
     1>项目“C:\Users\wangsychn\Documents\GitHub\Bangumi\Bangumi.sln”(1)正在节点 2 上生成“C:\Users\wangsychn\Documents\GitHub\Bangumi\Bangumi.Api\Bangumi.Api.csproj”(4) (默认目标)。
     4>GenerateTargetFrameworkMonikerAttribute:
       正在跳过目标“GenerateTargetFrameworkMonikerAttribute”，因为所有输出文件相对于输入文件而言都是最新的。
     1>项目“C:\Users\wangsychn\Documents\GitHub\Bangumi\Bangumi.sln”(1)正在节点 3 上生成“C:\Users\wangsychn\Documents\GitHub\Bangumi\Bangumi.Data\Bangumi.Data.csproj”(3) (默认目标)。
     3>GenerateTargetFrameworkMonikerAttribute:
       正在跳过目标“GenerateTargetFrameworkMonikerAttribute”，因为所有输出文件相对于输入文件而言都是最新的。
     4>CoreGenerateAssemblyInfo:
       正在跳过目标“CoreGenerateAssemblyInfo”，因为所有输出文件相对于输入文件而言都是最新的。
       _GenerateSourceLinkFile:
         Source Link 文件 "obj\Debug\netstandard2.0\Bangumi.Api.sourcelink.json" 是最新的。
       CoreCompile:
       正在跳过目标“CoreCompile”，因为所有输出文件相对于输入文件而言都是最新的。
     3>CoreGenerateAssemblyInfo:
       正在跳过目标“CoreGenerateAssemblyInfo”，因为所有输出文件相对于输入文件而言都是最新的。
     4>GenerateBuildDependencyFile:
       正在跳过目标“GenerateBuildDependencyFile”，因为所有输出文件相对于输入文件而言都是最新的。
       CopyFilesToOutputDirectory:
         Bangumi.Api -> C:\Users\wangsychn\Documents\GitHub\Bangumi\Bangumi.Api\bin\Debug\netstandard2.0\Bangumi.Api.dll
     3>_GenerateSourceLinkFile:
         Source Link 文件 "obj\Debug\netstandard2.0\Bangumi.Data.sourcelink.json" 是最新的。
       CoreCompile:
       正在跳过目标“CoreCompile”，因为所有输出文件相对于输入文件而言都是最新的。
     4>已完成生成项目“C:\Users\wangsychn\Documents\GitHub\Bangumi\Bangumi.Api\Bangumi.Api.csproj”(默认目标)的操作。
     3>GenerateBuildDependencyFile:
       正在跳过目标“GenerateBuildDependencyFile”，因为所有输出文件相对于输入文件而言都是最新的。
       CopyFilesToOutputDirectory:
         Bangumi.Data -> C:\Users\wangsychn\Documents\GitHub\Bangumi\Bangumi.Data\bin\Debug\netstandard2.0\Bangumi.Data.dll
     3>已完成生成项目“C:\Users\wangsychn\Documents\GitHub\Bangumi\Bangumi.Data\Bangumi.Data.csproj”(默认目标)的操作。
     1>项目“C:\Users\wangsychn\Documents\GitHub\Bangumi\Bangumi.sln”(1)正在节点 1 上生成“C:\Users\wangsychn\Documents\GitHub\Bangumi\Bangumi\Bangumi.csproj”(2) (默认目标)。
     2>GetInstalledSDKLocations:
         搜索以“UAP, 10.0.19041.0”为目标的 SDK。
         搜索以“Windows, 8.1”为目标的 SDK。
       ResolveSDKReferences:
           读取 SDK 清单文件“C:\Program Files (x86)\Microsoft SDKs\Windows Kits\10\ExtensionSDKs\Microsoft.VCLibs\14.0\SDKManifest.xml”。
           目标配置和体系结构“Debug|X64”
           在 SDK 清单中找不到“FrameworkIdentity”特性“FrameworkIdentity-Debug-X64”。 
           在 SDK 清单中找到了“FrameworkIdentity”特性“Name = Microsoft.VCLibs.140.00.Debug, MinVersion = 14.0.33519.0, Publisher = 'CN=Microsoft Corporation, O=Microsoft Corporation, L=Redmond, S=Washington, C=US'”。
           在 SDK 清单中找到了“APPX”位置特性“AppX-Debug-x86=.\AppX\Debug\x86\Microsoft.VCLibs.x86.Debug.14.00.appx”。
           在 SDK 清单中找到了“APPX”位置特性“AppX-Debug-x64=.\AppX\Debug\x64\Microsoft.VCLibs.x64.Debug.14.00.appx”。
           在 SDK 清单中找到了“APPX”位置特性“AppX-Debug-ARM=.\AppX\Debug\ARM\Microsoft.VCLibs.ARM.Debug.14.00.appx”。
           在 SDK 清单中找到了“APPX”位置特性“AppX-Debug-ARM64=.\AppX\Debug\ARM64\Microsoft.VCLibs.ARM64.Debug.14.00.appx”。
           读取 SDK 清单文件“C:\Program Files (x86)\Microsoft SDKs\Windows Kits\10\ExtensionSDKs\Microsoft.VCLibs.Desktop\14.0\SDKManifest.xml”。
           目标配置和体系结构“Debug|X64”
           在 SDK 清单中找不到“FrameworkIdentity”特性“FrameworkIdentity-Debug-X64”。 
           在 SDK 清单中找到了“FrameworkIdentity”特性“Name = Microsoft.VCLibs.140.00.Debug.UWPDesktop, MinVersion = 14.0.33728.0, Publisher = 'CN=Microsoft Corporation, O=Microsoft Corporation, L=Redmond, S=Washington, C=US'”。
           在 SDK 清单中找到了“APPX”位置特性“AppX-Debug-ARM=.\AppX\Debug\ARM\Microsoft.VCLibs.ARM.Debug.14.00.Desktop.appx”。
           在 SDK 清单中找到了“APPX”位置特性“AppX-Debug-ARM64=.\AppX\Debug\ARM64\Microsoft.VCLibs.ARM64.Debug.14.00.Desktop.appx”。
           在 SDK 清单中找到了“APPX”位置特性“AppX-Debug-x86=.\AppX\Debug\x86\Microsoft.VCLibs.x86.Debug.14.00.Desktop.appx”。
           在 SDK 清单中找到了“APPX”位置特性“AppX-Debug-x64=.\AppX\Debug\x64\Microsoft.VCLibs.x64.Debug.14.00.Desktop.appx”。
       ExpandSDKReferences:
         枚举“C:\Program Files (x86)\Microsoft SDKs\Windows Kits\10\ExtensionSDKs\Microsoft.VCLibs\14.0\”中的 SDK 引用“Microsoft.VCLibs, Version=14.0”。
         枚举“C:\Program Files (x86)\Microsoft SDKs\Windows Kits\10\ExtensionSDKs\Microsoft.VCLibs.Desktop\14.0\”中的 SDK 引用“Microsoft.VCLibs.Desktop, Version=14.0”。
       MarkupCompilePass1:
         (Out) GeneratedCodeFiles: 'C:\Users\wangsychn\Documents\GitHub\Bangumi\Bangumi\obj\x64\Debug\App.g.i.cs;C:\Users\wangsychn\Documents\GitHub\Bangumi\Bangumi\obj\x64\Debug\App.g.cs;C:\Users\wangsychn\Documents\GitHub\Bangumi\Bangumi\obj\x64\Debug\ContentDialogs\CollectionEditContentDialog.g.i.cs;C:\Users\wangsychn\Documents\GitHub\Bangumi\Bangumi\obj\x64\Debug\ContentDialogs\CollectionEditContentDialog.g.cs;C:\Users\wangsychn\Documents\GitHub\Bangumi\Bangumi\obj\x64\Debug\ContentDialogs\SitesContentDialog.g.i.cs;C:\Users\wangsychn\Documents\GitHub\Bangumi\Bangumi\obj\x64\Debug\ContentDialogs\SitesContentDialog.g.cs;C:\Users\wangsychn\Documents\GitHub\Bangumi\Bangumi\obj\x64\Debug\Controls\MusicDisk.g.i.cs;C:\Users\wangsychn\Documents\GitHub\Bangumi\Bangumi\obj\x64\Debug\Controls\MusicDisk.g.cs;C:\Users\wangsychn\Documents\GitHub\Bangumi\Bangumi\obj\x64\Debug\Controls\GameSubject.g.i.cs;C:\Users\wangsychn\Documents\GitHub\Bangumi\Bangumi\obj\x64\Debug\Controls\GameSubject.g.cs;C:\Users\wangsychn\Documents\GitHub\Bangumi\Bangumi\obj\x64\Debug\Controls\BookChapter.g.i.cs;C:\Users\wangsychn\Documents\GitHub\Bangumi\Bangumi\obj\x64\Debug\Controls\BookChapter.g.cs;C:\Users\wangsychn\Documents\GitHub\Bangumi\Bangumi\obj\x64\Debug\Controls\AnimeEpisode.g.i.cs;C:\Users\wangsychn\Documents\GitHub\Bangumi\Bangumi\obj\x64\Debug\Controls\AnimeEpisode.g.cs;C:\Users\wangsychn\Documents\GitHub\Bangumi\Bangumi\obj\x64\Debug\Controls\InAppNotification.g.i.cs;C:\Users\wangsychn\Documents\GitHub\Bangumi\Bangumi\obj\x64\Debug\Controls\InAppNotification.g.cs;C:\Users\wangsychn\Documents\GitHub\Bangumi\Bangumi\obj\x64\Debug\Controls\RateTemplateDictionary.g.i.cs;C:\Users\wangsychn\Documents\GitHub\Bangumi\Bangumi\obj\x64\Debug\Controls\RateTemplateDictionary.g.cs;C:\Users\wangsychn\Documents\GitHub\Bangumi\Bangumi\obj\x64\Debug\Controls\TitleBar\TitleBarEx.g.i.cs;C:\Users\wangsychn\Documents\GitHub\Bangumi\Bangumi\obj\x64\Debug\Controls\TitleBar\TitleBarEx.g.cs;C:\Users\wangsychn\Documents\GitHub\Bangumi\Bangumi\obj\x64\Debug\MainPage.g.i.cs;C:\Users\wangsychn\Documents\GitHub\Bangumi\Bangumi\obj\x64\Debug\MainPage.g.cs;C:\Users\wangsychn\Documents\GitHub\Bangumi\Bangumi\obj\x64\Debug\Views\CollectionPage.g.i.cs;C:\Users\wangsychn\Documents\GitHub\Bangumi\Bangumi\obj\x64\Debug\Views\CollectionPage.g.cs;C:\Users\wangsychn\Documents\GitHub\Bangumi\Bangumi\obj\x64\Debug\Views\DetailPage.g.i.cs;C:\Users\wangsychn\Documents\GitHub\Bangumi\Bangumi\obj\x64\Debug\Views\DetailPage.g.cs;C:\Users\wangsychn\Documents\GitHub\Bangumi\Bangumi\obj\x64\Debug\Views\EpisodePage.g.i.cs;C:\Users\wangsychn\Documents\GitHub\Bangumi\Bangumi\obj\x64\Debug\Views\EpisodePage.g.cs;C:\Users\wangsychn\Documents\GitHub\Bangumi\Bangumi\obj\x64\Debug\Views\HomePage.g.i.cs;C:\Users\wangsychn\Documents\GitHub\Bangumi\Bangumi\obj\x64\Debug\Views\HomePage.g.cs;C:\Users\wangsychn\Documents\GitHub\Bangumi\Bangumi\obj\x64\Debug\Views\LoginPage.g.i.cs;C:\Users\wangsychn\Documents\GitHub\Bangumi\Bangumi\obj\x64\Debug\Views\LoginPage.g.cs;C:\Users\wangsychn\Documents\GitHub\Bangumi\Bangumi\obj\x64\Debug\Views\ProgressPage.g.i.cs;C:\Users\wangsychn\Documents\GitHub\Bangumi\Bangumi\obj\x64\Debug\Views\ProgressPage.g.cs;C:\Users\wangsychn\Documents\GitHub\Bangumi\Bangumi\obj\x64\Debug\Views\SearchPage.g.i.cs;C:\Users\wangsychn\Documents\GitHub\Bangumi\Bangumi\obj\x64\Debug\Views\SearchPage.g.cs;C:\Users\wangsychn\Documents\GitHub\Bangumi\Bangumi\obj\x64\Debug\Views\ShellPlaceholderPage.g.i.cs;C:\Users\wangsychn\Documents\GitHub\Bangumi\Bangumi\obj\x64\Debug\Views\ShellPlaceholderPage.g.cs;C:\Users\wangsychn\Documents\GitHub\Bangumi\Bangumi\obj\x64\Debug\Views\SettingsPage.g.i.cs;C:\Users\wangsychn\Documents\GitHub\Bangumi\Bangumi\obj\x64\Debug\Views\SettingsPage.g.cs;C:\Users\wangsychn\Documents\GitHub\Bangumi\Bangumi\obj\x64\Debug\Views\CalendarPage.g.i.cs;C:\Users\wangsychn\Documents\GitHub\Bangumi\Bangumi\obj\x64\Debug\Views\CalendarPage.g.cs;C:\Users\wangsychn\Documents\GitHub\Bangumi\Bangumi\obj\x64\Debug\XamlTypeInfo.g.cs'
         (Out) GeneratedXamlFiles: 'C:\Users\wangsychn\Documents\GitHub\Bangumi\Bangumi\obj\x64\Debug\App.xaml;C:\Users\wangsychn\Documents\GitHub\Bangumi\Bangumi\obj\x64\Debug\ContentDialogs\CollectionEditContentDialog.xaml;C:\Users\wangsychn\Documents\GitHub\Bangumi\Bangumi\obj\x64\Debug\ContentDialogs\SitesContentDialog.xaml;C:\Users\wangsychn\Documents\GitHub\Bangumi\Bangumi\obj\x64\Debug\Controls\MusicDisk.xaml;C:\Users\wangsychn\Documents\GitHub\Bangumi\Bangumi\obj\x64\Debug\Controls\GameSubject.xaml;C:\Users\wangsychn\Documents\GitHub\Bangumi\Bangumi\obj\x64\Debug\Controls\BookChapter.xaml;C:\Users\wangsychn\Documents\GitHub\Bangumi\Bangumi\obj\x64\Debug\Controls\AnimeEpisode.xaml;C:\Users\wangsychn\Documents\GitHub\Bangumi\Bangumi\obj\x64\Debug\Controls\InAppNotification.xaml;C:\Users\wangsychn\Documents\GitHub\Bangumi\Bangumi\obj\x64\Debug\Controls\RateTemplateDictionary.xaml;C:\Users\wangsychn\Documents\GitHub\Bangumi\Bangumi\obj\x64\Debug\Controls\TitleBar\TitleBarDictionary.xaml;C:\Users\wangsychn\Documents\GitHub\Bangumi\Bangumi\obj\x64\Debug\Controls\TitleBar\TitleBarEx.xaml;C:\Users\wangsychn\Documents\GitHub\Bangumi\Bangumi\obj\x64\Debug\Views\CollectionPage.xaml;C:\Users\wangsychn\Documents\GitHub\Bangumi\Bangumi\obj\x64\Debug\Views\DetailPage.xaml;C:\Users\wangsychn\Documents\GitHub\Bangumi\Bangumi\obj\x64\Debug\Views\EpisodePage.xaml;C:\Users\wangsychn\Documents\GitHub\Bangumi\Bangumi\obj\x64\Debug\Views\HomePage.xaml;C:\Users\wangsychn\Documents\GitHub\Bangumi\Bangumi\obj\x64\Debug\Themes\Generic.xaml;C:\Users\wangsychn\Documents\GitHub\Bangumi\Bangumi\obj\x64\Debug\Views\LoginPage.xaml;C:\Users\wangsychn\Documents\GitHub\Bangumi\Bangumi\obj\x64\Debug\Views\ProgressPage.xaml;C:\Users\wangsychn\Documents\GitHub\Bangumi\Bangumi\obj\x64\Debug\Views\SearchPage.xaml;C:\Users\wangsychn\Documents\GitHub\Bangumi\Bangumi\obj\x64\Debug\Views\ShellPlaceholderPage.xaml;C:\Users\wangsychn\Documents\GitHub\Bangumi\Bangumi\obj\x64\Debug\Views\SettingsPage.xaml;C:\Users\wangsychn\Documents\GitHub\Bangumi\Bangumi\obj\x64\Debug\Views\CalendarPage.xaml;C:\Users\wangsychn\Documents\GitHub\Bangumi\Bangumi\obj\x64\Debug\App.xaml;C:\Users\wangsychn\Documents\GitHub\Bangumi\Bangumi\obj\x64\Debug\ContentDialogs\CollectionEditContentDialog.xaml;C:\Users\wangsychn\Documents\GitHub\Bangumi\Bangumi\obj\x64\Debug\ContentDialogs\SitesContentDialog.xaml;C:\Users\wangsychn\Documents\GitHub\Bangumi\Bangumi\obj\x64\Debug\Controls\MusicDisk.xaml;C:\Users\wangsychn\Documents\GitHub\Bangumi\Bangumi\obj\x64\Debug\Controls\GameSubject.xaml;C:\Users\wangsychn\Documents\GitHub\Bangumi\Bangumi\obj\x64\Debug\Controls\BookChapter.xaml;C:\Users\wangsychn\Documents\GitHub\Bangumi\Bangumi\obj\x64\Debug\Controls\AnimeEpisode.xaml;C:\Users\wangsychn\Documents\GitHub\Bangumi\Bangumi\obj\x64\Debug\Controls\InAppNotification.xaml;C:\Users\wangsychn\Documents\GitHub\Bangumi\Bangumi\obj\x64\Debug\Controls\RateTemplateDictionary.xaml;C:\Users\wangsychn\Documents\GitHub\Bangumi\Bangumi\obj\x64\Debug\Controls\TitleBar\TitleBarDictionary.xaml;C:\Users\wangsychn\Documents\GitHub\Bangumi\Bangumi\obj\x64\Debug\Controls\TitleBar\TitleBarEx.xaml;C:\Users\wangsychn\Documents\GitHub\Bangumi\Bangumi\obj\x64\Debug\MainPage.xaml;C:\Users\wangsychn\Documents\GitHub\Bangumi\Bangumi\obj\x64\Debug\Views\CollectionPage.xaml;C:\Users\wangsychn\Documents\GitHub\Bangumi\Bangumi\obj\x64\Debug\Views\DetailPage.xaml;C:\Users\wangsychn\Documents\GitHub\Bangumi\Bangumi\obj\x64\Debug\Views\EpisodePage.xaml;C:\Users\wangsychn\Documents\GitHub\Bangumi\Bangumi\obj\x64\Debug\Views\HomePage.xaml;C:\Users\wangsychn\Documents\GitHub\Bangumi\Bangumi\obj\x64\Debug\Themes\Generic.xaml;C:\Users\wangsychn\Documents\GitHub\Bangumi\Bangumi\obj\x64\Debug\Views\LoginPage.xaml;C:\Users\wangsychn\Documents\GitHub\Bangumi\Bangumi\obj\x64\Debug\Views\ProgressPage.xaml;C:\Users\wangsychn\Documents\GitHub\Bangumi\Bangumi\obj\x64\Debug\Views\SearchPage.xaml;C:\Users\wangsychn\Documents\GitHub\Bangumi\Bangumi\obj\x64\Debug\Views\ShellPlaceholderPage.xaml;C:\Users\wangsychn\Documents\GitHub\Bangumi\Bangumi\obj\x64\Debug\Views\SettingsPage.xaml;C:\Users\wangsychn\Documents\GitHub\Bangumi\Bangumi\obj\x64\Debug\Views\CalendarPage.xaml'
         (Out) GeneratedXbfFiles: 'C:\Users\wangsychn\Documents\GitHub\Bangumi\Bangumi\obj\x64\Debug\App.xbf;C:\Users\wangsychn\Documents\GitHub\Bangumi\Bangumi\obj\x64\Debug\ContentDialogs\CollectionEditContentDialog.xbf;C:\Users\wangsychn\Documents\GitHub\Bangumi\Bangumi\obj\x64\Debug\ContentDialogs\SitesContentDialog.xbf;C:\Users\wangsychn\Documents\GitHub\Bangumi\Bangumi\obj\x64\Debug\Controls\MusicDisk.xbf;C:\Users\wangsychn\Documents\GitHub\Bangumi\Bangumi\obj\x64\Debug\Controls\GameSubject.xbf;C:\Users\wangsychn\Documents\GitHub\Bangumi\Bangumi\obj\x64\Debug\Controls\BookChapter.xbf;C:\Users\wangsychn\Documents\GitHub\Bangumi\Bangumi\obj\x64\Debug\Controls\AnimeEpisode.xbf;C:\Users\wangsychn\Documents\GitHub\Bangumi\Bangumi\obj\x64\Debug\Controls\InAppNotification.xbf;C:\Users\wangsychn\Documents\GitHub\Bangumi\Bangumi\obj\x64\Debug\Controls\RateTemplateDictionary.xbf;C:\Users\wangsychn\Documents\GitHub\Bangumi\Bangumi\obj\x64\Debug\Controls\TitleBar\TitleBarDictionary.xbf;C:\Users\wangsychn\Documents\GitHub\Bangumi\Bangumi\obj\x64\Debug\Controls\TitleBar\TitleBarEx.xbf;C:\Users\wangsychn\Documents\GitHub\Bangumi\Bangumi\obj\x64\Debug\Views\CollectionPage.xbf;C:\Users\wangsychn\Documents\GitHub\Bangumi\Bangumi\obj\x64\Debug\Views\DetailPage.xbf;C:\Users\wangsychn\Documents\GitHub\Bangumi\Bangumi\obj\x64\Debug\Views\EpisodePage.xbf;C:\Users\wangsychn\Documents\GitHub\Bangumi\Bangumi\obj\x64\Debug\Views\HomePage.xbf;C:\Users\wangsychn\Documents\GitHub\Bangumi\Bangumi\obj\x64\Debug\Themes\Generic.xbf;C:\Users\wangsychn\Documents\GitHub\Bangumi\Bangumi\obj\x64\Debug\Views\LoginPage.xbf;C:\Users\wangsychn\Documents\GitHub\Bangumi\Bangumi\obj\x64\Debug\Views\ProgressPage.xbf;C:\Users\wangsychn\Documents\GitHub\Bangumi\Bangumi\obj\x64\Debug\Views\SearchPage.xbf;C:\Users\wangsychn\Documents\GitHub\Bangumi\Bangumi\obj\x64\Debug\Views\ShellPlaceholderPage.xbf;C:\Users\wangsychn\Documents\GitHub\Bangumi\Bangumi\obj\x64\Debug\Views\SettingsPage.xbf;C:\Users\wangsychn\Documents\GitHub\Bangumi\Bangumi\obj\x64\Debug\Views\CalendarPage.xbf;C:\Users\wangsychn\Documents\GitHub\Bangumi\Bangumi\obj\x64\Debug\MainPage.xbf'
         (Out) Compile: 'App.xaml.cs;BackgroundTasks\BackgroundActivity.cs;BackgroundTasks\ToastBackgroundTask.cs;Common\Constants.cs;Common\Converters.cs;Common\ViewModelBase.cs;ContentDialogs\CollectionEditContentDialog.xaml.cs;ContentDialogs\SitesContentDialog.xaml.cs;Controls\MusicDisk.xaml.cs;Controls\GameSubject.xaml.cs;Controls\BookChapter.xaml.cs;Controls\AnimeEpisode.xaml.cs;Controls\InAppNotification.xaml.cs;Controls\ItemsStretchWrapGrid.cs;Controls\TitleBar\TitleBarEx.xaml.cs;Controls\RateTemplateDictionary.xaml.cs;Helper\CollectionHelper.cs;Helper\EncryptionHelper.cs;Helper\FileSizeHelper.cs;Helper\NetworkHelper.cs;Helper\NotificationHelper.cs;Helper\OAuthHelper.cs;Helper\SettingHelper.cs;Helper\Singleton.cs;Helper\ToastNotificationHelper.cs;MainPage.xaml.cs;ViewModels\CollectionViewModel.cs;ViewModels\DetailViewModel.cs;ViewModels\EpisodeViewModel.cs;ViewModels\ProgressViewModel.cs;ViewModels\SearchViewModel.cs;ViewModels\SettingViewModel.cs;ViewModels\CalendarViewModel.cs;Views\CollectionPage.xaml.cs;Views\DetailPage.xaml.cs;Views\EpisodePage.xaml.cs;Views\HomePage.xaml.cs;Views\IPageStatus.cs;Views\LoginPage.xaml.cs;Views\ProgressPage.xaml.cs;Views\SearchPage.xaml.cs;Views\ShellPlaceholderPage.xaml.cs;Views\SettingsPage.xaml.cs;Views\CalendarPage.xaml.cs;Properties\AssemblyInfo.cs;C:\Users\wangsychn\Documents\GitHub\Bangumi\Bangumi\obj\x64\Debug\App.g.i.cs;C:\Users\wangsychn\Documents\GitHub\Bangumi\Bangumi\obj\x64\Debug\App.g.cs;C:\Users\wangsychn\Documents\GitHub\Bangumi\Bangumi\obj\x64\Debug\ContentDialogs\CollectionEditContentDialog.g.i.cs;C:\Users\wangsychn\Documents\GitHub\Bangumi\Bangumi\obj\x64\Debug\ContentDialogs\CollectionEditContentDialog.g.cs;C:\Users\wangsychn\Documents\GitHub\Bangumi\Bangumi\obj\x64\Debug\ContentDialogs\SitesContentDialog.g.i.cs;C:\Users\wangsychn\Documents\GitHub\Bangumi\Bangumi\obj\x64\Debug\ContentDialogs\SitesContentDialog.g.cs;C:\Users\wangsychn\Documents\GitHub\Bangumi\Bangumi\obj\x64\Debug\Controls\MusicDisk.g.i.cs;C:\Users\wangsychn\Documents\GitHub\Bangumi\Bangumi\obj\x64\Debug\Controls\MusicDisk.g.cs;C:\Users\wangsychn\Documents\GitHub\Bangumi\Bangumi\obj\x64\Debug\Controls\GameSubject.g.i.cs;C:\Users\wangsychn\Documents\GitHub\Bangumi\Bangumi\obj\x64\Debug\Controls\GameSubject.g.cs;C:\Users\wangsychn\Documents\GitHub\Bangumi\Bangumi\obj\x64\Debug\Controls\BookChapter.g.i.cs;C:\Users\wangsychn\Documents\GitHub\Bangumi\Bangumi\obj\x64\Debug\Controls\BookChapter.g.cs;C:\Users\wangsychn\Documents\GitHub\Bangumi\Bangumi\obj\x64\Debug\Controls\AnimeEpisode.g.i.cs;C:\Users\wangsychn\Documents\GitHub\Bangumi\Bangumi\obj\x64\Debug\Controls\AnimeEpisode.g.cs;C:\Users\wangsychn\Documents\GitHub\Bangumi\Bangumi\obj\x64\Debug\Controls\InAppNotification.g.i.cs;C:\Users\wangsychn\Documents\GitHub\Bangumi\Bangumi\obj\x64\Debug\Controls\InAppNotification.g.cs;C:\Users\wangsychn\Documents\GitHub\Bangumi\Bangumi\obj\x64\Debug\Controls\RateTemplateDictionary.g.i.cs;C:\Users\wangsychn\Documents\GitHub\Bangumi\Bangumi\obj\x64\Debug\Controls\RateTemplateDictionary.g.cs;C:\Users\wangsychn\Documents\GitHub\Bangumi\Bangumi\obj\x64\Debug\Controls\TitleBar\TitleBarEx.g.i.cs;C:\Users\wangsychn\Documents\GitHub\Bangumi\Bangumi\obj\x64\Debug\Controls\TitleBar\TitleBarEx.g.cs;C:\Users\wangsychn\Documents\GitHub\Bangumi\Bangumi\obj\x64\Debug\MainPage.g.i.cs;C:\Users\wangsychn\Documents\GitHub\Bangumi\Bangumi\obj\x64\Debug\MainPage.g.cs;C:\Users\wangsychn\Documents\GitHub\Bangumi\Bangumi\obj\x64\Debug\Views\CollectionPage.g.i.cs;C:\Users\wangsychn\Documents\GitHub\Bangumi\Bangumi\obj\x64\Debug\Views\CollectionPage.g.cs;C:\Users\wangsychn\Documents\GitHub\Bangumi\Bangumi\obj\x64\Debug\Views\DetailPage.g.i.cs;C:\Users\wangsychn\Documents\GitHub\Bangumi\Bangumi\obj\x64\Debug\Views\DetailPage.g.cs;C:\Users\wangsychn\Documents\GitHub\Bangumi\Bangumi\obj\x64\Debug\Views\EpisodePage.g.i.cs;C:\Users\wangsychn\Documents\GitHub\Bangumi\Bangumi\obj\x64\Debug\Views\EpisodePage.g.cs;C:\Users\wangsychn\Documents\GitHub\Bangumi\Bangumi\obj\x64\Debug\Views\HomePage.g.i.cs;C:\Users\wangsychn\Documents\GitHub\Bangumi\Bangumi\obj\x64\Debug\Views\HomePage.g.cs;C:\Users\wangsychn\Documents\GitHub\Bangumi\Bangumi\obj\x64\Debug\Views\LoginPage.g.i.cs;C:\Users\wangsychn\Documents\GitHub\Bangumi\Bangumi\obj\x64\Debug\Views\LoginPage.g.cs;C:\Users\wangsychn\Documents\GitHub\Bangumi\Bangumi\obj\x64\Debug\Views\ProgressPage.g.i.cs;C:\Users\wangsychn\Documents\GitHub\Bangumi\Bangumi\obj\x64\Debug\Views\ProgressPage.g.cs;C:\Users\wangsychn\Documents\GitHub\Bangumi\Bangumi\obj\x64\Debug\Views\SearchPage.g.i.cs;C:\Users\wangsychn\Documents\GitHub\Bangumi\Bangumi\obj\x64\Debug\Views\SearchPage.g.cs;C:\Users\wangsychn\Documents\GitHub\Bangumi\Bangumi\obj\x64\Debug\Views\ShellPlaceholderPage.g.i.cs;C:\Users\wangsychn\Documents\GitHub\Bangumi\Bangumi\obj\x64\Debug\Views\ShellPlaceholderPage.g.cs;C:\Users\wangsychn\Documents\GitHub\Bangumi\Bangumi\obj\x64\Debug\Views\SettingsPage.g.i.cs;C:\Users\wangsychn\Documents\GitHub\Bangumi\Bangumi\obj\x64\Debug\Views\SettingsPage.g.cs;C:\Users\wangsychn\Documents\GitHub\Bangumi\Bangumi\obj\x64\Debug\Views\CalendarPage.g.i.cs;C:\Users\wangsychn\Documents\GitHub\Bangumi\Bangumi\obj\x64\Debug\Views\CalendarPage.g.cs;C:\Users\wangsychn\Documents\GitHub\Bangumi\Bangumi\obj\x64\Debug\XamlTypeInfo.g.cs'
       XamlPreCompile:
         C:\Program Files\Microsoft Visual Studio\2022\Community\MSBuild\Current\Bin\Roslyn\csc.exe /noconfig /nowarn:2008,1701,1702 /fullpaths /nostdlib+ /platform:x64 /errorreport:prompt /warn:0 /define:DEBUG;TRACE;NETFX_CORE;WINDOWS_UWP;CODE_ANALYSIS /highentropyva+ /reference:C:\Users\wangsychn\Documents\GitHub\Bangumi\Bangumi.Api\bin\Debug\netstandard2.0\Bangumi.Api.dll /reference:C:\Users\wangsychn\Documents\GitHub\Bangumi\Bangumi.Data\bin\Debug\netstandard2.0\Bangumi.Data.dll /reference:C:\Users\wangsychn\.nuget\packages\colorcode.core\2.0.6\lib\netstandard1.4\ColorCode.Core.dll /reference:C:\Users\wangsychn\.nuget\packages\colorcode.uwp\2.0.6\lib\uap10.0\ColorCode.UWP.dll /reference:C:\Users\wangsychn\.nuget\packages\flurl\4.0.0\lib\netstandard2.0\Flurl.dll /reference:C:\Users\wangsychn\.nuget\packages\flurl.http\4.0.2\lib\netstandard2.0\Flurl.Http.dll /reference:C:\Users\wangsychn\.nuget\packages\microsoft.bcl.asyncinterfaces\6.0.0\lib\netstandard2.0\Microsoft.Bcl.AsyncInterfaces.dll /reference:C:\Users\wangsychn\.nuget\packages\microsoft.bcl.timeprovider\8.0.0\lib\netstandard2.0\Microsoft.Bcl.TimeProvider.dll /reference:"C:\Program Files (x86)\Microsoft SDKs\UWPNuGetPackages\microsoft.netcore.universalwindowsplatform\6.2.14\ref\uap10.0.15138\Microsoft.CSharp.dll" /reference:C:\Users\wangsychn\.nuget\packages\win2d.uwp\1.25.0\lib\uap10.0\Microsoft.Graphics.Canvas.winmd /reference:C:\Users\wangsychn\.nuget\packages\microsoft.toolkit\7.1.2\lib\netstandard2.0\Microsoft.Toolkit.dll /reference:C:\Users\wangsychn\.nuget\packages\microsoft.toolkit.uwp.connectivity\7.1.3\lib\uap10.0.17763\Microsoft.Toolkit.Uwp.Connectivity.dll /reference:C:\Users\wangsychn\.nuget\packages\microsoft.toolkit.uwp\7.1.3\lib\uap10.0.17763\Microsoft.Toolkit.Uwp.dll /reference:C:\Users\wangsychn\.nuget\packages\microsoft.toolkit.uwp.notifications\7.1.3\lib\uap10.0.16299\Microsoft.Toolkit.Uwp.Notifications.dll /reference:C:\Users\wangsychn\.nuget\packages\microsoft.toolkit.uwp.ui.controls.core\7.1.3\lib\uap10.0.17763\Microsoft.Toolkit.Uwp.UI.Controls.Core.dll /reference:C:\Users\wangsychn\.nuget\packages\microsoft.toolkit.uwp.ui.controls.datagrid\7.1.3\lib\uap10.0.17763\Microsoft.Toolkit.Uwp.UI.Controls.DataGrid.dll /reference:C:\Users\wangsychn\.nuget\packages\microsoft.toolkit.uwp.ui.controls.input\7.1.3\lib\uap10.0.17763\Microsoft.Toolkit.Uwp.UI.Controls.Input.dll /reference:C:\Users\wangsychn\.nuget\packages\microsoft.toolkit.uwp.ui.controls.layout\7.1.3\lib\uap10.0.17763\Microsoft.Toolkit.Uwp.UI.Controls.Layout.dll /reference:C:\Users\wangsychn\.nuget\packages\microsoft.toolkit.uwp.ui.controls.markdown\7.1.3\lib\uap10.0.17763\Microsoft.Toolkit.Uwp.UI.Controls.Markdown.dll /reference:C:\Users\wangsychn\.nuget\packages\microsoft.toolkit.uwp.ui.controls.media\7.1.3\lib\uap10.0.17763\Microsoft.Toolkit.Uwp.UI.Controls.Media.dll /reference:C:\Users\wangsychn\.nuget\packages\microsoft.toolkit.uwp.ui.controls.primitives\7.1.3\lib\uap10.0.17763\Microsoft.Toolkit.Uwp.UI.Controls.Primitives.dll /reference:C:\Users\wangsychn\.nuget\packages\microsoft.toolkit.uwp.ui\7.1.3\lib\uap10.0.17763\Microsoft.Toolkit.Uwp.UI.dll /reference:"C:\Program Files (x86)\Windows Kits\10\bin\10.0.19041.0\XamlCompiler\Microsoft.UI.Xaml.Markup.winmd" /reference:C:\Users\wangsychn\.nuget\packages\microsoft.ui.xaml\2.8.6\lib\uap10.0\Microsoft.UI.Xaml.winmd /reference:"C:\Program Files (x86)\Microsoft SDKs\UWPNuGetPackages\microsoft.netcore.universalwindowsplatform\6.2.14\ref\uap10.0.15138\Microsoft.VisualBasic.dll" /reference:C:\Users\wangsychn\.nuget\packages\microsoft.web.webview2\1.0.1264.42\lib\Microsoft.Web.WebView2.Core.winmd /reference:"C:\Program Files (x86)\Microsoft SDKs\UWPNuGetPackages\microsoft.netcore.universalwindowsplatform\6.2.14\ref\uap10.0.15138\Microsoft.Win32.Primitives.dll" /reference:"C:\Program Files (x86)\Microsoft SDKs\UWPNuGetPackages\microsoft.netcore.universalwindowsplatform\6.2.14\ref\uap10.0.15138\mscorlib.dll" /reference:"C:\Program Files (x86)\Microsoft SDKs\UWPNuGetPackages\microsoft.netcore.universalwindowsplatform\6.2.14\ref\uap10.0.15138\netstandard.dll" /reference:C:\Users\wangsychn\.nuget\packages\polly.core\8.4.1\lib\netstandard2.0\Polly.Core.dll /reference:C:\Users\wangsychn\.nuget\packages\polly\8.4.1\lib\netstandard2.0\Polly.dll /reference:C:\Users\wangsychn\.nuget\packages\querystring.net\1.0.0\lib\dotnet\QueryString.NETCore.dll /reference:"C:\Program Files (x86)\Microsoft SDKs\UWPNuGetPackages\microsoft.netcore.universalwindowsplatform\6.2.14\ref\uap10.0.15138\System.AppContext.dll" /reference:"C:\Program Files (x86)\Microsoft SDKs\UWPNuGetPackages\microsoft.netcore.universalwindowsplatform\6.2.14\ref\uap10.0.15138\System.Buffers.dll" /reference:"C:\Program Files (x86)\Microsoft SDKs\UWPNuGetPackages\microsoft.netcore.universalwindowsplatform\6.2.14\ref\uap10.0.15138\System.Collections.Concurrent.dll" /reference:"C:\Program Files (x86)\Microsoft SDKs\UWPNuGetPackages\microsoft.netcore.universalwindowsplatform\6.2.14\ref\uap10.0.15138\System.Collections.dll" /reference:"C:\Program Files (x86)\Microsoft SDKs\UWPNuGetPackages\microsoft.netcore.universalwindowsplatform\6.2.14\ref\uap10.0.15138\System.Collections.Immutable.dll" /reference:"C:\Program Files (x86)\Microsoft SDKs\UWPNuGetPackages\microsoft.netcore.universalwindowsplatform\6.2.14\ref\uap10.0.15138\System.Collections.NonGeneric.dll" /reference:"C:\Program Files (x86)\Microsoft SDKs\UWPNuGetPackages\microsoft.netcore.universalwindowsplatform\6.2.14\ref\uap10.0.15138\System.Collections.Specialized.dll" /reference:"C:\Program Files (x86)\Microsoft SDKs\UWPNuGetPackages\microsoft.netcore.universalwindowsplatform\6.2.14\ref\uap10.0.15138\System.ComponentModel.Annotations.dll" /reference:"C:\Program Files (x86)\Microsoft SDKs\UWPNuGetPackages\microsoft.netcore.universalwindowsplatform\6.2.14\ref\uap10.0.15138\System.ComponentModel.Composition.dll" /reference:"C:\Program Files (x86)\Microsoft SDKs\UWPNuGetPackages\microsoft.netcore.universalwindowsplatform\6.2.14\ref\uap10.0.15138\System.ComponentModel.DataAnnotations.dll" /reference:"C:\Program Files (x86)\Microsoft SDKs\UWPNuGetPackages\microsoft.netcore.universalwindowsplatform\6.2.14\ref\uap10.0.15138\System.ComponentModel.dll" /reference:"C:\Program Files (x86)\Microsoft SDKs\UWPNuGetPackages\microsoft.netcore.universalwindowsplatform\6.2.14\ref\uap10.0.15138\System.ComponentModel.EventBasedAsync.dll" /reference:"C:\Program Files (x86)\Microsoft SDKs\UWPNuGetPackages\microsoft.netcore.universalwindowsplatform\6.2.14\ref\uap10.0.15138\System.ComponentModel.Primitives.dll" /reference:"C:\Program Files (x86)\Microsoft SDKs\UWPNuGetPackages\microsoft.netcore.universalwindowsplatform\6.2.14\ref\uap10.0.15138\System.ComponentModel.TypeConverter.dll" /reference:"C:\Program Files (x86)\Microsoft SDKs\UWPNuGetPackages\microsoft.netcore.universalwindowsplatform\6.2.14\ref\uap10.0.15138\System.Configuration.dll" /reference:"C:\Program Files (x86)\Microsoft SDKs\UWPNuGetPackages\microsoft.netcore.universalwindowsplatform\6.2.14\ref\uap10.0.15138\System.Console.dll" /reference:"C:\Program Files (x86)\Microsoft SDKs\UWPNuGetPackages\microsoft.netcore.universalwindowsplatform\6.2.14\ref\uap10.0.15138\System.Core.dll" /reference:"C:\Program Files (x86)\Microsoft SDKs\UWPNuGetPackages\microsoft.netcore.universalwindowsplatform\6.2.14\ref\uap10.0.15138\System.Data.Common.dll" /reference:"C:\Program Files (x86)\Microsoft SDKs\UWPNuGetPackages\microsoft.netcore.universalwindowsplatform\6.2.14\ref\uap10.0.15138\System.Data.dll" /reference:"C:\Program Files (x86)\Microsoft SDKs\UWPNuGetPackages\microsoft.netcore.universalwindowsplatform\6.2.14\ref\uap10.0.15138\System.Data.SqlClient.dll" /reference:"C:\Program Files (x86)\Microsoft SDKs\UWPNuGetPackages\microsoft.netcore.universalwindowsplatform\6.2.14\ref\uap10.0.15138\System.Diagnostics.Contracts.dll" /reference:"C:\Program Files (x86)\Microsoft SDKs\UWPNuGetPackages\microsoft.netcore.universalwindowsplatform\6.2.14\ref\uap10.0.15138\System.Diagnostics.Debug.dll" /reference:"C:\Program Files (x86)\Microsoft SDKs\UWPNuGetPackages\microsoft.netcore.universalwindowsplatform\6.2.14\ref\uap10.0.15138\System.Diagnostics.FileVersionInfo.dll" /reference:"C:\Program Files (x86)\Microsoft SDKs\UWPNuGetPackages\microsoft.netcore.universalwindowsplatform\6.2.14\ref\uap10.0.15138\System.Diagnostics.Process.dll" /reference:"C:\Program Files (x86)\Microsoft SDKs\UWPNuGetPackages\microsoft.netcore.universalwindowsplatform\6.2.14\ref\uap10.0.15138\System.Diagnostics.StackTrace.dll" /reference:"C:\Program Files (x86)\Microsoft SDKs\UWPNuGetPackages\microsoft.netcore.universalwindowsplatform\6.2.14\ref\uap10.0.15138\System.Diagnostics.TextWriterTraceListener.dll" /reference:"C:\Program Files (x86)\Microsoft SDKs\UWPNuGetPackages\microsoft.netcore.universalwindowsplatform\6.2.14\ref\uap10.0.15138\System.Diagnostics.Tools.dll" /reference:"C:\Program Files (x86)\Microsoft SDKs\UWPNuGetPackages\microsoft.netcore.universalwindowsplatform\6.2.14\ref\uap10.0.15138\System.Diagnostics.TraceSource.dll" /reference:"C:\Program Files (x86)\Microsoft SDKs\UWPNuGetPackages\microsoft.netcore.universalwindowsplatform\6.2.14\ref\uap10.0.15138\System.Diagnostics.Tracing.dll" /reference:"C:\Program Files (x86)\Microsoft SDKs\UWPNuGetPackages\microsoft.netcore.universalwindowsplatform\6.2.14\ref\uap10.0.15138\System.dll" /reference:"C:\Program Files (x86)\Microsoft SDKs\UWPNuGetPackages\microsoft.netcore.universalwindowsplatform\6.2.14\ref\uap10.0.15138\System.Drawing.dll" /reference:"C:\Program Files (x86)\Microsoft SDKs\UWPNuGetPackages\microsoft.netcore.universalwindowsplatform\6.2.14\ref\uap10.0.15138\System.Drawing.Primitives.dll" /reference:"C:\Program Files (x86)\Microsoft SDKs\UWPNuGetPackages\microsoft.netcore.universalwindowsplatform\6.2.14\ref\uap10.0.15138\System.Dynamic.Runtime.dll" /reference:"C:\Program Files (x86)\Microsoft SDKs\UWPNuGetPackages\microsoft.netcore.universalwindowsplatform\6.2.14\ref\uap10.0.15138\System.Globalization.Calendars.dll" /reference:"C:\Program Files (x86)\Microsoft SDKs\UWPNuGetPackages\microsoft.netcore.universalwindowsplatform\6.2.14\ref\uap10.0.15138\System.Globalization.dll" /reference:"C:\Program Files (x86)\Microsoft SDKs\UWPNuGetPackages\microsoft.netcore.universalwindowsplatform\6.2.14\ref\uap10.0.15138\System.Globalization.Extensions.dll" /reference:"C:\Program Files (x86)\Microsoft SDKs\UWPNuGetPackages\microsoft.netcore.universalwindowsplatform\6.2.14\ref\uap10.0.15138\System.IO.Compression.dll" /reference:"C:\Program Files (x86)\Microsoft SDKs\UWPNuGetPackages\microsoft.netcore.universalwindowsplatform\6.2.14\ref\uap10.0.15138\System.IO.Compression.FileSystem.dll" /reference:"C:\Program Files (x86)\Microsoft SDKs\UWPNuGetPackages\microsoft.netcore.universalwindowsplatform\6.2.14\ref\uap10.0.15138\System.IO.Compression.ZipFile.dll" /reference:"C:\Program Files (x86)\Microsoft SDKs\UWPNuGetPackages\microsoft.netcore.universalwindowsplatform\6.2.14\ref\uap10.0.15138\System.IO.dll" /reference:"C:\Program Files (x86)\Microsoft SDKs\UWPNuGetPackages\microsoft.netcore.universalwindowsplatform\6.2.14\ref\uap10.0.15138\System.IO.FileSystem.dll" /reference:"C:\Program Files (x86)\Microsoft SDKs\UWPNuGetPackages\microsoft.netcore.universalwindowsplatform\6.2.14\ref\uap10.0.15138\System.IO.FileSystem.DriveInfo.dll" /reference:"C:\Program Files (x86)\Microsoft SDKs\UWPNuGetPackages\microsoft.netcore.universalwindowsplatform\6.2.14\ref\uap10.0.15138\System.IO.FileSystem.Primitives.dll" /reference:"C:\Program Files (x86)\Microsoft SDKs\UWPNuGetPackages\microsoft.netcore.universalwindowsplatform\6.2.14\ref\uap10.0.15138\System.IO.FileSystem.Watcher.dll" /reference:"C:\Program Files (x86)\Microsoft SDKs\UWPNuGetPackages\microsoft.netcore.universalwindowsplatform\6.2.14\ref\uap10.0.15138\System.IO.IsolatedStorage.dll" /reference:"C:\Program Files (x86)\Microsoft SDKs\UWPNuGetPackages\microsoft.netcore.universalwindowsplatform\6.2.14\ref\uap10.0.15138\System.IO.MemoryMappedFiles.dll" /reference:"C:\Program Files (x86)\Microsoft SDKs\UWPNuGetPackages\microsoft.netcore.universalwindowsplatform\6.2.14\ref\uap10.0.15138\System.IO.Pipes.dll" /reference:"C:\Program Files (x86)\Microsoft SDKs\UWPNuGetPackages\microsoft.netcore.universalwindowsplatform\6.2.14\ref\uap10.0.15138\System.IO.Ports.dll" /reference:"C:\Program Files (x86)\Microsoft SDKs\UWPNuGetPackages\microsoft.netcore.universalwindowsplatform\6.2.14\ref\uap10.0.15138\System.IO.UnmanagedMemoryStream.dll" /reference:"C:\Program Files (x86)\Microsoft SDKs\UWPNuGetPackages\microsoft.netcore.universalwindowsplatform\6.2.14\ref\uap10.0.15138\System.Linq.dll" /reference:"C:\Program Files (x86)\Microsoft SDKs\UWPNuGetPackages\microsoft.netcore.universalwindowsplatform\6.2.14\ref\uap10.0.15138\System.Linq.Expressions.dll" /reference:"C:\Program Files (x86)\Microsoft SDKs\UWPNuGetPackages\microsoft.netcore.universalwindowsplatform\6.2.14\ref\uap10.0.15138\System.Linq.Parallel.dll" /reference:"C:\Program Files (x86)\Microsoft SDKs\UWPNuGetPackages\microsoft.netcore.universalwindowsplatform\6.2.14\ref\uap10.0.15138\System.Linq.Queryable.dll" /reference:C:\Users\wangsychn\.nuget\packages\system.memory\4.5.4\lib\netstandard2.0\System.Memory.dll /reference:"C:\Program Files (x86)\Microsoft SDKs\UWPNuGetPackages\microsoft.netcore.universalwindowsplatform\6.2.14\ref\uap10.0.15138\System.Net.dll" /reference:"C:\Program Files (x86)\Microsoft SDKs\UWPNuGetPackages\microsoft.netcore.universalwindowsplatform\6.2.14\ref\uap10.0.15138\System.Net.Http.dll" /reference:"C:\Program Files (x86)\Microsoft SDKs\UWPNuGetPackages\microsoft.netcore.universalwindowsplatform\6.2.14\ref\uap10.0.15138\System.Net.Http.Rtc.dll" /reference:"C:\Program Files (x86)\Microsoft SDKs\UWPNuGetPackages\microsoft.netcore.universalwindowsplatform\6.2.14\ref\uap10.0.15138\System.Net.HttpListener.dll" /reference:"C:\Program Files (x86)\Microsoft SDKs\UWPNuGetPackages\microsoft.netcore.universalwindowsplatform\6.2.14\ref\uap10.0.15138\System.Net.Mail.dll" /reference:"C:\Program Files (x86)\Microsoft SDKs\UWPNuGetPackages\microsoft.netcore.universalwindowsplatform\6.2.14\ref\uap10.0.15138\System.Net.NameResolution.dll" /reference:"C:\Program Files (x86)\Microsoft SDKs\UWPNuGetPackages\microsoft.netcore.universalwindowsplatform\6.2.14\ref\uap10.0.15138\System.Net.NetworkInformation.dll" /reference:"C:\Program Files (x86)\Microsoft SDKs\UWPNuGetPackages\microsoft.netcore.universalwindowsplatform\6.2.14\ref\uap10.0.15138\System.Net.Ping.dll" /reference:"C:\Program Files (x86)\Microsoft SDKs\UWPNuGetPackages\microsoft.netcore.universalwindowsplatform\6.2.14\ref\uap10.0.15138\System.Net.Primitives.dll" /reference:"C:\Program Files (x86)\Microsoft SDKs\UWPNuGetPackages\microsoft.netcore.universalwindowsplatform\6.2.14\ref\uap10.0.15138\System.Net.Requests.dll" /reference:"C:\Program Files (x86)\Microsoft SDKs\UWPNuGetPackages\microsoft.netcore.universalwindowsplatform\6.2.14\ref\uap10.0.15138\System.Net.Security.dll" /reference:"C:\Program Files (x86)\Microsoft SDKs\UWPNuGetPackages\microsoft.netcore.universalwindowsplatform\6.2.14\ref\uap10.0.15138\System.Net.ServicePoint.dll" /reference:"C:\Program Files (x86)\Microsoft SDKs\UWPNuGetPackages\microsoft.netcore.universalwindowsplatform\6.2.14\ref\uap10.0.15138\System.Net.Sockets.dll" /reference:"C:\Program Files (x86)\Microsoft SDKs\UWPNuGetPackages\microsoft.netcore.universalwindowsplatform\6.2.14\ref\uap10.0.15138\System.Net.WebClient.dll" /reference:"C:\Program Files (x86)\Microsoft SDKs\UWPNuGetPackages\microsoft.netcore.universalwindowsplatform\6.2.14\ref\uap10.0.15138\System.Net.WebHeaderCollection.dll" /reference:"C:\Program Files (x86)\Microsoft SDKs\UWPNuGetPackages\microsoft.netcore.universalwindowsplatform\6.2.14\ref\uap10.0.15138\System.Net.WebProxy.dll" /reference:"C:\Program Files (x86)\Microsoft SDKs\UWPNuGetPackages\microsoft.netcore.universalwindowsplatform\6.2.14\ref\uap10.0.15138\System.Net.WebSockets.Client.dll" /reference:"C:\Program Files (x86)\Microsoft SDKs\UWPNuGetPackages\microsoft.netcore.universalwindowsplatform\6.2.14\ref\uap10.0.15138\System.Net.WebSockets.dll" /reference:"C:\Program Files (x86)\Microsoft SDKs\UWPNuGetPackages\microsoft.netcore.universalwindowsplatform\6.2.14\ref\uap10.0.15138\System.Numerics.dll" /reference:"C:\Program Files (x86)\Microsoft SDKs\UWPNuGetPackages\microsoft.netcore.universalwindowsplatform\6.2.14\ref\uap10.0.15138\System.Numerics.Vectors.dll" /reference:"C:\Program Files (x86)\Microsoft SDKs\UWPNuGetPackages\microsoft.netcore.universalwindowsplatform\6.2.14\ref\uap10.0.15138\System.Numerics.Vectors.WindowsRuntime.dll" /reference:"C:\Program Files (x86)\Microsoft SDKs\UWPNuGetPackages\microsoft.netcore.universalwindowsplatform\6.2.14\ref\uap10.0.15138\System.ObjectModel.dll" /reference:"C:\Program Files (x86)\Microsoft SDKs\UWPNuGetPackages\microsoft.netcore.universalwindowsplatform\6.2.14\ref\uap10.0.15138\System.Reflection.Context.dll" /reference:"C:\Program Files (x86)\Microsoft SDKs\UWPNuGetPackages\microsoft.netcore.universalwindowsplatform\6.2.14\ref\uap10.0.15138\System.Reflection.DispatchProxy.dll" /reference:"C:\Program Files (x86)\Microsoft SDKs\UWPNuGetPackages\microsoft.netcore.universalwindowsplatform\6.2.14\ref\uap10.0.15138\System.Reflection.dll" /reference:"C:\Program Files (x86)\Microsoft SDKs\UWPNuGetPackages\microsoft.netcore.universalwindowsplatform\6.2.14\ref\uap10.0.15138\System.Reflection.Extensions.dll" /reference:"C:\Program Files (x86)\Microsoft SDKs\UWPNuGetPackages\microsoft.netcore.universalwindowsplatform\6.2.14\ref\uap10.0.15138\System.Reflection.Metadata.dll" /reference:"C:\Program Files (x86)\Microsoft SDKs\UWPNuGetPackages\microsoft.netcore.universalwindowsplatform\6.2.14\ref\uap10.0.15138\System.Reflection.Primitives.dll" /reference:"C:\Program Files (x86)\Microsoft SDKs\UWPNuGetPackages\microsoft.netcore.universalwindowsplatform\6.2.14\ref\uap10.0.15138\System.Reflection.TypeExtensions.dll" /reference:"C:\Program Files (x86)\Microsoft SDKs\UWPNuGetPackages\microsoft.netcore.universalwindowsplatform\6.2.14\ref\uap10.0.15138\System.Resources.Reader.dll" /reference:"C:\Program Files (x86)\Microsoft SDKs\UWPNuGetPackages\microsoft.netcore.universalwindowsplatform\6.2.14\ref\uap10.0.15138\System.Resources.ResourceManager.dll" /reference:"C:\Program Files (x86)\Microsoft SDKs\UWPNuGetPackages\microsoft.netcore.universalwindowsplatform\6.2.14\ref\uap10.0.15138\System.Resources.Writer.dll" /reference:C:\Users\wangsychn\.nuget\packages\system.runtime.compilerservices.unsafe\6.0.0\lib\netstandard2.0\System.Runtime.CompilerServices.Unsafe.dll /reference:"C:\Program Files (x86)\Microsoft SDKs\UWPNuGetPackages\microsoft.netcore.universalwindowsplatform\6.2.14\ref\uap10.0.15138\System.Runtime.CompilerServices.VisualC.dll" /reference:"C:\Program Files (x86)\Microsoft SDKs\UWPNuGetPackages\microsoft.netcore.universalwindowsplatform\6.2.14\ref\uap10.0.15138\System.Runtime.dll" /reference:"C:\Program Files (x86)\Microsoft SDKs\UWPNuGetPackages\microsoft.netcore.universalwindowsplatform\6.2.14\ref\uap10.0.15138\System.Runtime.Extensions.dll" /reference:"C:\Program Files (x86)\Microsoft SDKs\UWPNuGetPackages\microsoft.netcore.universalwindowsplatform\6.2.14\ref\uap10.0.15138\System.Runtime.Handles.dll" /reference:"C:\Program Files (x86)\Microsoft SDKs\UWPNuGetPackages\microsoft.netcore.universalwindowsplatform\6.2.14\ref\uap10.0.15138\System.Runtime.InteropServices.dll" /reference:"C:\Program Files (x86)\Microsoft SDKs\UWPNuGetPackages\microsoft.netcore.universalwindowsplatform\6.2.14\ref\uap10.0.15138\System.Runtime.InteropServices.RuntimeInformation.dll" /reference:"C:\Program Files (x86)\Microsoft SDKs\UWPNuGetPackages\microsoft.netcore.universalwindowsplatform\6.2.14\ref\uap10.0.15138\System.Runtime.InteropServices.WindowsRuntime.dll" /reference:"C:\Program Files (x86)\Microsoft SDKs\UWPNuGetPackages\microsoft.netcore.universalwindowsplatform\6.2.14\ref\uap10.0.15138\System.Runtime.Numerics.dll" /reference:"C:\Program Files (x86)\Microsoft SDKs\UWPNuGetPackages\microsoft.netcore.universalwindowsplatform\6.2.14\ref\uap10.0.15138\System.Runtime.Serialization.dll" /reference:"C:\Program Files (x86)\Microsoft SDKs\UWPNuGetPackages\microsoft.netcore.universalwindowsplatform\6.2.14\ref\uap10.0.15138\System.Runtime.Serialization.Formatters.dll" /reference:"C:\Program Files (x86)\Microsoft SDKs\UWPNuGetPackages\microsoft.netcore.universalwindowsplatform\6.2.14\ref\uap10.0.15138\System.Runtime.Serialization.Json.dll" /reference:"C:\Program Files (x86)\Microsoft SDKs\UWPNuGetPackages\microsoft.netcore.universalwindowsplatform\6.2.14\ref\uap10.0.15138\System.Runtime.Serialization.Primitives.dll" /reference:"C:\Program Files (x86)\Microsoft SDKs\UWPNuGetPackages\microsoft.netcore.universalwindowsplatform\6.2.14\ref\uap10.0.15138\System.Runtime.Serialization.Xml.dll" /reference:"C:\Program Files (x86)\Microsoft SDKs\UWPNuGetPackages\microsoft.netcore.universalwindowsplatform\6.2.14\ref\uap10.0.15138\System.Runtime.WindowsRuntime.dll" /reference:"C:\Program Files (x86)\Microsoft SDKs\UWPNuGetPackages\microsoft.netcore.universalwindowsplatform\6.2.14\ref\uap10.0.15138\System.Runtime.WindowsRuntime.UI.Xaml.dll" /reference:"C:\Program Files (x86)\Microsoft SDKs\UWPNuGetPackages\microsoft.netcore.universalwindowsplatform\6.2.14\ref\uap10.0.15138\System.Security.AccessControl.dll" /reference:"C:\Program Files (x86)\Microsoft SDKs\UWPNuGetPackages\microsoft.netcore.universalwindowsplatform\6.2.14\ref\uap10.0.15138\System.Security.Claims.dll" /reference:"C:\Program Files (x86)\Microsoft SDKs\UWPNuGetPackages\microsoft.netcore.universalwindowsplatform\6.2.14\ref\uap10.0.15138\System.Security.Cryptography.Algorithms.dll" /reference:"C:\Program Files (x86)\Microsoft SDKs\UWPNuGetPackages\microsoft.netcore.universalwindowsplatform\6.2.14\ref\uap10.0.15138\System.Security.Cryptography.Cng.dll" /reference:"C:\Program Files (x86)\Microsoft SDKs\UWPNuGetPackages\microsoft.netcore.universalwindowsplatform\6.2.14\ref\uap10.0.15138\System.Security.Cryptography.Csp.dll" /reference:"C:\Program Files (x86)\Microsoft SDKs\UWPNuGetPackages\microsoft.netcore.universalwindowsplatform\6.2.14\ref\uap10.0.15138\System.Security.Cryptography.Encoding.dll" /reference:"C:\Program Files (x86)\Microsoft SDKs\UWPNuGetPackages\microsoft.netcore.universalwindowsplatform\6.2.14\ref\uap10.0.15138\System.Security.Cryptography.Primitives.dll" /reference:"C:\Program Files (x86)\Microsoft SDKs\UWPNuGetPackages\microsoft.netcore.universalwindowsplatform\6.2.14\ref\uap10.0.15138\System.Security.Cryptography.X509Certificates.dll" /reference:"C:\Program Files (x86)\Microsoft SDKs\UWPNuGetPackages\microsoft.netcore.universalwindowsplatform\6.2.14\ref\uap10.0.15138\System.Security.dll" /reference:"C:\Program Files (x86)\Microsoft SDKs\UWPNuGetPackages\microsoft.netcore.universalwindowsplatform\6.2.14\ref\uap10.0.15138\System.Security.Principal.dll" /reference:"C:\Program Files (x86)\Microsoft SDKs\UWPNuGetPackages\microsoft.netcore.universalwindowsplatform\6.2.14\ref\uap10.0.15138\System.Security.Principal.Windows.dll" /reference:"C:\Program Files (x86)\Microsoft SDKs\UWPNuGetPackages\microsoft.netcore.universalwindowsplatform\6.2.14\ref\uap10.0.15138\System.Security.SecureString.dll" /reference:"C:\Program Files (x86)\Microsoft SDKs\UWPNuGetPackages\microsoft.netcore.universalwindowsplatform\6.2.14\ref\uap10.0.15138\System.ServiceModel.dll" /reference:"C:\Program Files (x86)\Microsoft SDKs\UWPNuGetPackages\microsoft.netcore.universalwindowsplatform\6.2.14\ref\uap10.0.15138\System.ServiceModel.Duplex.dll" /reference:"C:\Program Files (x86)\Microsoft SDKs\UWPNuGetPackages\microsoft.netcore.universalwindowsplatform\6.2.14\ref\uap10.0.15138\System.ServiceModel.Http.dll" /reference:"C:\Program Files (x86)\Microsoft SDKs\UWPNuGetPackages\microsoft.netcore.universalwindowsplatform\6.2.14\ref\uap10.0.15138\System.ServiceModel.NetTcp.dll" /reference:"C:\Program Files (x86)\Microsoft SDKs\UWPNuGetPackages\microsoft.netcore.universalwindowsplatform\6.2.14\ref\uap10.0.15138\System.ServiceModel.Primitives.dll" /reference:"C:\Program Files (x86)\Microsoft SDKs\UWPNuGetPackages\microsoft.netcore.universalwindowsplatform\6.2.14\ref\uap10.0.15138\System.ServiceModel.Security.dll" /reference:"C:\Program Files (x86)\Microsoft SDKs\UWPNuGetPackages\microsoft.netcore.universalwindowsplatform\6.2.14\ref\uap10.0.15138\System.ServiceModel.Web.dll" /reference:"C:\Program Files (x86)\Microsoft SDKs\UWPNuGetPackages\microsoft.netcore.universalwindowsplatform\6.2.14\ref\uap10.0.15138\System.ServiceProcess.dll" /reference:C:\Users\wangsychn\.nuget\packages\system.text.encoding.codepages\4.5.1\lib\netstandard2.0\System.Text.Encoding.CodePages.dll /reference:"C:\Program Files (x86)\Microsoft SDKs\UWPNuGetPackages\microsoft.netcore.universalwindowsplatform\6.2.14\ref\uap10.0.15138\System.Text.Encoding.dll" /reference:"C:\Program Files (x86)\Microsoft SDKs\UWPNuGetPackages\microsoft.netcore.universalwindowsplatform\6.2.14\ref\uap10.0.15138\System.Text.Encoding.Extensions.dll" /reference:C:\Users\wangsychn\.nuget\packages\system.text.encodings.web\6.0.0\lib\netstandard2.0\System.Text.Encodings.Web.dll /reference:C:\Users\wangsychn\.nuget\packages\system.text.json\6.0.4\lib\netstandard2.0\System.Text.Json.dll /reference:"C:\Program Files (x86)\Microsoft SDKs\UWPNuGetPackages\microsoft.netcore.universalwindowsplatform\6.2.14\ref\uap10.0.15138\System.Text.RegularExpressions.dll" /reference:"C:\Program Files (x86)\Microsoft SDKs\UWPNuGetPackages\microsoft.netcore.universalwindowsplatform\6.2.14\ref\uap10.0.15138\System.Threading.dll" /reference:"C:\Program Files (x86)\Microsoft SDKs\UWPNuGetPackages\microsoft.netcore.universalwindowsplatform\6.2.14\ref\uap10.0.15138\System.Threading.Overlapped.dll" /reference:"C:\Program Files (x86)\Microsoft SDKs\UWPNuGetPackages\microsoft.netcore.universalwindowsplatform\6.2.14\ref\uap10.0.15138\System.Threading.Tasks.Dataflow.dll" /reference:"C:\Program Files (x86)\Microsoft SDKs\UWPNuGetPackages\microsoft.netcore.universalwindowsplatform\6.2.14\ref\uap10.0.15138\System.Threading.Tasks.dll" /reference:C:\Users\wangsychn\.nuget\packages\system.threading.tasks.extensions\4.5.4\lib\netstandard2.0\System.Threading.Tasks.Extensions.dll /reference:"C:\Program Files (x86)\Microsoft SDKs\UWPNuGetPackages\microsoft.netcore.universalwindowsplatform\6.2.14\ref\uap10.0.15138\System.Threading.Tasks.Parallel.dll" /reference:"C:\Program Files (x86)\Microsoft SDKs\UWPNuGetPackages\microsoft.netcore.universalwindowsplatform\6.2.14\ref\uap10.0.15138\System.Threading.Thread.dll" /reference:"C:\Program Files (x86)\Microsoft SDKs\UWPNuGetPackages\microsoft.netcore.universalwindowsplatform\6.2.14\ref\uap10.0.15138\System.Threading.ThreadPool.dll" /reference:"C:\Program Files (x86)\Microsoft SDKs\UWPNuGetPackages\microsoft.netcore.universalwindowsplatform\6.2.14\ref\uap10.0.15138\System.Threading.Timer.dll" /reference:"C:\Program Files (x86)\Microsoft SDKs\UWPNuGetPackages\microsoft.netcore.universalwindowsplatform\6.2.14\ref\uap10.0.15138\System.Transactions.dll" /reference:"C:\Program Files (x86)\Microsoft SDKs\UWPNuGetPackages\microsoft.netcore.universalwindowsplatform\6.2.14\ref\uap10.0.15138\System.Transactions.Local.dll" /reference:"C:\Program Files (x86)\Microsoft SDKs\UWPNuGetPackages\microsoft.netcore.universalwindowsplatform\6.2.14\ref\uap10.0.15138\System.ValueTuple.dll" /reference:"C:\Program Files (x86)\Microsoft SDKs\UWPNuGetPackages\microsoft.netcore.universalwindowsplatform\6.2.14\ref\uap10.0.15138\System.Web.dll" /reference:"C:\Program Files (x86)\Microsoft SDKs\UWPNuGetPackages\microsoft.netcore.universalwindowsplatform\6.2.14\ref\uap10.0.15138\System.Web.HttpUtility.dll" /reference:"C:\Program Files (x86)\Microsoft SDKs\UWPNuGetPackages\microsoft.netcore.universalwindowsplatform\6.2.14\ref\uap10.0.15138\System.Windows.dll" /reference:"C:\Program Files (x86)\Microsoft SDKs\UWPNuGetPackages\microsoft.netcore.universalwindowsplatform\6.2.14\ref\uap10.0.15138\System.Xml.dll" /reference:"C:\Program Files (x86)\Microsoft SDKs\UWPNuGetPackages\microsoft.netcore.universalwindowsplatform\6.2.14\ref\uap10.0.15138\System.Xml.Linq.dll" /reference:"C:\Program Files (x86)\Microsoft SDKs\UWPNuGetPackages\microsoft.netcore.universalwindowsplatform\6.2.14\ref\uap10.0.15138\System.Xml.ReaderWriter.dll" /reference:"C:\Program Files (x86)\Microsoft SDKs\UWPNuGetPackages\microsoft.netcore.universalwindowsplatform\6.2.14\ref\uap10.0.15138\System.Xml.Serialization.dll" /reference:"C:\Program Files (x86)\Microsoft SDKs\UWPNuGetPackages\microsoft.netcore.universalwindowsplatform\6.2.14\ref\uap10.0.15138\System.Xml.XDocument.dll" /reference:"C:\Program Files (x86)\Microsoft SDKs\UWPNuGetPackages\microsoft.netcore.universalwindowsplatform\6.2.14\ref\uap10.0.15138\System.Xml.XmlDocument.dll" /reference:"C:\Program Files (x86)\Microsoft SDKs\UWPNuGetPackages\microsoft.netcore.universalwindowsplatform\6.2.14\ref\uap10.0.15138\System.Xml.XmlSerializer.dll" /reference:"C:\Program Files (x86)\Microsoft SDKs\UWPNuGetPackages\microsoft.netcore.universalwindowsplatform\6.2.14\ref\uap10.0.15138\System.Xml.XPath.dll" /reference:"C:\Program Files (x86)\Microsoft SDKs\UWPNuGetPackages\microsoft.netcore.universalwindowsplatform\6.2.14\ref\uap10.0.15138\System.Xml.XPath.XDocument.dll" /reference:"C:\Program Files (x86)\Microsoft SDKs\UWPNuGetPackages\microsoft.netcore.universalwindowsplatform\6.2.14\ref\uap10.0.15138\WindowsBase.dll" /reference:"C:\Program Files (x86)\Windows Kits\10\References\10.0.19041.0\Windows.AI.MachineLearning.MachineLearningContract\3.0.0.0\Windows.AI.MachineLearning.MachineLearningContract.winmd" /reference:"C:\Program Files (x86)\Windows Kits\10\References\10.0.19041.0\Windows.AI.MachineLearning.Preview.MachineLearningPreviewContract\2.0.0.0\Windows.AI.MachineLearning.Preview.MachineLearningPreviewContract.winmd" /reference:"C:\Program Files (x86)\Windows Kits\10\References\10.0.19041.0\Windows.ApplicationModel.Calls.Background.CallsBackgroundContract\2.0.0.0\Windows.ApplicationModel.Calls.Background.CallsBackgroundContract.winmd" /reference:"C:\Program Files (x86)\Windows Kits\10\References\10.0.19041.0\Windows.ApplicationModel.Calls.CallsPhoneContract\5.0.0.0\Windows.ApplicationModel.Calls.CallsPhoneContract.winmd" /reference:"C:\Program Files (x86)\Windows Kits\10\References\10.0.19041.0\Windows.ApplicationModel.Calls.CallsVoipContract\4.0.0.0\Windows.ApplicationModel.Calls.CallsVoipContract.winmd" /reference:"C:\Program Files (x86)\Windows Kits\10\References\10.0.19041.0\Windows.ApplicationModel.CommunicationBlocking.CommunicationBlockingContract\2.0.0.0\Windows.ApplicationModel.CommunicationBlocking.CommunicationBlockingContract.winmd" /reference:"C:\Program Files (x86)\Windows Kits\10\References\10.0.19041.0\Windows.ApplicationModel.SocialInfo.SocialInfoContract\2.0.0.0\Windows.ApplicationModel.SocialInfo.SocialInfoContract.winmd" /reference:"C:\Program Files (x86)\Windows Kits\10\References\10.0.19041.0\Windows.ApplicationModel.StartupTaskContract\3.0.0.0\Windows.ApplicationModel.StartupTaskContract.winmd" /reference:"C:\Program Files (x86)\Windows Kits\10\References\10.0.19041.0\Windows.Devices.Custom.CustomDeviceContract\1.0.0.0\Windows.Devices.Custom.CustomDeviceContract.winmd" /reference:"C:\Program Files (x86)\Windows Kits\10\References\10.0.19041.0\Windows.Devices.DevicesLowLevelContract\3.0.0.0\Windows.Devices.DevicesLowLevelContract.winmd" /reference:"C:\Program Files (x86)\Windows Kits\10\References\10.0.19041.0\Windows.Devices.Printers.PrintersContract\1.0.0.0\Windows.Devices.Printers.PrintersContract.winmd" /reference:"C:\Program Files (x86)\Windows Kits\10\References\10.0.19041.0\Windows.Devices.SmartCards.SmartCardBackgroundTriggerContract\3.0.0.0\Windows.Devices.SmartCards.SmartCardBackgroundTriggerContract.winmd" /reference:"C:\Program Files (x86)\Windows Kits\10\References\10.0.19041.0\Windows.Devices.SmartCards.SmartCardEmulatorContract\6.0.0.0\Windows.Devices.SmartCards.SmartCardEmulatorContract.winmd" /reference:"C:\Program Files (x86)\Windows Kits\10\References\10.0.19041.0\Windows.Foundation.FoundationContract\4.0.0.0\Windows.Foundation.FoundationContract.winmd" /reference:"C:\Program Files (x86)\Windows Kits\10\References\10.0.19041.0\Windows.Foundation.UniversalApiContract\10.0.0.0\Windows.Foundation.UniversalApiContract.winmd" /reference:"C:\Program Files (x86)\Windows Kits\10\References\10.0.19041.0\Windows.Gaming.XboxLive.StorageApiContract\1.0.0.0\Windows.Gaming.XboxLive.StorageApiContract.winmd" /reference:"C:\Program Files (x86)\Windows Kits\10\References\10.0.19041.0\Windows.Graphics.Printing3D.Printing3DContract\4.0.0.0\Windows.Graphics.Printing3D.Printing3DContract.winmd" /reference:"C:\Program Files (x86)\Windows Kits\10\References\10.0.19041.0\Windows.Networking.Connectivity.WwanContract\2.0.0.0\Windows.Networking.Connectivity.WwanContract.winmd" /reference:"C:\Program Files (x86)\Windows Kits\10\References\10.0.19041.0\Windows.Networking.Sockets.ControlChannelTriggerContract\3.0.0.0\Windows.Networking.Sockets.ControlChannelTriggerContract.winmd" /reference:"C:\Program Files (x86)\Windows Kits\10\References\10.0.19041.0\Windows.Security.Isolation.IsolatedWindowsEnvironmentContract\2.0.0.0\Windows.Security.Isolation.Isolatedwindowsenvironmentcontract.winmd" /reference:"C:\Program Files (x86)\Windows Kits\10\References\10.0.19041.0\Windows.Services.Maps.GuidanceContract\3.0.0.0\Windows.Services.Maps.GuidanceContract.winmd" /reference:"C:\Program Files (x86)\Windows Kits\10\References\10.0.19041.0\Windows.Services.Maps.LocalSearchContract\4.0.0.0\Windows.Services.Maps.LocalSearchContract.winmd" /reference:"C:\Program Files (x86)\Windows Kits\10\References\10.0.19041.0\Windows.Services.Store.StoreContract\4.0.0.0\Windows.Services.Store.StoreContract.winmd" /reference:"C:\Program Files (x86)\Windows Kits\10\References\10.0.19041.0\Windows.Services.TargetedContent.TargetedContentContract\1.0.0.0\Windows.Services.TargetedContent.TargetedContentContract.winmd" /reference:"C:\Program Files (x86)\Windows Kits\10\References\10.0.19041.0\Windows.Storage.Provider.CloudFilesContract\4.0.0.0\Windows.Storage.Provider.CloudFilesContract.winmd" /reference:"C:\Program Files (x86)\Windows Kits\10\References\10.0.19041.0\Windows.System.Profile.ProfileHardwareTokenContract\1.0.0.0\Windows.System.Profile.ProfileHardwareTokenContract.winmd" /reference:"C:\Program Files (x86)\Windows Kits\10\References\10.0.19041.0\Windows.System.Profile.ProfileSharedModeContract\2.0.0.0\Windows.System.Profile.ProfileSharedModeContract.winmd" /reference:"C:\Program Files (x86)\Windows Kits\10\References\10.0.19041.0\Windows.System.Profile.SystemManufacturers.SystemManufacturersContract\3.0.0.0\Windows.System.Profile.SystemManufacturers.SystemManufacturersContract.winmd" /reference:"C:\Program Files (x86)\Windows Kits\10\References\10.0.19041.0\Windows.System.SystemManagementContract\7.0.0.0\Windows.System.SystemManagementContract.winmd" /reference:"C:\Program Files (x86)\Windows Kits\10\References\10.0.19041.0\Windows.UI.ViewManagement.ViewManagementViewScalingContract\1.0.0.0\Windows.UI.ViewManagement.ViewManagementViewScalingContract.winmd" /reference:"C:\Program Files (x86)\Windows Kits\10\References\10.0.19041.0\Windows.UI.Xaml.Core.Direct.XamlDirectContract\2.0.0.0\Windows.UI.Xaml.Core.Direct.XamlDirectContract.winmd" /reference:"C:\Program Files (x86)\Windows Kits\10\UnionMetadata\10.0.19041.0\Facade\Windows.winmd" /debug- /filealign:512 /out:obj\x64\Debug\intermediatexaml\Bangumi.exe /subsystemversion:6.02 /target:appcontainerexe /utf8output /langversion:latest /skipanalyzers+ /analyzer:C:\Users\wangsychn\.nuget\packages\system.text.json\6.0.4\analyzers\dotnet\roslyn3.11\cs\System.Text.Json.SourceGeneration.dll /analyzer:C:\Users\wangsychn\.nuget\packages\system.text.json\6.0.4\analyzers\dotnet\roslyn3.11\cs\cs\System.Text.Json.SourceGeneration.resources.dll /analyzer:C:\Users\wangsychn\.nuget\packages\system.text.json\6.0.4\analyzers\dotnet\roslyn3.11\cs\de\System.Text.Json.SourceGeneration.resources.dll /analyzer:C:\Users\wangsychn\.nuget\packages\system.text.json\6.0.4\analyzers\dotnet\roslyn3.11\cs\es\System.Text.Json.SourceGeneration.resources.dll /analyzer:C:\Users\wangsychn\.nuget\packages\system.text.json\6.0.4\analyzers\dotnet\roslyn3.11\cs\fr\System.Text.Json.SourceGeneration.resources.dll /analyzer:C:\Users\wangsychn\.nuget\packages\system.text.json\6.0.4\analyzers\dotnet\roslyn3.11\cs\it\System.Text.Json.SourceGeneration.resources.dll /analyzer:C:\Users\wangsychn\.nuget\packages\system.text.json\6.0.4\analyzers\dotnet\roslyn3.11\cs\ja\System.Text.Json.SourceGeneration.resources.dll /analyzer:C:\Users\wangsychn\.nuget\packages\system.text.json\6.0.4\analyzers\dotnet\roslyn3.11\cs\ko\System.Text.Json.SourceGeneration.resources.dll /analyzer:C:\Users\wangsychn\.nuget\packages\system.text.json\6.0.4\analyzers\dotnet\roslyn3.11\cs\pl\System.Text.Json.SourceGeneration.resources.dll /analyzer:C:\Users\wangsychn\.nuget\packages\system.text.json\6.0.4\analyzers\dotnet\roslyn3.11\cs\pt-BR\System.Text.Json.SourceGeneration.resources.dll /analyzer:C:\Users\wangsychn\.nuget\packages\system.text.json\6.0.4\analyzers\dotnet\roslyn3.11\cs\ru\System.Text.Json.SourceGeneration.resources.dll /analyzer:C:\Users\wangsychn\.nuget\packages\system.text.json\6.0.4\analyzers\dotnet\roslyn3.11\cs\tr\System.Text.Json.SourceGeneration.resources.dll /analyzer:C:\Users\wangsychn\.nuget\packages\system.text.json\6.0.4\analyzers\dotnet\roslyn3.11\cs\zh-Hans\System.Text.Json.SourceGeneration.resources.dll /analyzer:C:\Users\wangsychn\.nuget\packages\system.text.json\6.0.4\analyzers\dotnet\roslyn3.11\cs\zh-Hant\System.Text.Json.SourceGeneration.resources.dll /analyzer:C:\Users\wangsychn\.nuget\packages\system.text.json\6.0.4\analyzers\dotnet\roslyn4.0\cs\System.Text.Json.SourceGeneration.dll /analyzer:C:\Users\wangsychn\.nuget\packages\system.text.json\6.0.4\analyzers\dotnet\roslyn4.0\cs\cs\System.Text.Json.SourceGeneration.resources.dll /analyzer:C:\Users\wangsychn\.nuget\packages\system.text.json\6.0.4\analyzers\dotnet\roslyn4.0\cs\de\System.Text.Json.SourceGeneration.resources.dll /analyzer:C:\Users\wangsychn\.nuget\packages\system.text.json\6.0.4\analyzers\dotnet\roslyn4.0\cs\es\System.Text.Json.SourceGeneration.resources.dll /analyzer:C:\Users\wangsychn\.nuget\packages\system.text.json\6.0.4\analyzers\dotnet\roslyn4.0\cs\fr\System.Text.Json.SourceGeneration.resources.dll /analyzer:C:\Users\wangsychn\.nuget\packages\system.text.json\6.0.4\analyzers\dotnet\roslyn4.0\cs\it\System.Text.Json.SourceGeneration.resources.dll /analyzer:C:\Users\wangsychn\.nuget\packages\system.text.json\6.0.4\analyzers\dotnet\roslyn4.0\cs\ja\System.Text.Json.SourceGeneration.resources.dll /analyzer:C:\Users\wangsychn\.nuget\packages\system.text.json\6.0.4\analyzers\dotnet\roslyn4.0\cs\ko\System.Text.Json.SourceGeneration.resources.dll /analyzer:C:\Users\wangsychn\.nuget\packages\system.text.json\6.0.4\analyzers\dotnet\roslyn4.0\cs\pl\System.Text.Json.SourceGeneration.resources.dll /analyzer:C:\Users\wangsychn\.nuget\packages\system.text.json\6.0.4\analyzers\dotnet\roslyn4.0\cs\pt-BR\System.Text.Json.SourceGeneration.resources.dll /analyzer:C:\Users\wangsychn\.nuget\packages\system.text.json\6.0.4\analyzers\dotnet\roslyn4.0\cs\ru\System.Text.Json.SourceGeneration.resources.dll /analyzer:C:\Users\wangsychn\.nuget\packages\system.text.json\6.0.4\analyzers\dotnet\roslyn4.0\cs\tr\System.Text.Json.SourceGeneration.resources.dll /analyzer:C:\Users\wangsychn\.nuget\packages\system.text.json\6.0.4\analyzers\dotnet\roslyn4.0\cs\zh-Hans\System.Text.Json.SourceGeneration.resources.dll /analyzer:C:\Users\wangsychn\.nuget\packages\system.text.json\6.0.4\analyzers\dotnet\roslyn4.0\cs\zh-Hant\System.Text.Json.SourceGeneration.resources.dll App.xaml.cs BackgroundTasks\BackgroundActivity.cs BackgroundTasks\ToastBackgroundTask.cs Common\Constants.cs Common\Converters.cs Common\ViewModelBase.cs ContentDialogs\CollectionEditContentDialog.xaml.cs ContentDialogs\SitesContentDialog.xaml.cs Controls\MusicDisk.xaml.cs Controls\GameSubject.xaml.cs Controls\BookChapter.xaml.cs Controls\AnimeEpisode.xaml.cs Controls\InAppNotification.xaml.cs Controls\ItemsStretchWrapGrid.cs Controls\TitleBar\TitleBarEx.xaml.cs Controls\RateTemplateDictionary.xaml.cs Helper\CollectionHelper.cs Helper\EncryptionHelper.cs Helper\FileSizeHelper.cs Helper\NetworkHelper.cs Helper\NotificationHelper.cs Helper\OAuthHelper.cs Helper\SettingHelper.cs Helper\Singleton.cs Helper\ToastNotificationHelper.cs MainPage.xaml.cs ViewModels\CollectionViewModel.cs ViewModels\DetailViewModel.cs ViewModels\EpisodeViewModel.cs ViewModels\ProgressViewModel.cs ViewModels\SearchViewModel.cs ViewModels\SettingViewModel.cs ViewModels\CalendarViewModel.cs Views\CollectionPage.xaml.cs Views\DetailPage.xaml.cs Views\EpisodePage.xaml.cs Views\HomePage.xaml.cs Views\IPageStatus.cs Views\LoginPage.xaml.cs Views\ProgressPage.xaml.cs Views\SearchPage.xaml.cs Views\ShellPlaceholderPage.xaml.cs Views\SettingsPage.xaml.cs Views\CalendarPage.xaml.cs Properties\AssemblyInfo.cs C:\Users\wangsychn\Documents\GitHub\Bangumi\Bangumi\obj\x64\Debug\App.g.i.cs C:\Users\wangsychn\Documents\GitHub\Bangumi\Bangumi\obj\x64\Debug\App.g.cs C:\Users\wangsychn\Documents\GitHub\Bangumi\Bangumi\obj\x64\Debug\ContentDialogs\CollectionEditContentDialog.g.i.cs C:\Users\wangsychn\Documents\GitHub\Bangumi\Bangumi\obj\x64\Debug\ContentDialogs\CollectionEditContentDialog.g.cs C:\Users\wangsychn\Documents\GitHub\Bangumi\Bangumi\obj\x64\Debug\ContentDialogs\SitesContentDialog.g.i.cs C:\Users\wangsychn\Documents\GitHub\Bangumi\Bangumi\obj\x64\Debug\ContentDialogs\SitesContentDialog.g.cs C:\Users\wangsychn\Documents\GitHub\Bangumi\Bangumi\obj\x64\Debug\Controls\MusicDisk.g.i.cs C:\Users\wangsychn\Documents\GitHub\Bangumi\Bangumi\obj\x64\Debug\Controls\MusicDisk.g.cs C:\Users\wangsychn\Documents\GitHub\Bangumi\Bangumi\obj\x64\Debug\Controls\GameSubject.g.i.cs C:\Users\wangsychn\Documents\GitHub\Bangumi\Bangumi\obj\x64\Debug\Controls\GameSubject.g.cs C:\Users\wangsychn\Documents\GitHub\Bangumi\Bangumi\obj\x64\Debug\Controls\BookChapter.g.i.cs C:\Users\wangsychn\Documents\GitHub\Bangumi\Bangumi\obj\x64\Debug\Controls\BookChapter.g.cs C:\Users\wangsychn\Documents\GitHub\Bangumi\Bangumi\obj\x64\Debug\Controls\AnimeEpisode.g.i.cs C:\Users\wangsychn\Documents\GitHub\Bangumi\Bangumi\obj\x64\Debug\Controls\AnimeEpisode.g.cs C:\Users\wangsychn\Documents\GitHub\Bangumi\Bangumi\obj\x64\Debug\Controls\InAppNotification.g.i.cs C:\Users\wangsychn\Documents\GitHub\Bangumi\Bangumi\obj\x64\Debug\Controls\InAppNotification.g.cs C:\Users\wangsychn\Documents\GitHub\Bangumi\Bangumi\obj\x64\Debug\Controls\RateTemplateDictionary.g.i.cs C:\Users\wangsychn\Documents\GitHub\Bangumi\Bangumi\obj\x64\Debug\Controls\RateTemplateDictionary.g.cs C:\Users\wangsychn\Documents\GitHub\Bangumi\Bangumi\obj\x64\Debug\Controls\TitleBar\TitleBarEx.g.i.cs C:\Users\wangsychn\Documents\GitHub\Bangumi\Bangumi\obj\x64\Debug\Controls\TitleBar\TitleBarEx.g.cs C:\Users\wangsychn\Documents\GitHub\Bangumi\Bangumi\obj\x64\Debug\MainPage.g.i.cs C:\Users\wangsychn\Documents\GitHub\Bangumi\Bangumi\obj\x64\Debug\MainPage.g.cs C:\Users\wangsychn\Documents\GitHub\Bangumi\Bangumi\obj\x64\Debug\Views\CollectionPage.g.i.cs C:\Users\wangsychn\Documents\GitHub\Bangumi\Bangumi\obj\x64\Debug\Views\CollectionPage.g.cs C:\Users\wangsychn\Documents\GitHub\Bangumi\Bangumi\obj\x64\Debug\Views\DetailPage.g.i.cs C:\Users\wangsychn\Documents\GitHub\Bangumi\Bangumi\obj\x64\Debug\Views\DetailPage.g.cs C:\Users\wangsychn\Documents\GitHub\Bangumi\Bangumi\obj\x64\Debug\Views\EpisodePage.g.i.cs C:\Users\wangsychn\Documents\GitHub\Bangumi\Bangumi\obj\x64\Debug\Views\EpisodePage.g.cs C:\Users\wangsychn\Documents\GitHub\Bangumi\Bangumi\obj\x64\Debug\Views\HomePage.g.i.cs C:\Users\wangsychn\Documents\GitHub\Bangumi\Bangumi\obj\x64\Debug\Views\HomePage.g.cs C:\Users\wangsychn\Documents\GitHub\Bangumi\Bangumi\obj\x64\Debug\Views\LoginPage.g.i.cs C:\Users\wangsychn\Documents\GitHub\Bangumi\Bangumi\obj\x64\Debug\Views\LoginPage.g.cs C:\Users\wangsychn\Documents\GitHub\Bangumi\Bangumi\obj\x64\Debug\Views\ProgressPage.g.i.cs C:\Users\wangsychn\Documents\GitHub\Bangumi\Bangumi\obj\x64\Debug\Views\ProgressPage.g.cs C:\Users\wangsychn\Documents\GitHub\Bangumi\Bangumi\obj\x64\Debug\Views\SearchPage.g.i.cs C:\Users\wangsychn\Documents\GitHub\Bangumi\Bangumi\obj\x64\Debug\Views\SearchPage.g.cs C:\Users\wangsychn\Documents\GitHub\Bangumi\Bangumi\obj\x64\Debug\Views\ShellPlaceholderPage.g.i.cs C:\Users\wangsychn\Documents\GitHub\Bangumi\Bangumi\obj\x64\Debug\Views\ShellPlaceholderPage.g.cs C:\Users\wangsychn\Documents\GitHub\Bangumi\Bangumi\obj\x64\Debug\Views\SettingsPage.g.i.cs C:\Users\wangsychn\Documents\GitHub\Bangumi\Bangumi\obj\x64\Debug\Views\SettingsPage.g.cs C:\Users\wangsychn\Documents\GitHub\Bangumi\Bangumi\obj\x64\Debug\Views\CalendarPage.g.i.cs C:\Users\wangsychn\Documents\GitHub\Bangumi\Bangumi\obj\x64\Debug\Views\CalendarPage.g.cs C:\Users\wangsychn\Documents\GitHub\Bangumi\Bangumi\obj\x64\Debug\XamlTypeInfo.g.cs
         CompilerServer: server failed - server rejected the request due to analyzer / generator issues 'analyzer assembly 'C:\Users\wangsychn\.nuget\packages\system.text.json\6.0.4\analyzers\dotnet\roslyn4.0\cs\System.Text.Json.SourceGeneration.dll' has MVID 'c94c7f5b-b800-4e24-8a37-5cd0700eae05' but loaded assembly 'C:\Users\wangsychn\.nuget\packages\system.text.json\6.0.4\analyzers\dotnet\roslyn3.11\cs\System.Text.Json.SourceGeneration.dll' has MVID '79aae5bf-4c80-4c5b-b8f6-45e9ef650dbd'' - Bangumi
       MarkupCompilePass2:
         (Out) GeneratedCodeFiles: 'C:\Users\wangsychn\Documents\GitHub\Bangumi\Bangumi\obj\x64\Debug\App.g.i.cs;C:\Users\wangsychn\Documents\GitHub\Bangumi\Bangumi\obj\x64\Debug\App.g.cs;C:\Users\wangsychn\Documents\GitHub\Bangumi\Bangumi\obj\x64\Debug\ContentDialogs\CollectionEditContentDialog.g.i.cs;C:\Users\wangsychn\Documents\GitHub\Bangumi\Bangumi\obj\x64\Debug\ContentDialogs\CollectionEditContentDialog.g.cs;C:\Users\wangsychn\Documents\GitHub\Bangumi\Bangumi\obj\x64\Debug\ContentDialogs\SitesContentDialog.g.i.cs;C:\Users\wangsychn\Documents\GitHub\Bangumi\Bangumi\obj\x64\Debug\ContentDialogs\SitesContentDialog.g.cs;C:\Users\wangsychn\Documents\GitHub\Bangumi\Bangumi\obj\x64\Debug\Controls\MusicDisk.g.i.cs;C:\Users\wangsychn\Documents\GitHub\Bangumi\Bangumi\obj\x64\Debug\Controls\MusicDisk.g.cs;C:\Users\wangsychn\Documents\GitHub\Bangumi\Bangumi\obj\x64\Debug\Controls\GameSubject.g.i.cs;C:\Users\wangsychn\Documents\GitHub\Bangumi\Bangumi\obj\x64\Debug\Controls\GameSubject.g.cs;C:\Users\wangsychn\Documents\GitHub\Bangumi\Bangumi\obj\x64\Debug\Controls\BookChapter.g.i.cs;C:\Users\wangsychn\Documents\GitHub\Bangumi\Bangumi\obj\x64\Debug\Controls\BookChapter.g.cs;C:\Users\wangsychn\Documents\GitHub\Bangumi\Bangumi\obj\x64\Debug\Controls\AnimeEpisode.g.i.cs;C:\Users\wangsychn\Documents\GitHub\Bangumi\Bangumi\obj\x64\Debug\Controls\AnimeEpisode.g.cs;C:\Users\wangsychn\Documents\GitHub\Bangumi\Bangumi\obj\x64\Debug\Controls\InAppNotification.g.i.cs;C:\Users\wangsychn\Documents\GitHub\Bangumi\Bangumi\obj\x64\Debug\Controls\InAppNotification.g.cs;C:\Users\wangsychn\Documents\GitHub\Bangumi\Bangumi\obj\x64\Debug\Controls\RateTemplateDictionary.g.i.cs;C:\Users\wangsychn\Documents\GitHub\Bangumi\Bangumi\obj\x64\Debug\Controls\RateTemplateDictionary.g.cs;C:\Users\wangsychn\Documents\GitHub\Bangumi\Bangumi\obj\x64\Debug\Controls\TitleBar\TitleBarEx.g.i.cs;C:\Users\wangsychn\Documents\GitHub\Bangumi\Bangumi\obj\x64\Debug\Controls\TitleBar\TitleBarEx.g.cs;C:\Users\wangsychn\Documents\GitHub\Bangumi\Bangumi\obj\x64\Debug\MainPage.g.i.cs;C:\Users\wangsychn\Documents\GitHub\Bangumi\Bangumi\obj\x64\Debug\MainPage.g.cs;C:\Users\wangsychn\Documents\GitHub\Bangumi\Bangumi\obj\x64\Debug\Views\CollectionPage.g.i.cs;C:\Users\wangsychn\Documents\GitHub\Bangumi\Bangumi\obj\x64\Debug\Views\CollectionPage.g.cs;C:\Users\wangsychn\Documents\GitHub\Bangumi\Bangumi\obj\x64\Debug\Views\DetailPage.g.i.cs;C:\Users\wangsychn\Documents\GitHub\Bangumi\Bangumi\obj\x64\Debug\Views\DetailPage.g.cs;C:\Users\wangsychn\Documents\GitHub\Bangumi\Bangumi\obj\x64\Debug\Views\EpisodePage.g.i.cs;C:\Users\wangsychn\Documents\GitHub\Bangumi\Bangumi\obj\x64\Debug\Views\EpisodePage.g.cs;C:\Users\wangsychn\Documents\GitHub\Bangumi\Bangumi\obj\x64\Debug\Views\HomePage.g.i.cs;C:\Users\wangsychn\Documents\GitHub\Bangumi\Bangumi\obj\x64\Debug\Views\HomePage.g.cs;C:\Users\wangsychn\Documents\GitHub\Bangumi\Bangumi\obj\x64\Debug\Views\LoginPage.g.i.cs;C:\Users\wangsychn\Documents\GitHub\Bangumi\Bangumi\obj\x64\Debug\Views\LoginPage.g.cs;C:\Users\wangsychn\Documents\GitHub\Bangumi\Bangumi\obj\x64\Debug\Views\ProgressPage.g.i.cs;C:\Users\wangsychn\Documents\GitHub\Bangumi\Bangumi\obj\x64\Debug\Views\ProgressPage.g.cs;C:\Users\wangsychn\Documents\GitHub\Bangumi\Bangumi\obj\x64\Debug\Views\SearchPage.g.i.cs;C:\Users\wangsychn\Documents\GitHub\Bangumi\Bangumi\obj\x64\Debug\Views\SearchPage.g.cs;C:\Users\wangsychn\Documents\GitHub\Bangumi\Bangumi\obj\x64\Debug\Views\ShellPlaceholderPage.g.i.cs;C:\Users\wangsychn\Documents\GitHub\Bangumi\Bangumi\obj\x64\Debug\Views\ShellPlaceholderPage.g.cs;C:\Users\wangsychn\Documents\GitHub\Bangumi\Bangumi\obj\x64\Debug\Views\SettingsPage.g.i.cs;C:\Users\wangsychn\Documents\GitHub\Bangumi\Bangumi\obj\x64\Debug\Views\SettingsPage.g.cs;C:\Users\wangsychn\Documents\GitHub\Bangumi\Bangumi\obj\x64\Debug\Views\CalendarPage.g.i.cs;C:\Users\wangsychn\Documents\GitHub\Bangumi\Bangumi\obj\x64\Debug\Views\CalendarPage.g.cs;C:\Users\wangsychn\Documents\GitHub\Bangumi\Bangumi\obj\x64\Debug\XamlTypeInfo.g.cs'
         (Out) GeneratedXamlFiles: 'C:\Users\wangsychn\Documents\GitHub\Bangumi\Bangumi\obj\x64\Debug\App.xaml;C:\Users\wangsychn\Documents\GitHub\Bangumi\Bangumi\obj\x64\Debug\ContentDialogs\CollectionEditContentDialog.xaml;C:\Users\wangsychn\Documents\GitHub\Bangumi\Bangumi\obj\x64\Debug\ContentDialogs\SitesContentDialog.xaml;C:\Users\wangsychn\Documents\GitHub\Bangumi\Bangumi\obj\x64\Debug\Controls\MusicDisk.xaml;C:\Users\wangsychn\Documents\GitHub\Bangumi\Bangumi\obj\x64\Debug\Controls\GameSubject.xaml;C:\Users\wangsychn\Documents\GitHub\Bangumi\Bangumi\obj\x64\Debug\Controls\BookChapter.xaml;C:\Users\wangsychn\Documents\GitHub\Bangumi\Bangumi\obj\x64\Debug\Controls\AnimeEpisode.xaml;C:\Users\wangsychn\Documents\GitHub\Bangumi\Bangumi\obj\x64\Debug\Controls\InAppNotification.xaml;C:\Users\wangsychn\Documents\GitHub\Bangumi\Bangumi\obj\x64\Debug\Controls\RateTemplateDictionary.xaml;C:\Users\wangsychn\Documents\GitHub\Bangumi\Bangumi\obj\x64\Debug\Controls\TitleBar\TitleBarDictionary.xaml;C:\Users\wangsychn\Documents\GitHub\Bangumi\Bangumi\obj\x64\Debug\Controls\TitleBar\TitleBarEx.xaml;C:\Users\wangsychn\Documents\GitHub\Bangumi\Bangumi\obj\x64\Debug\Views\CollectionPage.xaml;C:\Users\wangsychn\Documents\GitHub\Bangumi\Bangumi\obj\x64\Debug\Views\DetailPage.xaml;C:\Users\wangsychn\Documents\GitHub\Bangumi\Bangumi\obj\x64\Debug\Views\EpisodePage.xaml;C:\Users\wangsychn\Documents\GitHub\Bangumi\Bangumi\obj\x64\Debug\Views\HomePage.xaml;C:\Users\wangsychn\Documents\GitHub\Bangumi\Bangumi\obj\x64\Debug\Themes\Generic.xaml;C:\Users\wangsychn\Documents\GitHub\Bangumi\Bangumi\obj\x64\Debug\Views\LoginPage.xaml;C:\Users\wangsychn\Documents\GitHub\Bangumi\Bangumi\obj\x64\Debug\Views\ProgressPage.xaml;C:\Users\wangsychn\Documents\GitHub\Bangumi\Bangumi\obj\x64\Debug\Views\SearchPage.xaml;C:\Users\wangsychn\Documents\GitHub\Bangumi\Bangumi\obj\x64\Debug\Views\ShellPlaceholderPage.xaml;C:\Users\wangsychn\Documents\GitHub\Bangumi\Bangumi\obj\x64\Debug\Views\SettingsPage.xaml;C:\Users\wangsychn\Documents\GitHub\Bangumi\Bangumi\obj\x64\Debug\Views\CalendarPage.xaml;C:\Users\wangsychn\Documents\GitHub\Bangumi\Bangumi\obj\x64\Debug\App.xaml;C:\Users\wangsychn\Documents\GitHub\Bangumi\Bangumi\obj\x64\Debug\ContentDialogs\CollectionEditContentDialog.xaml;C:\Users\wangsychn\Documents\GitHub\Bangumi\Bangumi\obj\x64\Debug\ContentDialogs\SitesContentDialog.xaml;C:\Users\wangsychn\Documents\GitHub\Bangumi\Bangumi\obj\x64\Debug\Controls\MusicDisk.xaml;C:\Users\wangsychn\Documents\GitHub\Bangumi\Bangumi\obj\x64\Debug\Controls\GameSubject.xaml;C:\Users\wangsychn\Documents\GitHub\Bangumi\Bangumi\obj\x64\Debug\Controls\BookChapter.xaml;C:\Users\wangsychn\Documents\GitHub\Bangumi\Bangumi\obj\x64\Debug\Controls\AnimeEpisode.xaml;C:\Users\wangsychn\Documents\GitHub\Bangumi\Bangumi\obj\x64\Debug\Controls\InAppNotification.xaml;C:\Users\wangsychn\Documents\GitHub\Bangumi\Bangumi\obj\x64\Debug\Controls\RateTemplateDictionary.xaml;C:\Users\wangsychn\Documents\GitHub\Bangumi\Bangumi\obj\x64\Debug\Controls\TitleBar\TitleBarDictionary.xaml;C:\Users\wangsychn\Documents\GitHub\Bangumi\Bangumi\obj\x64\Debug\Controls\TitleBar\TitleBarEx.xaml;C:\Users\wangsychn\Documents\GitHub\Bangumi\Bangumi\obj\x64\Debug\MainPage.xaml;C:\Users\wangsychn\Documents\GitHub\Bangumi\Bangumi\obj\x64\Debug\Views\CollectionPage.xaml;C:\Users\wangsychn\Documents\GitHub\Bangumi\Bangumi\obj\x64\Debug\Views\DetailPage.xaml;C:\Users\wangsychn\Documents\GitHub\Bangumi\Bangumi\obj\x64\Debug\Views\EpisodePage.xaml;C:\Users\wangsychn\Documents\GitHub\Bangumi\Bangumi\obj\x64\Debug\Views\HomePage.xaml;C:\Users\wangsychn\Documents\GitHub\Bangumi\Bangumi\obj\x64\Debug\Themes\Generic.xaml;C:\Users\wangsychn\Documents\GitHub\Bangumi\Bangumi\obj\x64\Debug\Views\LoginPage.xaml;C:\Users\wangsychn\Documents\GitHub\Bangumi\Bangumi\obj\x64\Debug\Views\ProgressPage.xaml;C:\Users\wangsychn\Documents\GitHub\Bangumi\Bangumi\obj\x64\Debug\Views\SearchPage.xaml;C:\Users\wangsychn\Documents\GitHub\Bangumi\Bangumi\obj\x64\Debug\Views\ShellPlaceholderPage.xaml;C:\Users\wangsychn\Documents\GitHub\Bangumi\Bangumi\obj\x64\Debug\Views\SettingsPage.xaml;C:\Users\wangsychn\Documents\GitHub\Bangumi\Bangumi\obj\x64\Debug\Views\CalendarPage.xaml;C:\Users\wangsychn\Documents\GitHub\Bangumi\Bangumi\obj\x64\Debug\App.xaml;C:\Users\wangsychn\Documents\GitHub\Bangumi\Bangumi\obj\x64\Debug\ContentDialogs\CollectionEditContentDialog.xaml;C:\Users\wangsychn\Documents\GitHub\Bangumi\Bangumi\obj\x64\Debug\ContentDialogs\SitesContentDialog.xaml;C:\Users\wangsychn\Documents\GitHub\Bangumi\Bangumi\obj\x64\Debug\Controls\MusicDisk.xaml;C:\Users\wangsychn\Documents\GitHub\Bangumi\Bangumi\obj\x64\Debug\Controls\GameSubject.xaml;C:\Users\wangsychn\Documents\GitHub\Bangumi\Bangumi\obj\x64\Debug\Controls\BookChapter.xaml;C:\Users\wangsychn\Documents\GitHub\Bangumi\Bangumi\obj\x64\Debug\Controls\AnimeEpisode.xaml;C:\Users\wangsychn\Documents\GitHub\Bangumi\Bangumi\obj\x64\Debug\Controls\InAppNotification.xaml;C:\Users\wangsychn\Documents\GitHub\Bangumi\Bangumi\obj\x64\Debug\Controls\RateTemplateDictionary.xaml;C:\Users\wangsychn\Documents\GitHub\Bangumi\Bangumi\obj\x64\Debug\Controls\TitleBar\TitleBarDictionary.xaml;C:\Users\wangsychn\Documents\GitHub\Bangumi\Bangumi\obj\x64\Debug\Controls\TitleBar\TitleBarEx.xaml;C:\Users\wangsychn\Documents\GitHub\Bangumi\Bangumi\obj\x64\Debug\MainPage.xaml;C:\Users\wangsychn\Documents\GitHub\Bangumi\Bangumi\obj\x64\Debug\Views\CollectionPage.xaml;C:\Users\wangsychn\Documents\GitHub\Bangumi\Bangumi\obj\x64\Debug\Views\DetailPage.xaml;C:\Users\wangsychn\Documents\GitHub\Bangumi\Bangumi\obj\x64\Debug\Views\EpisodePage.xaml;C:\Users\wangsychn\Documents\GitHub\Bangumi\Bangumi\obj\x64\Debug\Views\HomePage.xaml;C:\Users\wangsychn\Documents\GitHub\Bangumi\Bangumi\obj\x64\Debug\Themes\Generic.xaml;C:\Users\wangsychn\Documents\GitHub\Bangumi\Bangumi\obj\x64\Debug\Views\LoginPage.xaml;C:\Users\wangsychn\Documents\GitHub\Bangumi\Bangumi\obj\x64\Debug\Views\ProgressPage.xaml;C:\Users\wangsychn\Documents\GitHub\Bangumi\Bangumi\obj\x64\Debug\Views\SearchPage.xaml;C:\Users\wangsychn\Documents\GitHub\Bangumi\Bangumi\obj\x64\Debug\Views\ShellPlaceholderPage.xaml;C:\Users\wangsychn\Documents\GitHub\Bangumi\Bangumi\obj\x64\Debug\Views\SettingsPage.xaml;C:\Users\wangsychn\Documents\GitHub\Bangumi\Bangumi\obj\x64\Debug\Views\CalendarPage.xaml'
         (Out) GeneratedXbfFiles: 'C:\Users\wangsychn\Documents\GitHub\Bangumi\Bangumi\obj\x64\Debug\App.xbf;C:\Users\wangsychn\Documents\GitHub\Bangumi\Bangumi\obj\x64\Debug\ContentDialogs\CollectionEditContentDialog.xbf;C:\Users\wangsychn\Documents\GitHub\Bangumi\Bangumi\obj\x64\Debug\ContentDialogs\SitesContentDialog.xbf;C:\Users\wangsychn\Documents\GitHub\Bangumi\Bangumi\obj\x64\Debug\Controls\MusicDisk.xbf;C:\Users\wangsychn\Documents\GitHub\Bangumi\Bangumi\obj\x64\Debug\Controls\GameSubject.xbf;C:\Users\wangsychn\Documents\GitHub\Bangumi\Bangumi\obj\x64\Debug\Controls\BookChapter.xbf;C:\Users\wangsychn\Documents\GitHub\Bangumi\Bangumi\obj\x64\Debug\Controls\AnimeEpisode.xbf;C:\Users\wangsychn\Documents\GitHub\Bangumi\Bangumi\obj\x64\Debug\Controls\InAppNotification.xbf;C:\Users\wangsychn\Documents\GitHub\Bangumi\Bangumi\obj\x64\Debug\Controls\RateTemplateDictionary.xbf;C:\Users\wangsychn\Documents\GitHub\Bangumi\Bangumi\obj\x64\Debug\Controls\TitleBar\TitleBarDictionary.xbf;C:\Users\wangsychn\Documents\GitHub\Bangumi\Bangumi\obj\x64\Debug\Controls\TitleBar\TitleBarEx.xbf;C:\Users\wangsychn\Documents\GitHub\Bangumi\Bangumi\obj\x64\Debug\Views\CollectionPage.xbf;C:\Users\wangsychn\Documents\GitHub\Bangumi\Bangumi\obj\x64\Debug\Views\DetailPage.xbf;C:\Users\wangsychn\Documents\GitHub\Bangumi\Bangumi\obj\x64\Debug\Views\EpisodePage.xbf;C:\Users\wangsychn\Documents\GitHub\Bangumi\Bangumi\obj\x64\Debug\Views\HomePage.xbf;C:\Users\wangsychn\Documents\GitHub\Bangumi\Bangumi\obj\x64\Debug\Themes\Generic.xbf;C:\Users\wangsychn\Documents\GitHub\Bangumi\Bangumi\obj\x64\Debug\Views\LoginPage.xbf;C:\Users\wangsychn\Documents\GitHub\Bangumi\Bangumi\obj\x64\Debug\Views\ProgressPage.xbf;C:\Users\wangsychn\Documents\GitHub\Bangumi\Bangumi\obj\x64\Debug\Views\SearchPage.xbf;C:\Users\wangsychn\Documents\GitHub\Bangumi\Bangumi\obj\x64\Debug\Views\ShellPlaceholderPage.xbf;C:\Users\wangsychn\Documents\GitHub\Bangumi\Bangumi\obj\x64\Debug\Views\SettingsPage.xbf;C:\Users\wangsychn\Documents\GitHub\Bangumi\Bangumi\obj\x64\Debug\Views\CalendarPage.xbf;C:\Users\wangsychn\Documents\GitHub\Bangumi\Bangumi\obj\x64\Debug\MainPage.xbf;C:\Users\wangsychn\Documents\GitHub\Bangumi\Bangumi\obj\x64\Debug\App.xbf;C:\Users\wangsychn\Documents\GitHub\Bangumi\Bangumi\obj\x64\Debug\ContentDialogs\CollectionEditContentDialog.xbf;C:\Users\wangsychn\Documents\GitHub\Bangumi\Bangumi\obj\x64\Debug\ContentDialogs\SitesContentDialog.xbf;C:\Users\wangsychn\Documents\GitHub\Bangumi\Bangumi\obj\x64\Debug\Controls\MusicDisk.xbf;C:\Users\wangsychn\Documents\GitHub\Bangumi\Bangumi\obj\x64\Debug\Controls\GameSubject.xbf;C:\Users\wangsychn\Documents\GitHub\Bangumi\Bangumi\obj\x64\Debug\Controls\BookChapter.xbf;C:\Users\wangsychn\Documents\GitHub\Bangumi\Bangumi\obj\x64\Debug\Controls\AnimeEpisode.xbf;C:\Users\wangsychn\Documents\GitHub\Bangumi\Bangumi\obj\x64\Debug\Controls\InAppNotification.xbf;C:\Users\wangsychn\Documents\GitHub\Bangumi\Bangumi\obj\x64\Debug\Controls\RateTemplateDictionary.xbf;C:\Users\wangsychn\Documents\GitHub\Bangumi\Bangumi\obj\x64\Debug\Controls\TitleBar\TitleBarDictionary.xbf;C:\Users\wangsychn\Documents\GitHub\Bangumi\Bangumi\obj\x64\Debug\Controls\TitleBar\TitleBarEx.xbf;C:\Users\wangsychn\Documents\GitHub\Bangumi\Bangumi\obj\x64\Debug\MainPage.xbf;C:\Users\wangsychn\Documents\GitHub\Bangumi\Bangumi\obj\x64\Debug\Views\CollectionPage.xbf;C:\Users\wangsychn\Documents\GitHub\Bangumi\Bangumi\obj\x64\Debug\Views\DetailPage.xbf;C:\Users\wangsychn\Documents\GitHub\Bangumi\Bangumi\obj\x64\Debug\Views\EpisodePage.xbf;C:\Users\wangsychn\Documents\GitHub\Bangumi\Bangumi\obj\x64\Debug\Views\HomePage.xbf;C:\Users\wangsychn\Documents\GitHub\Bangumi\Bangumi\obj\x64\Debug\Themes\Generic.xbf;C:\Users\wangsychn\Documents\GitHub\Bangumi\Bangumi\obj\x64\Debug\Views\LoginPage.xbf;C:\Users\wangsychn\Documents\GitHub\Bangumi\Bangumi\obj\x64\Debug\Views\ProgressPage.xbf;C:\Users\wangsychn\Documents\GitHub\Bangumi\Bangumi\obj\x64\Debug\Views\SearchPage.xbf;C:\Users\wangsychn\Documents\GitHub\Bangumi\Bangumi\obj\x64\Debug\Views\ShellPlaceholderPage.xbf;C:\Users\wangsychn\Documents\GitHub\Bangumi\Bangumi\obj\x64\Debug\Views\SettingsPage.xbf;C:\Users\wangsychn\Documents\GitHub\Bangumi\Bangumi\obj\x64\Debug\Views\CalendarPage.xbf'
         (Out) GeneratedXamlPagesFiles: ''
         (Out) Compile: 'App.xaml.cs;BackgroundTasks\BackgroundActivity.cs;BackgroundTasks\ToastBackgroundTask.cs;Common\Constants.cs;Common\Converters.cs;Common\ViewModelBase.cs;ContentDialogs\CollectionEditContentDialog.xaml.cs;ContentDialogs\SitesContentDialog.xaml.cs;Controls\MusicDisk.xaml.cs;Controls\GameSubject.xaml.cs;Controls\BookChapter.xaml.cs;Controls\AnimeEpisode.xaml.cs;Controls\InAppNotification.xaml.cs;Controls\ItemsStretchWrapGrid.cs;Controls\TitleBar\TitleBarEx.xaml.cs;Controls\RateTemplateDictionary.xaml.cs;Helper\CollectionHelper.cs;Helper\EncryptionHelper.cs;Helper\FileSizeHelper.cs;Helper\NetworkHelper.cs;Helper\NotificationHelper.cs;Helper\OAuthHelper.cs;Helper\SettingHelper.cs;Helper\Singleton.cs;Helper\ToastNotificationHelper.cs;MainPage.xaml.cs;ViewModels\CollectionViewModel.cs;ViewModels\DetailViewModel.cs;ViewModels\EpisodeViewModel.cs;ViewModels\ProgressViewModel.cs;ViewModels\SearchViewModel.cs;ViewModels\SettingViewModel.cs;ViewModels\CalendarViewModel.cs;Views\CollectionPage.xaml.cs;Views\DetailPage.xaml.cs;Views\EpisodePage.xaml.cs;Views\HomePage.xaml.cs;Views\IPageStatus.cs;Views\LoginPage.xaml.cs;Views\ProgressPage.xaml.cs;Views\SearchPage.xaml.cs;Views\ShellPlaceholderPage.xaml.cs;Views\SettingsPage.xaml.cs;Views\CalendarPage.xaml.cs;Properties\AssemblyInfo.cs;C:\Users\wangsychn\Documents\GitHub\Bangumi\Bangumi\obj\x64\Debug\App.g.i.cs;C:\Users\wangsychn\Documents\GitHub\Bangumi\Bangumi\obj\x64\Debug\App.g.cs;C:\Users\wangsychn\Documents\GitHub\Bangumi\Bangumi\obj\x64\Debug\ContentDialogs\CollectionEditContentDialog.g.i.cs;C:\Users\wangsychn\Documents\GitHub\Bangumi\Bangumi\obj\x64\Debug\ContentDialogs\CollectionEditContentDialog.g.cs;C:\Users\wangsychn\Documents\GitHub\Bangumi\Bangumi\obj\x64\Debug\ContentDialogs\SitesContentDialog.g.i.cs;C:\Users\wangsychn\Documents\GitHub\Bangumi\Bangumi\obj\x64\Debug\ContentDialogs\SitesContentDialog.g.cs;C:\Users\wangsychn\Documents\GitHub\Bangumi\Bangumi\obj\x64\Debug\Controls\MusicDisk.g.i.cs;C:\Users\wangsychn\Documents\GitHub\Bangumi\Bangumi\obj\x64\Debug\Controls\MusicDisk.g.cs;C:\Users\wangsychn\Documents\GitHub\Bangumi\Bangumi\obj\x64\Debug\Controls\GameSubject.g.i.cs;C:\Users\wangsychn\Documents\GitHub\Bangumi\Bangumi\obj\x64\Debug\Controls\GameSubject.g.cs;C:\Users\wangsychn\Documents\GitHub\Bangumi\Bangumi\obj\x64\Debug\Controls\BookChapter.g.i.cs;C:\Users\wangsychn\Documents\GitHub\Bangumi\Bangumi\obj\x64\Debug\Controls\BookChapter.g.cs;C:\Users\wangsychn\Documents\GitHub\Bangumi\Bangumi\obj\x64\Debug\Controls\AnimeEpisode.g.i.cs;C:\Users\wangsychn\Documents\GitHub\Bangumi\Bangumi\obj\x64\Debug\Controls\AnimeEpisode.g.cs;C:\Users\wangsychn\Documents\GitHub\Bangumi\Bangumi\obj\x64\Debug\Controls\InAppNotification.g.i.cs;C:\Users\wangsychn\Documents\GitHub\Bangumi\Bangumi\obj\x64\Debug\Controls\InAppNotification.g.cs;C:\Users\wangsychn\Documents\GitHub\Bangumi\Bangumi\obj\x64\Debug\Controls\RateTemplateDictionary.g.i.cs;C:\Users\wangsychn\Documents\GitHub\Bangumi\Bangumi\obj\x64\Debug\Controls\RateTemplateDictionary.g.cs;C:\Users\wangsychn\Documents\GitHub\Bangumi\Bangumi\obj\x64\Debug\Controls\TitleBar\TitleBarEx.g.i.cs;C:\Users\wangsychn\Documents\GitHub\Bangumi\Bangumi\obj\x64\Debug\Controls\TitleBar\TitleBarEx.g.cs;C:\Users\wangsychn\Documents\GitHub\Bangumi\Bangumi\obj\x64\Debug\MainPage.g.i.cs;C:\Users\wangsychn\Documents\GitHub\Bangumi\Bangumi\obj\x64\Debug\MainPage.g.cs;C:\Users\wangsychn\Documents\GitHub\Bangumi\Bangumi\obj\x64\Debug\Views\CollectionPage.g.i.cs;C:\Users\wangsychn\Documents\GitHub\Bangumi\Bangumi\obj\x64\Debug\Views\CollectionPage.g.cs;C:\Users\wangsychn\Documents\GitHub\Bangumi\Bangumi\obj\x64\Debug\Views\DetailPage.g.i.cs;C:\Users\wangsychn\Documents\GitHub\Bangumi\Bangumi\obj\x64\Debug\Views\DetailPage.g.cs;C:\Users\wangsychn\Documents\GitHub\Bangumi\Bangumi\obj\x64\Debug\Views\EpisodePage.g.i.cs;C:\Users\wangsychn\Documents\GitHub\Bangumi\Bangumi\obj\x64\Debug\Views\EpisodePage.g.cs;C:\Users\wangsychn\Documents\GitHub\Bangumi\Bangumi\obj\x64\Debug\Views\HomePage.g.i.cs;C:\Users\wangsychn\Documents\GitHub\Bangumi\Bangumi\obj\x64\Debug\Views\HomePage.g.cs;C:\Users\wangsychn\Documents\GitHub\Bangumi\Bangumi\obj\x64\Debug\Views\LoginPage.g.i.cs;C:\Users\wangsychn\Documents\GitHub\Bangumi\Bangumi\obj\x64\Debug\Views\LoginPage.g.cs;C:\Users\wangsychn\Documents\GitHub\Bangumi\Bangumi\obj\x64\Debug\Views\ProgressPage.g.i.cs;C:\Users\wangsychn\Documents\GitHub\Bangumi\Bangumi\obj\x64\Debug\Views\ProgressPage.g.cs;C:\Users\wangsychn\Documents\GitHub\Bangumi\Bangumi\obj\x64\Debug\Views\SearchPage.g.i.cs;C:\Users\wangsychn\Documents\GitHub\Bangumi\Bangumi\obj\x64\Debug\Views\SearchPage.g.cs;C:\Users\wangsychn\Documents\GitHub\Bangumi\Bangumi\obj\x64\Debug\Views\ShellPlaceholderPage.g.i.cs;C:\Users\wangsychn\Documents\GitHub\Bangumi\Bangumi\obj\x64\Debug\Views\ShellPlaceholderPage.g.cs;C:\Users\wangsychn\Documents\GitHub\Bangumi\Bangumi\obj\x64\Debug\Views\SettingsPage.g.i.cs;C:\Users\wangsychn\Documents\GitHub\Bangumi\Bangumi\obj\x64\Debug\Views\SettingsPage.g.cs;C:\Users\wangsychn\Documents\GitHub\Bangumi\Bangumi\obj\x64\Debug\Views\CalendarPage.g.i.cs;C:\Users\wangsychn\Documents\GitHub\Bangumi\Bangumi\obj\x64\Debug\Views\CalendarPage.g.cs;C:\Users\wangsychn\Documents\GitHub\Bangumi\Bangumi\obj\x64\Debug\XamlTypeInfo.g.cs'
       GenerateTargetFrameworkMonikerAttribute:
       正在跳过目标“GenerateTargetFrameworkMonikerAttribute”，因为所有输出文件相对于输入文件而言都是最新的。
       CoreCompile:
         C:\Program Files\Microsoft Visual Studio\2022\Community\MSBuild\Current\Bin\Roslyn\csc.exe /noconfig /nowarn:2008,1701,1702,1701,1702 /fullpaths /nostdlib+ /platform:x64 /errorreport:prompt /define:DEBUG;TRACE;NETFX_CORE;WINDOWS_UWP;CODE_ANALYSIS /highentropyva+ /reference:C:\Users\wangsychn\Documents\GitHub\Bangumi\Bangumi.Api\bin\Debug\netstandard2.0\Bangumi.Api.dll /reference:C:\Users\wangsychn\Documents\GitHub\Bangumi\Bangumi.Data\bin\Debug\netstandard2.0\Bangumi.Data.dll /reference:C:\Users\wangsychn\.nuget\packages\colorcode.core\2.0.6\lib\netstandard1.4\ColorCode.Core.dll /reference:C:\Users\wangsychn\.nuget\packages\colorcode.uwp\2.0.6\lib\uap10.0\ColorCode.UWP.dll /reference:C:\Users\wangsychn\.nuget\packages\flurl\4.0.0\lib\netstandard2.0\Flurl.dll /reference:C:\Users\wangsychn\.nuget\packages\flurl.http\4.0.2\lib\netstandard2.0\Flurl.Http.dll /reference:C:\Users\wangsychn\.nuget\packages\microsoft.bcl.asyncinterfaces\6.0.0\lib\netstandard2.0\Microsoft.Bcl.AsyncInterfaces.dll /reference:C:\Users\wangsychn\.nuget\packages\microsoft.bcl.timeprovider\8.0.0\lib\netstandard2.0\Microsoft.Bcl.TimeProvider.dll /reference:"C:\Program Files (x86)\Microsoft SDKs\UWPNuGetPackages\microsoft.netcore.universalwindowsplatform\6.2.14\ref\uap10.0.15138\Microsoft.CSharp.dll" /reference:C:\Users\wangsychn\.nuget\packages\win2d.uwp\1.25.0\lib\uap10.0\Microsoft.Graphics.Canvas.winmd /reference:C:\Users\wangsychn\.nuget\packages\microsoft.toolkit\7.1.2\lib\netstandard2.0\Microsoft.Toolkit.dll /reference:C:\Users\wangsychn\.nuget\packages\microsoft.toolkit.uwp.connectivity\7.1.3\lib\uap10.0.17763\Microsoft.Toolkit.Uwp.Connectivity.dll /reference:C:\Users\wangsychn\.nuget\packages\microsoft.toolkit.uwp\7.1.3\lib\uap10.0.17763\Microsoft.Toolkit.Uwp.dll /reference:C:\Users\wangsychn\.nuget\packages\microsoft.toolkit.uwp.notifications\7.1.3\lib\uap10.0.16299\Microsoft.Toolkit.Uwp.Notifications.dll /reference:C:\Users\wangsychn\.nuget\packages\microsoft.toolkit.uwp.ui.controls.core\7.1.3\lib\uap10.0.17763\Microsoft.Toolkit.Uwp.UI.Controls.Core.dll /reference:C:\Users\wangsychn\.nuget\packages\microsoft.toolkit.uwp.ui.controls.datagrid\7.1.3\lib\uap10.0.17763\Microsoft.Toolkit.Uwp.UI.Controls.DataGrid.dll /reference:C:\Users\wangsychn\.nuget\packages\microsoft.toolkit.uwp.ui.controls.input\7.1.3\lib\uap10.0.17763\Microsoft.Toolkit.Uwp.UI.Controls.Input.dll /reference:C:\Users\wangsychn\.nuget\packages\microsoft.toolkit.uwp.ui.controls.layout\7.1.3\lib\uap10.0.17763\Microsoft.Toolkit.Uwp.UI.Controls.Layout.dll /reference:C:\Users\wangsychn\.nuget\packages\microsoft.toolkit.uwp.ui.controls.markdown\7.1.3\lib\uap10.0.17763\Microsoft.Toolkit.Uwp.UI.Controls.Markdown.dll /reference:C:\Users\wangsychn\.nuget\packages\microsoft.toolkit.uwp.ui.controls.media\7.1.3\lib\uap10.0.17763\Microsoft.Toolkit.Uwp.UI.Controls.Media.dll /reference:C:\Users\wangsychn\.nuget\packages\microsoft.toolkit.uwp.ui.controls.primitives\7.1.3\lib\uap10.0.17763\Microsoft.Toolkit.Uwp.UI.Controls.Primitives.dll /reference:C:\Users\wangsychn\.nuget\packages\microsoft.toolkit.uwp.ui\7.1.3\lib\uap10.0.17763\Microsoft.Toolkit.Uwp.UI.dll /reference:"C:\Program Files (x86)\Windows Kits\10\bin\10.0.19041.0\XamlCompiler\Microsoft.UI.Xaml.Markup.winmd" /reference:C:\Users\wangsychn\.nuget\packages\microsoft.ui.xaml\2.8.6\lib\uap10.0\Microsoft.UI.Xaml.winmd /reference:"C:\Program Files (x86)\Microsoft SDKs\UWPNuGetPackages\microsoft.netcore.universalwindowsplatform\6.2.14\ref\uap10.0.15138\Microsoft.VisualBasic.dll" /reference:C:\Users\wangsychn\.nuget\packages\microsoft.web.webview2\1.0.1264.42\lib\Microsoft.Web.WebView2.Core.winmd /reference:"C:\Program Files (x86)\Microsoft SDKs\UWPNuGetPackages\microsoft.netcore.universalwindowsplatform\6.2.14\ref\uap10.0.15138\Microsoft.Win32.Primitives.dll" /reference:"C:\Program Files (x86)\Microsoft SDKs\UWPNuGetPackages\microsoft.netcore.universalwindowsplatform\6.2.14\ref\uap10.0.15138\mscorlib.dll" /reference:"C:\Program Files (x86)\Microsoft SDKs\UWPNuGetPackages\microsoft.netcore.universalwindowsplatform\6.2.14\ref\uap10.0.15138\netstandard.dll" /reference:C:\Users\wangsychn\.nuget\packages\polly.core\8.4.1\lib\netstandard2.0\Polly.Core.dll /reference:C:\Users\wangsychn\.nuget\packages\polly\8.4.1\lib\netstandard2.0\Polly.dll /reference:C:\Users\wangsychn\.nuget\packages\querystring.net\1.0.0\lib\dotnet\QueryString.NETCore.dll /reference:"C:\Program Files (x86)\Microsoft SDKs\UWPNuGetPackages\microsoft.netcore.universalwindowsplatform\6.2.14\ref\uap10.0.15138\System.AppContext.dll" /reference:"C:\Program Files (x86)\Microsoft SDKs\UWPNuGetPackages\microsoft.netcore.universalwindowsplatform\6.2.14\ref\uap10.0.15138\System.Buffers.dll" /reference:"C:\Program Files (x86)\Microsoft SDKs\UWPNuGetPackages\microsoft.netcore.universalwindowsplatform\6.2.14\ref\uap10.0.15138\System.Collections.Concurrent.dll" /reference:"C:\Program Files (x86)\Microsoft SDKs\UWPNuGetPackages\microsoft.netcore.universalwindowsplatform\6.2.14\ref\uap10.0.15138\System.Collections.dll" /reference:"C:\Program Files (x86)\Microsoft SDKs\UWPNuGetPackages\microsoft.netcore.universalwindowsplatform\6.2.14\ref\uap10.0.15138\System.Collections.Immutable.dll" /reference:"C:\Program Files (x86)\Microsoft SDKs\UWPNuGetPackages\microsoft.netcore.universalwindowsplatform\6.2.14\ref\uap10.0.15138\System.Collections.NonGeneric.dll" /reference:"C:\Program Files (x86)\Microsoft SDKs\UWPNuGetPackages\microsoft.netcore.universalwindowsplatform\6.2.14\ref\uap10.0.15138\System.Collections.Specialized.dll" /reference:"C:\Program Files (x86)\Microsoft SDKs\UWPNuGetPackages\microsoft.netcore.universalwindowsplatform\6.2.14\ref\uap10.0.15138\System.ComponentModel.Annotations.dll" /reference:"C:\Program Files (x86)\Microsoft SDKs\UWPNuGetPackages\microsoft.netcore.universalwindowsplatform\6.2.14\ref\uap10.0.15138\System.ComponentModel.Composition.dll" /reference:"C:\Program Files (x86)\Microsoft SDKs\UWPNuGetPackages\microsoft.netcore.universalwindowsplatform\6.2.14\ref\uap10.0.15138\System.ComponentModel.DataAnnotations.dll" /reference:"C:\Program Files (x86)\Microsoft SDKs\UWPNuGetPackages\microsoft.netcore.universalwindowsplatform\6.2.14\ref\uap10.0.15138\System.ComponentModel.dll" /reference:"C:\Program Files (x86)\Microsoft SDKs\UWPNuGetPackages\microsoft.netcore.universalwindowsplatform\6.2.14\ref\uap10.0.15138\System.ComponentModel.EventBasedAsync.dll" /reference:"C:\Program Files (x86)\Microsoft SDKs\UWPNuGetPackages\microsoft.netcore.universalwindowsplatform\6.2.14\ref\uap10.0.15138\System.ComponentModel.Primitives.dll" /reference:"C:\Program Files (x86)\Microsoft SDKs\UWPNuGetPackages\microsoft.netcore.universalwindowsplatform\6.2.14\ref\uap10.0.15138\System.ComponentModel.TypeConverter.dll" /reference:"C:\Program Files (x86)\Microsoft SDKs\UWPNuGetPackages\microsoft.netcore.universalwindowsplatform\6.2.14\ref\uap10.0.15138\System.Configuration.dll" /reference:"C:\Program Files (x86)\Microsoft SDKs\UWPNuGetPackages\microsoft.netcore.universalwindowsplatform\6.2.14\ref\uap10.0.15138\System.Console.dll" /reference:"C:\Program Files (x86)\Microsoft SDKs\UWPNuGetPackages\microsoft.netcore.universalwindowsplatform\6.2.14\ref\uap10.0.15138\System.Core.dll" /reference:"C:\Program Files (x86)\Microsoft SDKs\UWPNuGetPackages\microsoft.netcore.universalwindowsplatform\6.2.14\ref\uap10.0.15138\System.Data.Common.dll" /reference:"C:\Program Files (x86)\Microsoft SDKs\UWPNuGetPackages\microsoft.netcore.universalwindowsplatform\6.2.14\ref\uap10.0.15138\System.Data.dll" /reference:"C:\Program Files (x86)\Microsoft SDKs\UWPNuGetPackages\microsoft.netcore.universalwindowsplatform\6.2.14\ref\uap10.0.15138\System.Data.SqlClient.dll" /reference:"C:\Program Files (x86)\Microsoft SDKs\UWPNuGetPackages\microsoft.netcore.universalwindowsplatform\6.2.14\ref\uap10.0.15138\System.Diagnostics.Contracts.dll" /reference:"C:\Program Files (x86)\Microsoft SDKs\UWPNuGetPackages\microsoft.netcore.universalwindowsplatform\6.2.14\ref\uap10.0.15138\System.Diagnostics.Debug.dll" /reference:"C:\Program Files (x86)\Microsoft SDKs\UWPNuGetPackages\microsoft.netcore.universalwindowsplatform\6.2.14\ref\uap10.0.15138\System.Diagnostics.FileVersionInfo.dll" /reference:"C:\Program Files (x86)\Microsoft SDKs\UWPNuGetPackages\microsoft.netcore.universalwindowsplatform\6.2.14\ref\uap10.0.15138\System.Diagnostics.Process.dll" /reference:"C:\Program Files (x86)\Microsoft SDKs\UWPNuGetPackages\microsoft.netcore.universalwindowsplatform\6.2.14\ref\uap10.0.15138\System.Diagnostics.StackTrace.dll" /reference:"C:\Program Files (x86)\Microsoft SDKs\UWPNuGetPackages\microsoft.netcore.universalwindowsplatform\6.2.14\ref\uap10.0.15138\System.Diagnostics.TextWriterTraceListener.dll" /reference:"C:\Program Files (x86)\Microsoft SDKs\UWPNuGetPackages\microsoft.netcore.universalwindowsplatform\6.2.14\ref\uap10.0.15138\System.Diagnostics.Tools.dll" /reference:"C:\Program Files (x86)\Microsoft SDKs\UWPNuGetPackages\microsoft.netcore.universalwindowsplatform\6.2.14\ref\uap10.0.15138\System.Diagnostics.TraceSource.dll" /reference:"C:\Program Files (x86)\Microsoft SDKs\UWPNuGetPackages\microsoft.netcore.universalwindowsplatform\6.2.14\ref\uap10.0.15138\System.Diagnostics.Tracing.dll" /reference:"C:\Program Files (x86)\Microsoft SDKs\UWPNuGetPackages\microsoft.netcore.universalwindowsplatform\6.2.14\ref\uap10.0.15138\System.dll" /reference:"C:\Program Files (x86)\Microsoft SDKs\UWPNuGetPackages\microsoft.netcore.universalwindowsplatform\6.2.14\ref\uap10.0.15138\System.Drawing.dll" /reference:"C:\Program Files (x86)\Microsoft SDKs\UWPNuGetPackages\microsoft.netcore.universalwindowsplatform\6.2.14\ref\uap10.0.15138\System.Drawing.Primitives.dll" /reference:"C:\Program Files (x86)\Microsoft SDKs\UWPNuGetPackages\microsoft.netcore.universalwindowsplatform\6.2.14\ref\uap10.0.15138\System.Dynamic.Runtime.dll" /reference:"C:\Program Files (x86)\Microsoft SDKs\UWPNuGetPackages\microsoft.netcore.universalwindowsplatform\6.2.14\ref\uap10.0.15138\System.Globalization.Calendars.dll" /reference:"C:\Program Files (x86)\Microsoft SDKs\UWPNuGetPackages\microsoft.netcore.universalwindowsplatform\6.2.14\ref\uap10.0.15138\System.Globalization.dll" /reference:"C:\Program Files (x86)\Microsoft SDKs\UWPNuGetPackages\microsoft.netcore.universalwindowsplatform\6.2.14\ref\uap10.0.15138\System.Globalization.Extensions.dll" /reference:"C:\Program Files (x86)\Microsoft SDKs\UWPNuGetPackages\microsoft.netcore.universalwindowsplatform\6.2.14\ref\uap10.0.15138\System.IO.Compression.dll" /reference:"C:\Program Files (x86)\Microsoft SDKs\UWPNuGetPackages\microsoft.netcore.universalwindowsplatform\6.2.14\ref\uap10.0.15138\System.IO.Compression.FileSystem.dll" /reference:"C:\Program Files (x86)\Microsoft SDKs\UWPNuGetPackages\microsoft.netcore.universalwindowsplatform\6.2.14\ref\uap10.0.15138\System.IO.Compression.ZipFile.dll" /reference:"C:\Program Files (x86)\Microsoft SDKs\UWPNuGetPackages\microsoft.netcore.universalwindowsplatform\6.2.14\ref\uap10.0.15138\System.IO.dll" /reference:"C:\Program Files (x86)\Microsoft SDKs\UWPNuGetPackages\microsoft.netcore.universalwindowsplatform\6.2.14\ref\uap10.0.15138\System.IO.FileSystem.dll" /reference:"C:\Program Files (x86)\Microsoft SDKs\UWPNuGetPackages\microsoft.netcore.universalwindowsplatform\6.2.14\ref\uap10.0.15138\System.IO.FileSystem.DriveInfo.dll" /reference:"C:\Program Files (x86)\Microsoft SDKs\UWPNuGetPackages\microsoft.netcore.universalwindowsplatform\6.2.14\ref\uap10.0.15138\System.IO.FileSystem.Primitives.dll" /reference:"C:\Program Files (x86)\Microsoft SDKs\UWPNuGetPackages\microsoft.netcore.universalwindowsplatform\6.2.14\ref\uap10.0.15138\System.IO.FileSystem.Watcher.dll" /reference:"C:\Program Files (x86)\Microsoft SDKs\UWPNuGetPackages\microsoft.netcore.universalwindowsplatform\6.2.14\ref\uap10.0.15138\System.IO.IsolatedStorage.dll" /reference:"C:\Program Files (x86)\Microsoft SDKs\UWPNuGetPackages\microsoft.netcore.universalwindowsplatform\6.2.14\ref\uap10.0.15138\System.IO.MemoryMappedFiles.dll" /reference:"C:\Program Files (x86)\Microsoft SDKs\UWPNuGetPackages\microsoft.netcore.universalwindowsplatform\6.2.14\ref\uap10.0.15138\System.IO.Pipes.dll" /reference:"C:\Program Files (x86)\Microsoft SDKs\UWPNuGetPackages\microsoft.netcore.universalwindowsplatform\6.2.14\ref\uap10.0.15138\System.IO.Ports.dll" /reference:"C:\Program Files (x86)\Microsoft SDKs\UWPNuGetPackages\microsoft.netcore.universalwindowsplatform\6.2.14\ref\uap10.0.15138\System.IO.UnmanagedMemoryStream.dll" /reference:"C:\Program Files (x86)\Microsoft SDKs\UWPNuGetPackages\microsoft.netcore.universalwindowsplatform\6.2.14\ref\uap10.0.15138\System.Linq.dll" /reference:"C:\Program Files (x86)\Microsoft SDKs\UWPNuGetPackages\microsoft.netcore.universalwindowsplatform\6.2.14\ref\uap10.0.15138\System.Linq.Expressions.dll" /reference:"C:\Program Files (x86)\Microsoft SDKs\UWPNuGetPackages\microsoft.netcore.universalwindowsplatform\6.2.14\ref\uap10.0.15138\System.Linq.Parallel.dll" /reference:"C:\Program Files (x86)\Microsoft SDKs\UWPNuGetPackages\microsoft.netcore.universalwindowsplatform\6.2.14\ref\uap10.0.15138\System.Linq.Queryable.dll" /reference:C:\Users\wangsychn\.nuget\packages\system.memory\4.5.4\lib\netstandard2.0\System.Memory.dll /reference:"C:\Program Files (x86)\Microsoft SDKs\UWPNuGetPackages\microsoft.netcore.universalwindowsplatform\6.2.14\ref\uap10.0.15138\System.Net.dll" /reference:"C:\Program Files (x86)\Microsoft SDKs\UWPNuGetPackages\microsoft.netcore.universalwindowsplatform\6.2.14\ref\uap10.0.15138\System.Net.Http.dll" /reference:"C:\Program Files (x86)\Microsoft SDKs\UWPNuGetPackages\microsoft.netcore.universalwindowsplatform\6.2.14\ref\uap10.0.15138\System.Net.Http.Rtc.dll" /reference:"C:\Program Files (x86)\Microsoft SDKs\UWPNuGetPackages\microsoft.netcore.universalwindowsplatform\6.2.14\ref\uap10.0.15138\System.Net.HttpListener.dll" /reference:"C:\Program Files (x86)\Microsoft SDKs\UWPNuGetPackages\microsoft.netcore.universalwindowsplatform\6.2.14\ref\uap10.0.15138\System.Net.Mail.dll" /reference:"C:\Program Files (x86)\Microsoft SDKs\UWPNuGetPackages\microsoft.netcore.universalwindowsplatform\6.2.14\ref\uap10.0.15138\System.Net.NameResolution.dll" /reference:"C:\Program Files (x86)\Microsoft SDKs\UWPNuGetPackages\microsoft.netcore.universalwindowsplatform\6.2.14\ref\uap10.0.15138\System.Net.NetworkInformation.dll" /reference:"C:\Program Files (x86)\Microsoft SDKs\UWPNuGetPackages\microsoft.netcore.universalwindowsplatform\6.2.14\ref\uap10.0.15138\System.Net.Ping.dll" /reference:"C:\Program Files (x86)\Microsoft SDKs\UWPNuGetPackages\microsoft.netcore.universalwindowsplatform\6.2.14\ref\uap10.0.15138\System.Net.Primitives.dll" /reference:"C:\Program Files (x86)\Microsoft SDKs\UWPNuGetPackages\microsoft.netcore.universalwindowsplatform\6.2.14\ref\uap10.0.15138\System.Net.Requests.dll" /reference:"C:\Program Files (x86)\Microsoft SDKs\UWPNuGetPackages\microsoft.netcore.universalwindowsplatform\6.2.14\ref\uap10.0.15138\System.Net.Security.dll" /reference:"C:\Program Files (x86)\Microsoft SDKs\UWPNuGetPackages\microsoft.netcore.universalwindowsplatform\6.2.14\ref\uap10.0.15138\System.Net.ServicePoint.dll" /reference:"C:\Program Files (x86)\Microsoft SDKs\UWPNuGetPackages\microsoft.netcore.universalwindowsplatform\6.2.14\ref\uap10.0.15138\System.Net.Sockets.dll" /reference:"C:\Program Files (x86)\Microsoft SDKs\UWPNuGetPackages\microsoft.netcore.universalwindowsplatform\6.2.14\ref\uap10.0.15138\System.Net.WebClient.dll" /reference:"C:\Program Files (x86)\Microsoft SDKs\UWPNuGetPackages\microsoft.netcore.universalwindowsplatform\6.2.14\ref\uap10.0.15138\System.Net.WebHeaderCollection.dll" /reference:"C:\Program Files (x86)\Microsoft SDKs\UWPNuGetPackages\microsoft.netcore.universalwindowsplatform\6.2.14\ref\uap10.0.15138\System.Net.WebProxy.dll" /reference:"C:\Program Files (x86)\Microsoft SDKs\UWPNuGetPackages\microsoft.netcore.universalwindowsplatform\6.2.14\ref\uap10.0.15138\System.Net.WebSockets.Client.dll" /reference:"C:\Program Files (x86)\Microsoft SDKs\UWPNuGetPackages\microsoft.netcore.universalwindowsplatform\6.2.14\ref\uap10.0.15138\System.Net.WebSockets.dll" /reference:"C:\Program Files (x86)\Microsoft SDKs\UWPNuGetPackages\microsoft.netcore.universalwindowsplatform\6.2.14\ref\uap10.0.15138\System.Numerics.dll" /reference:"C:\Program Files (x86)\Microsoft SDKs\UWPNuGetPackages\microsoft.netcore.universalwindowsplatform\6.2.14\ref\uap10.0.15138\System.Numerics.Vectors.dll" /reference:"C:\Program Files (x86)\Microsoft SDKs\UWPNuGetPackages\microsoft.netcore.universalwindowsplatform\6.2.14\ref\uap10.0.15138\System.Numerics.Vectors.WindowsRuntime.dll" /reference:"C:\Program Files (x86)\Microsoft SDKs\UWPNuGetPackages\microsoft.netcore.universalwindowsplatform\6.2.14\ref\uap10.0.15138\System.ObjectModel.dll" /reference:"C:\Program Files (x86)\Microsoft SDKs\UWPNuGetPackages\microsoft.netcore.universalwindowsplatform\6.2.14\ref\uap10.0.15138\System.Reflection.Context.dll" /reference:"C:\Program Files (x86)\Microsoft SDKs\UWPNuGetPackages\microsoft.netcore.universalwindowsplatform\6.2.14\ref\uap10.0.15138\System.Reflection.DispatchProxy.dll" /reference:"C:\Program Files (x86)\Microsoft SDKs\UWPNuGetPackages\microsoft.netcore.universalwindowsplatform\6.2.14\ref\uap10.0.15138\System.Reflection.dll" /reference:"C:\Program Files (x86)\Microsoft SDKs\UWPNuGetPackages\microsoft.netcore.universalwindowsplatform\6.2.14\ref\uap10.0.15138\System.Reflection.Extensions.dll" /reference:"C:\Program Files (x86)\Microsoft SDKs\UWPNuGetPackages\microsoft.netcore.universalwindowsplatform\6.2.14\ref\uap10.0.15138\System.Reflection.Metadata.dll" /reference:"C:\Program Files (x86)\Microsoft SDKs\UWPNuGetPackages\microsoft.netcore.universalwindowsplatform\6.2.14\ref\uap10.0.15138\System.Reflection.Primitives.dll" /reference:"C:\Program Files (x86)\Microsoft SDKs\UWPNuGetPackages\microsoft.netcore.universalwindowsplatform\6.2.14\ref\uap10.0.15138\System.Reflection.TypeExtensions.dll" /reference:"C:\Program Files (x86)\Microsoft SDKs\UWPNuGetPackages\microsoft.netcore.universalwindowsplatform\6.2.14\ref\uap10.0.15138\System.Resources.Reader.dll" /reference:"C:\Program Files (x86)\Microsoft SDKs\UWPNuGetPackages\microsoft.netcore.universalwindowsplatform\6.2.14\ref\uap10.0.15138\System.Resources.ResourceManager.dll" /reference:"C:\Program Files (x86)\Microsoft SDKs\UWPNuGetPackages\microsoft.netcore.universalwindowsplatform\6.2.14\ref\uap10.0.15138\System.Resources.Writer.dll" /reference:C:\Users\wangsychn\.nuget\packages\system.runtime.compilerservices.unsafe\6.0.0\lib\netstandard2.0\System.Runtime.CompilerServices.Unsafe.dll /reference:"C:\Program Files (x86)\Microsoft SDKs\UWPNuGetPackages\microsoft.netcore.universalwindowsplatform\6.2.14\ref\uap10.0.15138\System.Runtime.CompilerServices.VisualC.dll" /reference:"C:\Program Files (x86)\Microsoft SDKs\UWPNuGetPackages\microsoft.netcore.universalwindowsplatform\6.2.14\ref\uap10.0.15138\System.Runtime.dll" /reference:"C:\Program Files (x86)\Microsoft SDKs\UWPNuGetPackages\microsoft.netcore.universalwindowsplatform\6.2.14\ref\uap10.0.15138\System.Runtime.Extensions.dll" /reference:"C:\Program Files (x86)\Microsoft SDKs\UWPNuGetPackages\microsoft.netcore.universalwindowsplatform\6.2.14\ref\uap10.0.15138\System.Runtime.Handles.dll" /reference:"C:\Program Files (x86)\Microsoft SDKs\UWPNuGetPackages\microsoft.netcore.universalwindowsplatform\6.2.14\ref\uap10.0.15138\System.Runtime.InteropServices.dll" /reference:"C:\Program Files (x86)\Microsoft SDKs\UWPNuGetPackages\microsoft.netcore.universalwindowsplatform\6.2.14\ref\uap10.0.15138\System.Runtime.InteropServices.RuntimeInformation.dll" /reference:"C:\Program Files (x86)\Microsoft SDKs\UWPNuGetPackages\microsoft.netcore.universalwindowsplatform\6.2.14\ref\uap10.0.15138\System.Runtime.InteropServices.WindowsRuntime.dll" /reference:"C:\Program Files (x86)\Microsoft SDKs\UWPNuGetPackages\microsoft.netcore.universalwindowsplatform\6.2.14\ref\uap10.0.15138\System.Runtime.Numerics.dll" /reference:"C:\Program Files (x86)\Microsoft SDKs\UWPNuGetPackages\microsoft.netcore.universalwindowsplatform\6.2.14\ref\uap10.0.15138\System.Runtime.Serialization.dll" /reference:"C:\Program Files (x86)\Microsoft SDKs\UWPNuGetPackages\microsoft.netcore.universalwindowsplatform\6.2.14\ref\uap10.0.15138\System.Runtime.Serialization.Formatters.dll" /reference:"C:\Program Files (x86)\Microsoft SDKs\UWPNuGetPackages\microsoft.netcore.universalwindowsplatform\6.2.14\ref\uap10.0.15138\System.Runtime.Serialization.Json.dll" /reference:"C:\Program Files (x86)\Microsoft SDKs\UWPNuGetPackages\microsoft.netcore.universalwindowsplatform\6.2.14\ref\uap10.0.15138\System.Runtime.Serialization.Primitives.dll" /reference:"C:\Program Files (x86)\Microsoft SDKs\UWPNuGetPackages\microsoft.netcore.universalwindowsplatform\6.2.14\ref\uap10.0.15138\System.Runtime.Serialization.Xml.dll" /reference:"C:\Program Files (x86)\Microsoft SDKs\UWPNuGetPackages\microsoft.netcore.universalwindowsplatform\6.2.14\ref\uap10.0.15138\System.Runtime.WindowsRuntime.dll" /reference:"C:\Program Files (x86)\Microsoft SDKs\UWPNuGetPackages\microsoft.netcore.universalwindowsplatform\6.2.14\ref\uap10.0.15138\System.Runtime.WindowsRuntime.UI.Xaml.dll" /reference:"C:\Program Files (x86)\Microsoft SDKs\UWPNuGetPackages\microsoft.netcore.universalwindowsplatform\6.2.14\ref\uap10.0.15138\System.Security.AccessControl.dll" /reference:"C:\Program Files (x86)\Microsoft SDKs\UWPNuGetPackages\microsoft.netcore.universalwindowsplatform\6.2.14\ref\uap10.0.15138\System.Security.Claims.dll" /reference:"C:\Program Files (x86)\Microsoft SDKs\UWPNuGetPackages\microsoft.netcore.universalwindowsplatform\6.2.14\ref\uap10.0.15138\System.Security.Cryptography.Algorithms.dll" /reference:"C:\Program Files (x86)\Microsoft SDKs\UWPNuGetPackages\microsoft.netcore.universalwindowsplatform\6.2.14\ref\uap10.0.15138\System.Security.Cryptography.Cng.dll" /reference:"C:\Program Files (x86)\Microsoft SDKs\UWPNuGetPackages\microsoft.netcore.universalwindowsplatform\6.2.14\ref\uap10.0.15138\System.Security.Cryptography.Csp.dll" /reference:"C:\Program Files (x86)\Microsoft SDKs\UWPNuGetPackages\microsoft.netcore.universalwindowsplatform\6.2.14\ref\uap10.0.15138\System.Security.Cryptography.Encoding.dll" /reference:"C:\Program Files (x86)\Microsoft SDKs\UWPNuGetPackages\microsoft.netcore.universalwindowsplatform\6.2.14\ref\uap10.0.15138\System.Security.Cryptography.Primitives.dll" /reference:"C:\Program Files (x86)\Microsoft SDKs\UWPNuGetPackages\microsoft.netcore.universalwindowsplatform\6.2.14\ref\uap10.0.15138\System.Security.Cryptography.X509Certificates.dll" /reference:"C:\Program Files (x86)\Microsoft SDKs\UWPNuGetPackages\microsoft.netcore.universalwindowsplatform\6.2.14\ref\uap10.0.15138\System.Security.dll" /reference:"C:\Program Files (x86)\Microsoft SDKs\UWPNuGetPackages\microsoft.netcore.universalwindowsplatform\6.2.14\ref\uap10.0.15138\System.Security.Principal.dll" /reference:"C:\Program Files (x86)\Microsoft SDKs\UWPNuGetPackages\microsoft.netcore.universalwindowsplatform\6.2.14\ref\uap10.0.15138\System.Security.Principal.Windows.dll" /reference:"C:\Program Files (x86)\Microsoft SDKs\UWPNuGetPackages\microsoft.netcore.universalwindowsplatform\6.2.14\ref\uap10.0.15138\System.Security.SecureString.dll" /reference:"C:\Program Files (x86)\Microsoft SDKs\UWPNuGetPackages\microsoft.netcore.universalwindowsplatform\6.2.14\ref\uap10.0.15138\System.ServiceModel.dll" /reference:"C:\Program Files (x86)\Microsoft SDKs\UWPNuGetPackages\microsoft.netcore.universalwindowsplatform\6.2.14\ref\uap10.0.15138\System.ServiceModel.Duplex.dll" /reference:"C:\Program Files (x86)\Microsoft SDKs\UWPNuGetPackages\microsoft.netcore.universalwindowsplatform\6.2.14\ref\uap10.0.15138\System.ServiceModel.Http.dll" /reference:"C:\Program Files (x86)\Microsoft SDKs\UWPNuGetPackages\microsoft.netcore.universalwindowsplatform\6.2.14\ref\uap10.0.15138\System.ServiceModel.NetTcp.dll" /reference:"C:\Program Files (x86)\Microsoft SDKs\UWPNuGetPackages\microsoft.netcore.universalwindowsplatform\6.2.14\ref\uap10.0.15138\System.ServiceModel.Primitives.dll" /reference:"C:\Program Files (x86)\Microsoft SDKs\UWPNuGetPackages\microsoft.netcore.universalwindowsplatform\6.2.14\ref\uap10.0.15138\System.ServiceModel.Security.dll" /reference:"C:\Program Files (x86)\Microsoft SDKs\UWPNuGetPackages\microsoft.netcore.universalwindowsplatform\6.2.14\ref\uap10.0.15138\System.ServiceModel.Web.dll" /reference:"C:\Program Files (x86)\Microsoft SDKs\UWPNuGetPackages\microsoft.netcore.universalwindowsplatform\6.2.14\ref\uap10.0.15138\System.ServiceProcess.dll" /reference:C:\Users\wangsychn\.nuget\packages\system.text.encoding.codepages\4.5.1\lib\netstandard2.0\System.Text.Encoding.CodePages.dll /reference:"C:\Program Files (x86)\Microsoft SDKs\UWPNuGetPackages\microsoft.netcore.universalwindowsplatform\6.2.14\ref\uap10.0.15138\System.Text.Encoding.dll" /reference:"C:\Program Files (x86)\Microsoft SDKs\UWPNuGetPackages\microsoft.netcore.universalwindowsplatform\6.2.14\ref\uap10.0.15138\System.Text.Encoding.Extensions.dll" /reference:C:\Users\wangsychn\.nuget\packages\system.text.encodings.web\6.0.0\lib\netstandard2.0\System.Text.Encodings.Web.dll /reference:C:\Users\wangsychn\.nuget\packages\system.text.json\6.0.4\lib\netstandard2.0\System.Text.Json.dll /reference:"C:\Program Files (x86)\Microsoft SDKs\UWPNuGetPackages\microsoft.netcore.universalwindowsplatform\6.2.14\ref\uap10.0.15138\System.Text.RegularExpressions.dll" /reference:"C:\Program Files (x86)\Microsoft SDKs\UWPNuGetPackages\microsoft.netcore.universalwindowsplatform\6.2.14\ref\uap10.0.15138\System.Threading.dll" /reference:"C:\Program Files (x86)\Microsoft SDKs\UWPNuGetPackages\microsoft.netcore.universalwindowsplatform\6.2.14\ref\uap10.0.15138\System.Threading.Overlapped.dll" /reference:"C:\Program Files (x86)\Microsoft SDKs\UWPNuGetPackages\microsoft.netcore.universalwindowsplatform\6.2.14\ref\uap10.0.15138\System.Threading.Tasks.Dataflow.dll" /reference:"C:\Program Files (x86)\Microsoft SDKs\UWPNuGetPackages\microsoft.netcore.universalwindowsplatform\6.2.14\ref\uap10.0.15138\System.Threading.Tasks.dll" /reference:C:\Users\wangsychn\.nuget\packages\system.threading.tasks.extensions\4.5.4\lib\netstandard2.0\System.Threading.Tasks.Extensions.dll /reference:"C:\Program Files (x86)\Microsoft SDKs\UWPNuGetPackages\microsoft.netcore.universalwindowsplatform\6.2.14\ref\uap10.0.15138\System.Threading.Tasks.Parallel.dll" /reference:"C:\Program Files (x86)\Microsoft SDKs\UWPNuGetPackages\microsoft.netcore.universalwindowsplatform\6.2.14\ref\uap10.0.15138\System.Threading.Thread.dll" /reference:"C:\Program Files (x86)\Microsoft SDKs\UWPNuGetPackages\microsoft.netcore.universalwindowsplatform\6.2.14\ref\uap10.0.15138\System.Threading.ThreadPool.dll" /reference:"C:\Program Files (x86)\Microsoft SDKs\UWPNuGetPackages\microsoft.netcore.universalwindowsplatform\6.2.14\ref\uap10.0.15138\System.Threading.Timer.dll" /reference:"C:\Program Files (x86)\Microsoft SDKs\UWPNuGetPackages\microsoft.netcore.universalwindowsplatform\6.2.14\ref\uap10.0.15138\System.Transactions.dll" /reference:"C:\Program Files (x86)\Microsoft SDKs\UWPNuGetPackages\microsoft.netcore.universalwindowsplatform\6.2.14\ref\uap10.0.15138\System.Transactions.Local.dll" /reference:"C:\Program Files (x86)\Microsoft SDKs\UWPNuGetPackages\microsoft.netcore.universalwindowsplatform\6.2.14\ref\uap10.0.15138\System.ValueTuple.dll" /reference:"C:\Program Files (x86)\Microsoft SDKs\UWPNuGetPackages\microsoft.netcore.universalwindowsplatform\6.2.14\ref\uap10.0.15138\System.Web.dll" /reference:"C:\Program Files (x86)\Microsoft SDKs\UWPNuGetPackages\microsoft.netcore.universalwindowsplatform\6.2.14\ref\uap10.0.15138\System.Web.HttpUtility.dll" /reference:"C:\Program Files (x86)\Microsoft SDKs\UWPNuGetPackages\microsoft.netcore.universalwindowsplatform\6.2.14\ref\uap10.0.15138\System.Windows.dll" /reference:"C:\Program Files (x86)\Microsoft SDKs\UWPNuGetPackages\microsoft.netcore.universalwindowsplatform\6.2.14\ref\uap10.0.15138\System.Xml.dll" /reference:"C:\Program Files (x86)\Microsoft SDKs\UWPNuGetPackages\microsoft.netcore.universalwindowsplatform\6.2.14\ref\uap10.0.15138\System.Xml.Linq.dll" /reference:"C:\Program Files (x86)\Microsoft SDKs\UWPNuGetPackages\microsoft.netcore.universalwindowsplatform\6.2.14\ref\uap10.0.15138\System.Xml.ReaderWriter.dll" /reference:"C:\Program Files (x86)\Microsoft SDKs\UWPNuGetPackages\microsoft.netcore.universalwindowsplatform\6.2.14\ref\uap10.0.15138\System.Xml.Serialization.dll" /reference:"C:\Program Files (x86)\Microsoft SDKs\UWPNuGetPackages\microsoft.netcore.universalwindowsplatform\6.2.14\ref\uap10.0.15138\System.Xml.XDocument.dll" /reference:"C:\Program Files (x86)\Microsoft SDKs\UWPNuGetPackages\microsoft.netcore.universalwindowsplatform\6.2.14\ref\uap10.0.15138\System.Xml.XmlDocument.dll" /reference:"C:\Program Files (x86)\Microsoft SDKs\UWPNuGetPackages\microsoft.netcore.universalwindowsplatform\6.2.14\ref\uap10.0.15138\System.Xml.XmlSerializer.dll" /reference:"C:\Program Files (x86)\Microsoft SDKs\UWPNuGetPackages\microsoft.netcore.universalwindowsplatform\6.2.14\ref\uap10.0.15138\System.Xml.XPath.dll" /reference:"C:\Program Files (x86)\Microsoft SDKs\UWPNuGetPackages\microsoft.netcore.universalwindowsplatform\6.2.14\ref\uap10.0.15138\System.Xml.XPath.XDocument.dll" /reference:"C:\Program Files (x86)\Microsoft SDKs\UWPNuGetPackages\microsoft.netcore.universalwindowsplatform\6.2.14\ref\uap10.0.15138\WindowsBase.dll" /reference:"C:\Program Files (x86)\Windows Kits\10\References\10.0.19041.0\Windows.AI.MachineLearning.MachineLearningContract\3.0.0.0\Windows.AI.MachineLearning.MachineLearningContract.winmd" /reference:"C:\Program Files (x86)\Windows Kits\10\References\10.0.19041.0\Windows.AI.MachineLearning.Preview.MachineLearningPreviewContract\2.0.0.0\Windows.AI.MachineLearning.Preview.MachineLearningPreviewContract.winmd" /reference:"C:\Program Files (x86)\Windows Kits\10\References\10.0.19041.0\Windows.ApplicationModel.Calls.Background.CallsBackgroundContract\2.0.0.0\Windows.ApplicationModel.Calls.Background.CallsBackgroundContract.winmd" /reference:"C:\Program Files (x86)\Windows Kits\10\References\10.0.19041.0\Windows.ApplicationModel.Calls.CallsPhoneContract\5.0.0.0\Windows.ApplicationModel.Calls.CallsPhoneContract.winmd" /reference:"C:\Program Files (x86)\Windows Kits\10\References\10.0.19041.0\Windows.ApplicationModel.Calls.CallsVoipContract\4.0.0.0\Windows.ApplicationModel.Calls.CallsVoipContract.winmd" /reference:"C:\Program Files (x86)\Windows Kits\10\References\10.0.19041.0\Windows.ApplicationModel.CommunicationBlocking.CommunicationBlockingContract\2.0.0.0\Windows.ApplicationModel.CommunicationBlocking.CommunicationBlockingContract.winmd" /reference:"C:\Program Files (x86)\Windows Kits\10\References\10.0.19041.0\Windows.ApplicationModel.SocialInfo.SocialInfoContract\2.0.0.0\Windows.ApplicationModel.SocialInfo.SocialInfoContract.winmd" /reference:"C:\Program Files (x86)\Windows Kits\10\References\10.0.19041.0\Windows.ApplicationModel.StartupTaskContract\3.0.0.0\Windows.ApplicationModel.StartupTaskContract.winmd" /reference:"C:\Program Files (x86)\Windows Kits\10\References\10.0.19041.0\Windows.Devices.Custom.CustomDeviceContract\1.0.0.0\Windows.Devices.Custom.CustomDeviceContract.winmd" /reference:"C:\Program Files (x86)\Windows Kits\10\References\10.0.19041.0\Windows.Devices.DevicesLowLevelContract\3.0.0.0\Windows.Devices.DevicesLowLevelContract.winmd" /reference:"C:\Program Files (x86)\Windows Kits\10\References\10.0.19041.0\Windows.Devices.Printers.PrintersContract\1.0.0.0\Windows.Devices.Printers.PrintersContract.winmd" /reference:"C:\Program Files (x86)\Windows Kits\10\References\10.0.19041.0\Windows.Devices.SmartCards.SmartCardBackgroundTriggerContract\3.0.0.0\Windows.Devices.SmartCards.SmartCardBackgroundTriggerContract.winmd" /reference:"C:\Program Files (x86)\Windows Kits\10\References\10.0.19041.0\Windows.Devices.SmartCards.SmartCardEmulatorContract\6.0.0.0\Windows.Devices.SmartCards.SmartCardEmulatorContract.winmd" /reference:"C:\Program Files (x86)\Windows Kits\10\References\10.0.19041.0\Windows.Foundation.FoundationContract\4.0.0.0\Windows.Foundation.FoundationContract.winmd" /reference:"C:\Program Files (x86)\Windows Kits\10\References\10.0.19041.0\Windows.Foundation.UniversalApiContract\10.0.0.0\Windows.Foundation.UniversalApiContract.winmd" /reference:"C:\Program Files (x86)\Windows Kits\10\References\10.0.19041.0\Windows.Gaming.XboxLive.StorageApiContract\1.0.0.0\Windows.Gaming.XboxLive.StorageApiContract.winmd" /reference:"C:\Program Files (x86)\Windows Kits\10\References\10.0.19041.0\Windows.Graphics.Printing3D.Printing3DContract\4.0.0.0\Windows.Graphics.Printing3D.Printing3DContract.winmd" /reference:"C:\Program Files (x86)\Windows Kits\10\References\10.0.19041.0\Windows.Networking.Connectivity.WwanContract\2.0.0.0\Windows.Networking.Connectivity.WwanContract.winmd" /reference:"C:\Program Files (x86)\Windows Kits\10\References\10.0.19041.0\Windows.Networking.Sockets.ControlChannelTriggerContract\3.0.0.0\Windows.Networking.Sockets.ControlChannelTriggerContract.winmd" /reference:"C:\Program Files (x86)\Windows Kits\10\References\10.0.19041.0\Windows.Security.Isolation.IsolatedWindowsEnvironmentContract\2.0.0.0\Windows.Security.Isolation.Isolatedwindowsenvironmentcontract.winmd" /reference:"C:\Program Files (x86)\Windows Kits\10\References\10.0.19041.0\Windows.Services.Maps.GuidanceContract\3.0.0.0\Windows.Services.Maps.GuidanceContract.winmd" /reference:"C:\Program Files (x86)\Windows Kits\10\References\10.0.19041.0\Windows.Services.Maps.LocalSearchContract\4.0.0.0\Windows.Services.Maps.LocalSearchContract.winmd" /reference:"C:\Program Files (x86)\Windows Kits\10\References\10.0.19041.0\Windows.Services.Store.StoreContract\4.0.0.0\Windows.Services.Store.StoreContract.winmd" /reference:"C:\Program Files (x86)\Windows Kits\10\References\10.0.19041.0\Windows.Services.TargetedContent.TargetedContentContract\1.0.0.0\Windows.Services.TargetedContent.TargetedContentContract.winmd" /reference:"C:\Program Files (x86)\Windows Kits\10\References\10.0.19041.0\Windows.Storage.Provider.CloudFilesContract\4.0.0.0\Windows.Storage.Provider.CloudFilesContract.winmd" /reference:"C:\Program Files (x86)\Windows Kits\10\References\10.0.19041.0\Windows.System.Profile.ProfileHardwareTokenContract\1.0.0.0\Windows.System.Profile.ProfileHardwareTokenContract.winmd" /reference:"C:\Program Files (x86)\Windows Kits\10\References\10.0.19041.0\Windows.System.Profile.ProfileSharedModeContract\2.0.0.0\Windows.System.Profile.ProfileSharedModeContract.winmd" /reference:"C:\Program Files (x86)\Windows Kits\10\References\10.0.19041.0\Windows.System.Profile.SystemManufacturers.SystemManufacturersContract\3.0.0.0\Windows.System.Profile.SystemManufacturers.SystemManufacturersContract.winmd" /reference:"C:\Program Files (x86)\Windows Kits\10\References\10.0.19041.0\Windows.System.SystemManagementContract\7.0.0.0\Windows.System.SystemManagementContract.winmd" /reference:"C:\Program Files (x86)\Windows Kits\10\References\10.0.19041.0\Windows.UI.ViewManagement.ViewManagementViewScalingContract\1.0.0.0\Windows.UI.ViewManagement.ViewManagementViewScalingContract.winmd" /reference:"C:\Program Files (x86)\Windows Kits\10\References\10.0.19041.0\Windows.UI.Xaml.Core.Direct.XamlDirectContract\2.0.0.0\Windows.UI.Xaml.Core.Direct.XamlDirectContract.winmd" /reference:"C:\Program Files (x86)\Windows Kits\10\UnionMetadata\10.0.19041.0\Facade\Windows.winmd" /debug+ /debug:full /filealign:512 /out:obj\x64\Debug\Bangumi.exe /subsystemversion:6.02 /target:appcontainerexe /utf8output /langversion:latest /analyzer:C:\Users\wangsychn\.nuget\packages\system.text.json\6.0.4\analyzers\dotnet\roslyn3.11\cs\System.Text.Json.SourceGeneration.dll /analyzer:C:\Users\wangsychn\.nuget\packages\system.text.json\6.0.4\analyzers\dotnet\roslyn3.11\cs\cs\System.Text.Json.SourceGeneration.resources.dll /analyzer:C:\Users\wangsychn\.nuget\packages\system.text.json\6.0.4\analyzers\dotnet\roslyn3.11\cs\de\System.Text.Json.SourceGeneration.resources.dll /analyzer:C:\Users\wangsychn\.nuget\packages\system.text.json\6.0.4\analyzers\dotnet\roslyn3.11\cs\es\System.Text.Json.SourceGeneration.resources.dll /analyzer:C:\Users\wangsychn\.nuget\packages\system.text.json\6.0.4\analyzers\dotnet\roslyn3.11\cs\fr\System.Text.Json.SourceGeneration.resources.dll /analyzer:C:\Users\wangsychn\.nuget\packages\system.text.json\6.0.4\analyzers\dotnet\roslyn3.11\cs\it\System.Text.Json.SourceGeneration.resources.dll /analyzer:C:\Users\wangsychn\.nuget\packages\system.text.json\6.0.4\analyzers\dotnet\roslyn3.11\cs\ja\System.Text.Json.SourceGeneration.resources.dll /analyzer:C:\Users\wangsychn\.nuget\packages\system.text.json\6.0.4\analyzers\dotnet\roslyn3.11\cs\ko\System.Text.Json.SourceGeneration.resources.dll /analyzer:C:\Users\wangsychn\.nuget\packages\system.text.json\6.0.4\analyzers\dotnet\roslyn3.11\cs\pl\System.Text.Json.SourceGeneration.resources.dll /analyzer:C:\Users\wangsychn\.nuget\packages\system.text.json\6.0.4\analyzers\dotnet\roslyn3.11\cs\pt-BR\System.Text.Json.SourceGeneration.resources.dll /analyzer:C:\Users\wangsychn\.nuget\packages\system.text.json\6.0.4\analyzers\dotnet\roslyn3.11\cs\ru\System.Text.Json.SourceGeneration.resources.dll /analyzer:C:\Users\wangsychn\.nuget\packages\system.text.json\6.0.4\analyzers\dotnet\roslyn3.11\cs\tr\System.Text.Json.SourceGeneration.resources.dll /analyzer:C:\Users\wangsychn\.nuget\packages\system.text.json\6.0.4\analyzers\dotnet\roslyn3.11\cs\zh-Hans\System.Text.Json.SourceGeneration.resources.dll /analyzer:C:\Users\wangsychn\.nuget\packages\system.text.json\6.0.4\analyzers\dotnet\roslyn3.11\cs\zh-Hant\System.Text.Json.SourceGeneration.resources.dll /analyzer:C:\Users\wangsychn\.nuget\packages\system.text.json\6.0.4\analyzers\dotnet\roslyn4.0\cs\System.Text.Json.SourceGeneration.dll /analyzer:C:\Users\wangsychn\.nuget\packages\system.text.json\6.0.4\analyzers\dotnet\roslyn4.0\cs\cs\System.Text.Json.SourceGeneration.resources.dll /analyzer:C:\Users\wangsychn\.nuget\packages\system.text.json\6.0.4\analyzers\dotnet\roslyn4.0\cs\de\System.Text.Json.SourceGeneration.resources.dll /analyzer:C:\Users\wangsychn\.nuget\packages\system.text.json\6.0.4\analyzers\dotnet\roslyn4.0\cs\es\System.Text.Json.SourceGeneration.resources.dll /analyzer:C:\Users\wangsychn\.nuget\packages\system.text.json\6.0.4\analyzers\dotnet\roslyn4.0\cs\fr\System.Text.Json.SourceGeneration.resources.dll /analyzer:C:\Users\wangsychn\.nuget\packages\system.text.json\6.0.4\analyzers\dotnet\roslyn4.0\cs\it\System.Text.Json.SourceGeneration.resources.dll /analyzer:C:\Users\wangsychn\.nuget\packages\system.text.json\6.0.4\analyzers\dotnet\roslyn4.0\cs\ja\System.Text.Json.SourceGeneration.resources.dll /analyzer:C:\Users\wangsychn\.nuget\packages\system.text.json\6.0.4\analyzers\dotnet\roslyn4.0\cs\ko\System.Text.Json.SourceGeneration.resources.dll /analyzer:C:\Users\wangsychn\.nuget\packages\system.text.json\6.0.4\analyzers\dotnet\roslyn4.0\cs\pl\System.Text.Json.SourceGeneration.resources.dll /analyzer:C:\Users\wangsychn\.nuget\packages\system.text.json\6.0.4\analyzers\dotnet\roslyn4.0\cs\pt-BR\System.Text.Json.SourceGeneration.resources.dll /analyzer:C:\Users\wangsychn\.nuget\packages\system.text.json\6.0.4\analyzers\dotnet\roslyn4.0\cs\ru\System.Text.Json.SourceGeneration.resources.dll /analyzer:C:\Users\wangsychn\.nuget\packages\system.text.json\6.0.4\analyzers\dotnet\roslyn4.0\cs\tr\System.Text.Json.SourceGeneration.resources.dll /analyzer:C:\Users\wangsychn\.nuget\packages\system.text.json\6.0.4\analyzers\dotnet\roslyn4.0\cs\zh-Hans\System.Text.Json.SourceGeneration.resources.dll /analyzer:C:\Users\wangsychn\.nuget\packages\system.text.json\6.0.4\analyzers\dotnet\roslyn4.0\cs\zh-Hant\System.Text.Json.SourceGeneration.resources.dll App.xaml.cs BackgroundTasks\BackgroundActivity.cs BackgroundTasks\ToastBackgroundTask.cs Common\Constants.cs Common\Converters.cs Common\ViewModelBase.cs ContentDialogs\CollectionEditContentDialog.xaml.cs ContentDialogs\SitesContentDialog.xaml.cs Controls\MusicDisk.xaml.cs Controls\GameSubject.xaml.cs Controls\BookChapter.xaml.cs Controls\AnimeEpisode.xaml.cs Controls\InAppNotification.xaml.cs Controls\ItemsStretchWrapGrid.cs Controls\TitleBar\TitleBarEx.xaml.cs Controls\RateTemplateDictionary.xaml.cs Helper\CollectionHelper.cs Helper\EncryptionHelper.cs Helper\FileSizeHelper.cs Helper\NetworkHelper.cs Helper\NotificationHelper.cs Helper\OAuthHelper.cs Helper\SettingHelper.cs Helper\Singleton.cs Helper\ToastNotificationHelper.cs MainPage.xaml.cs ViewModels\CollectionViewModel.cs ViewModels\DetailViewModel.cs ViewModels\EpisodeViewModel.cs ViewModels\ProgressViewModel.cs ViewModels\SearchViewModel.cs ViewModels\SettingViewModel.cs ViewModels\CalendarViewModel.cs Views\CollectionPage.xaml.cs Views\DetailPage.xaml.cs Views\EpisodePage.xaml.cs Views\HomePage.xaml.cs Views\IPageStatus.cs Views\LoginPage.xaml.cs Views\ProgressPage.xaml.cs Views\SearchPage.xaml.cs Views\ShellPlaceholderPage.xaml.cs Views\SettingsPage.xaml.cs Views\CalendarPage.xaml.cs Properties\AssemblyInfo.cs C:\Users\wangsychn\Documents\GitHub\Bangumi\Bangumi\obj\x64\Debug\App.g.i.cs C:\Users\wangsychn\Documents\GitHub\Bangumi\Bangumi\obj\x64\Debug\App.g.cs C:\Users\wangsychn\Documents\GitHub\Bangumi\Bangumi\obj\x64\Debug\ContentDialogs\CollectionEditContentDialog.g.i.cs C:\Users\wangsychn\Documents\GitHub\Bangumi\Bangumi\obj\x64\Debug\ContentDialogs\CollectionEditContentDialog.g.cs C:\Users\wangsychn\Documents\GitHub\Bangumi\Bangumi\obj\x64\Debug\ContentDialogs\SitesContentDialog.g.i.cs C:\Users\wangsychn\Documents\GitHub\Bangumi\Bangumi\obj\x64\Debug\ContentDialogs\SitesContentDialog.g.cs C:\Users\wangsychn\Documents\GitHub\Bangumi\Bangumi\obj\x64\Debug\Controls\MusicDisk.g.i.cs C:\Users\wangsychn\Documents\GitHub\Bangumi\Bangumi\obj\x64\Debug\Controls\MusicDisk.g.cs C:\Users\wangsychn\Documents\GitHub\Bangumi\Bangumi\obj\x64\Debug\Controls\GameSubject.g.i.cs C:\Users\wangsychn\Documents\GitHub\Bangumi\Bangumi\obj\x64\Debug\Controls\GameSubject.g.cs C:\Users\wangsychn\Documents\GitHub\Bangumi\Bangumi\obj\x64\Debug\Controls\BookChapter.g.i.cs C:\Users\wangsychn\Documents\GitHub\Bangumi\Bangumi\obj\x64\Debug\Controls\BookChapter.g.cs C:\Users\wangsychn\Documents\GitHub\Bangumi\Bangumi\obj\x64\Debug\Controls\AnimeEpisode.g.i.cs C:\Users\wangsychn\Documents\GitHub\Bangumi\Bangumi\obj\x64\Debug\Controls\AnimeEpisode.g.cs C:\Users\wangsychn\Documents\GitHub\Bangumi\Bangumi\obj\x64\Debug\Controls\InAppNotification.g.i.cs C:\Users\wangsychn\Documents\GitHub\Bangumi\Bangumi\obj\x64\Debug\Controls\InAppNotification.g.cs C:\Users\wangsychn\Documents\GitHub\Bangumi\Bangumi\obj\x64\Debug\Controls\RateTemplateDictionary.g.i.cs C:\Users\wangsychn\Documents\GitHub\Bangumi\Bangumi\obj\x64\Debug\Controls\RateTemplateDictionary.g.cs C:\Users\wangsychn\Documents\GitHub\Bangumi\Bangumi\obj\x64\Debug\Controls\TitleBar\TitleBarEx.g.i.cs C:\Users\wangsychn\Documents\GitHub\Bangumi\Bangumi\obj\x64\Debug\Controls\TitleBar\TitleBarEx.g.cs C:\Users\wangsychn\Documents\GitHub\Bangumi\Bangumi\obj\x64\Debug\MainPage.g.i.cs C:\Users\wangsychn\Documents\GitHub\Bangumi\Bangumi\obj\x64\Debug\MainPage.g.cs C:\Users\wangsychn\Documents\GitHub\Bangumi\Bangumi\obj\x64\Debug\Views\CollectionPage.g.i.cs C:\Users\wangsychn\Documents\GitHub\Bangumi\Bangumi\obj\x64\Debug\Views\CollectionPage.g.cs C:\Users\wangsychn\Documents\GitHub\Bangumi\Bangumi\obj\x64\Debug\Views\DetailPage.g.i.cs C:\Users\wangsychn\Documents\GitHub\Bangumi\Bangumi\obj\x64\Debug\Views\DetailPage.g.cs C:\Users\wangsychn\Documents\GitHub\Bangumi\Bangumi\obj\x64\Debug\Views\EpisodePage.g.i.cs C:\Users\wangsychn\Documents\GitHub\Bangumi\Bangumi\obj\x64\Debug\Views\EpisodePage.g.cs C:\Users\wangsychn\Documents\GitHub\Bangumi\Bangumi\obj\x64\Debug\Views\HomePage.g.i.cs C:\Users\wangsychn\Documents\GitHub\Bangumi\Bangumi\obj\x64\Debug\Views\HomePage.g.cs C:\Users\wangsychn\Documents\GitHub\Bangumi\Bangumi\obj\x64\Debug\Views\LoginPage.g.i.cs C:\Users\wangsychn\Documents\GitHub\Bangumi\Bangumi\obj\x64\Debug\Views\LoginPage.g.cs C:\Users\wangsychn\Documents\GitHub\Bangumi\Bangumi\obj\x64\Debug\Views\ProgressPage.g.i.cs C:\Users\wangsychn\Documents\GitHub\Bangumi\Bangumi\obj\x64\Debug\Views\ProgressPage.g.cs C:\Users\wangsychn\Documents\GitHub\Bangumi\Bangumi\obj\x64\Debug\Views\SearchPage.g.i.cs C:\Users\wangsychn\Documents\GitHub\Bangumi\Bangumi\obj\x64\Debug\Views\SearchPage.g.cs C:\Users\wangsychn\Documents\GitHub\Bangumi\Bangumi\obj\x64\Debug\Views\ShellPlaceholderPage.g.i.cs C:\Users\wangsychn\Documents\GitHub\Bangumi\Bangumi\obj\x64\Debug\Views\ShellPlaceholderPage.g.cs C:\Users\wangsychn\Documents\GitHub\Bangumi\Bangumi\obj\x64\Debug\Views\SettingsPage.g.i.cs C:\Users\wangsychn\Documents\GitHub\Bangumi\Bangumi\obj\x64\Debug\Views\SettingsPage.g.cs C:\Users\wangsychn\Documents\GitHub\Bangumi\Bangumi\obj\x64\Debug\Views\CalendarPage.g.i.cs C:\Users\wangsychn\Documents\GitHub\Bangumi\Bangumi\obj\x64\Debug\Views\CalendarPage.g.cs C:\Users\wangsychn\Documents\GitHub\Bangumi\Bangumi\obj\x64\Debug\XamlTypeInfo.g.cs "obj\x64\Debug\.NETCore,Version=v5.0.AssemblyAttributes.cs"
         CompilerServer: server failed - server rejected the request due to analyzer / generator issues 'analyzer assembly 'C:\Users\wangsychn\.nuget\packages\system.text.json\6.0.4\analyzers\dotnet\roslyn4.0\cs\System.Text.Json.SourceGeneration.dll' has MVID 'c94c7f5b-b800-4e24-8a37-5cd0700eae05' but loaded assembly 'C:\Users\wangsychn\.nuget\packages\system.text.json\6.0.4\analyzers\dotnet\roslyn3.11\cs\System.Text.Json.SourceGeneration.dll' has MVID '79aae5bf-4c80-4c5b-b8f6-45e9ef650dbd'' - Bangumi
     2>C:\Users\wangsychn\Documents\GitHub\Bangumi\Bangumi\obj\x64\Debug\Controls\BookChapter.g.cs(236,29): warning CS4014: 由于此调用不会等待，因此在此调用完成之前将会继续执行当前方法。请考虑将 "await" 运算符应用于调用结果。 [C:\Users\wangsychn\Documents\GitHub\Bangumi\Bangumi\Bangumi.csproj]
     2>C:\Users\wangsychn\Documents\GitHub\Bangumi\Bangumi\ViewModels\SettingViewModel.cs(347,27): warning CS1998: 此异步方法缺少 "await" 运算符，将以同步方式运行。请考虑使用 "await" 运算符等待非阻止的 API 调用，或者使用 "await Task.Run(...)" 在后台线程上执行占用大量 CPU 的工作。 [C:\Users\wangsychn\Documents\GitHub\Bangumi\Bangumi\Bangumi.csproj]
     2>C:\Users\wangsychn\Documents\GitHub\Bangumi\Bangumi\BackgroundTasks\BackgroundActivity.cs(185,25): warning CS0612: “SubjectForWatching.Eps”已过时 [C:\Users\wangsychn\Documents\GitHub\Bangumi\Bangumi\Bangumi.csproj]
     2>C:\Users\wangsychn\Documents\GitHub\Bangumi\Bangumi\ViewModels\ProgressViewModel.cs(273,21): warning CS0612: “SubjectForWatching.Eps”已过时 [C:\Users\wangsychn\Documents\GitHub\Bangumi\Bangumi\Bangumi.csproj]
     2>C:\Users\wangsychn\Documents\GitHub\Bangumi\Bangumi\obj\x64\Debug\Views\ProgressPage.g.cs(352,29): warning CS4014: 由于此调用不会等待，因此在此调用完成之前将会继续执行当前方法。请考虑将 "await" 运算符应用于调用结果。 [C:\Users\wangsychn\Documents\GitHub\Bangumi\Bangumi\Bangumi.csproj]
     2>C:\Users\wangsychn\Documents\GitHub\Bangumi\Bangumi\obj\x64\Debug\Views\ProgressPage.g.cs(385,29): warning CS4014: 由于此调用不会等待，因此在此调用完成之前将会继续执行当前方法。请考虑将 "await" 运算符应用于调用结果。 [C:\Users\wangsychn\Documents\GitHub\Bangumi\Bangumi\Bangumi.csproj]
     2>C:\Users\wangsychn\Documents\GitHub\Bangumi\Bangumi\obj\x64\Debug\Views\ProgressPage.g.cs(406,29): warning CS4014: 由于此调用不会等待，因此在此调用完成之前将会继续执行当前方法。请考虑将 "await" 运算符应用于调用结果。 [C:\Users\wangsychn\Documents\GitHub\Bangumi\Bangumi\Bangumi.csproj]
     2>C:\Users\wangsychn\Documents\GitHub\Bangumi\Bangumi\BackgroundTasks\BackgroundActivity.cs(38,14): warning CS0414: 字段“BackgroundActivity._progress”已被赋值，但从未使用过它的值 [C:\Users\wangsychn\Documents\GitHub\Bangumi\Bangumi\Bangumi.csproj]
     2>C:\Users\wangsychn\Documents\GitHub\Bangumi\Bangumi\BackgroundTasks\BackgroundActivity.cs(36,23): warning CS0414: 字段“BackgroundActivity._cancelRequested”已被赋值，但从未使用过它的值 [C:\Users\wangsychn\Documents\GitHub\Bangumi\Bangumi\Bangumi.csproj]
       _CopyOutOfDateSourceItemsToOutputDirectory:
       正在跳过目标“_CopyOutOfDateSourceItemsToOutputDirectory”，因为所有输出文件相对于输入文件而言都是最新的。
       CopyGeneratedXaml:
         正在将文件从“C:\Users\wangsychn\Documents\GitHub\Bangumi\Bangumi\obj\x64\Debug\App.xbf”复制到“C:\Users\wangsychn\Documents\GitHub\Bangumi\Bangumi\bin\x64\Debug\App.xbf”。
         正在将文件从“C:\Users\wangsychn\Documents\GitHub\Bangumi\Bangumi\obj\x64\Debug\ContentDialogs\CollectionEditContentDialog.xbf”复制到“C:\Users\wangsychn\Documents\GitHub\Bangumi\Bangumi\bin\x64\Debug\ContentDialogs\CollectionEditContentDialog.xbf”。
         正在将文件从“C:\Users\wangsychn\Documents\GitHub\Bangumi\Bangumi\obj\x64\Debug\ContentDialogs\SitesContentDialog.xbf”复制到“C:\Users\wangsychn\Documents\GitHub\Bangumi\Bangumi\bin\x64\Debug\ContentDialogs\SitesContentDialog.xbf”。
         正在将文件从“C:\Users\wangsychn\Documents\GitHub\Bangumi\Bangumi\obj\x64\Debug\Controls\GameSubject.xbf”复制到“C:\Users\wangsychn\Documents\GitHub\Bangumi\Bangumi\bin\x64\Debug\Controls\GameSubject.xbf”。
         正在将文件从“C:\Users\wangsychn\Documents\GitHub\Bangumi\Bangumi\obj\x64\Debug\Controls\MusicDisk.xbf”复制到“C:\Users\wangsychn\Documents\GitHub\Bangumi\Bangumi\bin\x64\Debug\Controls\MusicDisk.xbf”。
         正在将文件从“C:\Users\wangsychn\Documents\GitHub\Bangumi\Bangumi\obj\x64\Debug\Controls\InAppNotification.xbf”复制到“C:\Users\wangsychn\Documents\GitHub\Bangumi\Bangumi\bin\x64\Debug\Controls\InAppNotification.xbf”。
         正在将文件从“C:\Users\wangsychn\Documents\GitHub\Bangumi\Bangumi\obj\x64\Debug\Controls\AnimeEpisode.xbf”复制到“C:\Users\wangsychn\Documents\GitHub\Bangumi\Bangumi\bin\x64\Debug\Controls\AnimeEpisode.xbf”。
         正在将文件从“C:\Users\wangsychn\Documents\GitHub\Bangumi\Bangumi\obj\x64\Debug\Controls\TitleBar\TitleBarDictionary.xbf”复制到“C:\Users\wangsychn\Documents\GitHub\Bangumi\Bangumi\bin\x64\Debug\Controls\TitleBar\TitleBarDictionary.xbf”。
         正在将文件从“C:\Users\wangsychn\Documents\GitHub\Bangumi\Bangumi\obj\x64\Debug\Controls\BookChapter.xbf”复制到“C:\Users\wangsychn\Documents\GitHub\Bangumi\Bangumi\bin\x64\Debug\Controls\BookChapter.xbf”。
         正在将文件从“C:\Users\wangsychn\Documents\GitHub\Bangumi\Bangumi\obj\x64\Debug\Controls\TitleBar\TitleBarEx.xbf”复制到“C:\Users\wangsychn\Documents\GitHub\Bangumi\Bangumi\bin\x64\Debug\Controls\TitleBar\TitleBarEx.xbf”。
         正在将文件从“C:\Users\wangsychn\Documents\GitHub\Bangumi\Bangumi\obj\x64\Debug\MainPage.xbf”复制到“C:\Users\wangsychn\Documents\GitHub\Bangumi\Bangumi\bin\x64\Debug\MainPage.xbf”。
         正在将文件从“C:\Users\wangsychn\Documents\GitHub\Bangumi\Bangumi\obj\x64\Debug\Views\CollectionPage.xbf”复制到“C:\Users\wangsychn\Documents\GitHub\Bangumi\Bangumi\bin\x64\Debug\Views\CollectionPage.xbf”。
         正在将文件从“C:\Users\wangsychn\Documents\GitHub\Bangumi\Bangumi\obj\x64\Debug\Views\DetailPage.xbf”复制到“C:\Users\wangsychn\Documents\GitHub\Bangumi\Bangumi\bin\x64\Debug\Views\DetailPage.xbf”。
         正在将文件从“C:\Users\wangsychn\Documents\GitHub\Bangumi\Bangumi\obj\x64\Debug\Views\EpisodePage.xbf”复制到“C:\Users\wangsychn\Documents\GitHub\Bangumi\Bangumi\bin\x64\Debug\Views\EpisodePage.xbf”。
         正在将文件从“C:\Users\wangsychn\Documents\GitHub\Bangumi\Bangumi\obj\x64\Debug\Views\HomePage.xbf”复制到“C:\Users\wangsychn\Documents\GitHub\Bangumi\Bangumi\bin\x64\Debug\Views\HomePage.xbf”。
         正在将文件从“C:\Users\wangsychn\Documents\GitHub\Bangumi\Bangumi\obj\x64\Debug\Themes\Generic.xbf”复制到“C:\Users\wangsychn\Documents\GitHub\Bangumi\Bangumi\bin\x64\Debug\Themes\Generic.xbf”。
         正在将文件从“C:\Users\wangsychn\Documents\GitHub\Bangumi\Bangumi\obj\x64\Debug\Controls\RateTemplateDictionary.xbf”复制到“C:\Users\wangsychn\Documents\GitHub\Bangumi\Bangumi\bin\x64\Debug\Controls\RateTemplateDictionary.xbf”。
         正在将文件从“C:\Users\wangsychn\Documents\GitHub\Bangumi\Bangumi\obj\x64\Debug\Views\LoginPage.xbf”复制到“C:\Users\wangsychn\Documents\GitHub\Bangumi\Bangumi\bin\x64\Debug\Views\LoginPage.xbf”。
         正在将文件从“C:\Users\wangsychn\Documents\GitHub\Bangumi\Bangumi\obj\x64\Debug\Views\ProgressPage.xbf”复制到“C:\Users\wangsychn\Documents\GitHub\Bangumi\Bangumi\bin\x64\Debug\Views\ProgressPage.xbf”。
         正在将文件从“C:\Users\wangsychn\Documents\GitHub\Bangumi\Bangumi\obj\x64\Debug\Views\SearchPage.xbf”复制到“C:\Users\wangsychn\Documents\GitHub\Bangumi\Bangumi\bin\x64\Debug\Views\SearchPage.xbf”。
         正在将文件从“C:\Users\wangsychn\Documents\GitHub\Bangumi\Bangumi\obj\x64\Debug\Views\ShellPlaceholderPage.xbf”复制到“C:\Users\wangsychn\Documents\GitHub\Bangumi\Bangumi\bin\x64\Debug\Views\ShellPlaceholderPage.xbf”。
         正在将文件从“C:\Users\wangsychn\Documents\GitHub\Bangumi\Bangumi\obj\x64\Debug\Views\SettingsPage.xbf”复制到“C:\Users\wangsychn\Documents\GitHub\Bangumi\Bangumi\bin\x64\Debug\Views\SettingsPage.xbf”。
         正在将文件从“C:\Users\wangsychn\Documents\GitHub\Bangumi\Bangumi\obj\x64\Debug\Views\CalendarPage.xbf”复制到“C:\Users\wangsychn\Documents\GitHub\Bangumi\Bangumi\bin\x64\Debug\Views\CalendarPage.xbf”。
         正在将文件从“C:\Users\wangsychn\Documents\GitHub\Bangumi\Bangumi\obj\x64\Debug\Bangumi.xr.xml”复制到“C:\Users\wangsychn\Documents\GitHub\Bangumi\Bangumi\bin\x64\Debug\Bangumi.xr.xml”。
       CopyFilesToOutputDirectory:
         正在将文件从“C:\Users\wangsychn\Documents\GitHub\Bangumi\Bangumi\obj\x64\Debug\Bangumi.exe”复制到“C:\Users\wangsychn\Documents\GitHub\Bangumi\Bangumi\bin\x64\Debug\Bangumi.exe”。
         Bangumi -> C:\Users\wangsychn\Documents\GitHub\Bangumi\Bangumi\bin\x64\Debug\Bangumi.exe
         正在将文件从“C:\Users\wangsychn\Documents\GitHub\Bangumi\Bangumi\obj\x64\Debug\Bangumi.pdb”复制到“C:\Users\wangsychn\Documents\GitHub\Bangumi\Bangumi\bin\x64\Debug\Bangumi.pdb”。
       ComputeProcessXamlFiles:
         (Out) ProcessedXamlFiles == bin\x64\Debug\App.xbf;bin\x64\Debug\ContentDialogs\CollectionEditContentDialog.xbf;bin\x64\Debug\ContentDialogs\SitesContentDialog.xbf;bin\x64\Debug\Controls\MusicDisk.xbf;bin\x64\Debug\Controls\GameSubject.xbf;bin\x64\Debug\Controls\BookChapter.xbf;bin\x64\Debug\Controls\AnimeEpisode.xbf;bin\x64\Debug\Controls\InAppNotification.xbf;bin\x64\Debug\Controls\RateTemplateDictionary.xbf;bin\x64\Debug\Controls\TitleBar\TitleBarDictionary.xbf;bin\x64\Debug\Controls\TitleBar\TitleBarEx.xbf;bin\x64\Debug\MainPage.xbf;bin\x64\Debug\Views\CollectionPage.xbf;bin\x64\Debug\Views\DetailPage.xbf;bin\x64\Debug\Views\EpisodePage.xbf;bin\x64\Debug\Views\HomePage.xbf;bin\x64\Debug\Themes\Generic.xbf;bin\x64\Debug\Views\LoginPage.xbf;bin\x64\Debug\Views\ProgressPage.xbf;bin\x64\Debug\Views\SearchPage.xbf;bin\x64\Debug\Views\ShellPlaceholderPage.xbf;bin\x64\Debug\Views\SettingsPage.xbf;bin\x64\Debug\Views\CalendarPage.xbf;bin\x64\Debug\\Bangumi.xr.xml
       CustomOutputGroupForPackaging:
         (Out) Project='Bangumi' ProcessedXamlFiles == bin\x64\Debug\App.xbf;bin\x64\Debug\ContentDialogs\CollectionEditContentDialog.xbf;bin\x64\Debug\ContentDialogs\SitesContentDialog.xbf;bin\x64\Debug\Controls\MusicDisk.xbf;bin\x64\Debug\Controls\GameSubject.xbf;bin\x64\Debug\Controls\BookChapter.xbf;bin\x64\Debug\Controls\AnimeEpisode.xbf;bin\x64\Debug\Controls\InAppNotification.xbf;bin\x64\Debug\Controls\RateTemplateDictionary.xbf;bin\x64\Debug\Controls\TitleBar\TitleBarDictionary.xbf;bin\x64\Debug\Controls\TitleBar\TitleBarEx.xbf;bin\x64\Debug\MainPage.xbf;bin\x64\Debug\Views\CollectionPage.xbf;bin\x64\Debug\Views\DetailPage.xbf;bin\x64\Debug\Views\EpisodePage.xbf;bin\x64\Debug\Views\HomePage.xbf;bin\x64\Debug\Themes\Generic.xbf;bin\x64\Debug\Views\LoginPage.xbf;bin\x64\Debug\Views\ProgressPage.xbf;bin\x64\Debug\Views\SearchPage.xbf;bin\x64\Debug\Views\ShellPlaceholderPage.xbf;bin\x64\Debug\Views\SettingsPage.xbf;bin\x64\Debug\Views\CalendarPage.xbf;bin\x64\Debug\\Bangumi.xr.xml
         (Out) XamlPackagingRootFolder == bin\x64\Debug\\
         (Out) ProcessedXamlFilesFullPath == C:\Users\wangsychn\Documents\GitHub\Bangumi\Bangumi\bin\x64\Debug\App.xbf;C:\Users\wangsychn\Documents\GitHub\Bangumi\Bangumi\bin\x64\Debug\ContentDialogs\CollectionEditContentDialog.xbf;C:\Users\wangsychn\Documents\GitHub\Bangumi\Bangumi\bin\x64\Debug\ContentDialogs\SitesContentDialog.xbf;C:\Users\wangsychn\Documents\GitHub\Bangumi\Bangumi\bin\x64\Debug\Controls\MusicDisk.xbf;C:\Users\wangsychn\Documents\GitHub\Bangumi\Bangumi\bin\x64\Debug\Controls\GameSubject.xbf;C:\Users\wangsychn\Documents\GitHub\Bangumi\Bangumi\bin\x64\Debug\Controls\BookChapter.xbf;C:\Users\wangsychn\Documents\GitHub\Bangumi\Bangumi\bin\x64\Debug\Controls\AnimeEpisode.xbf;C:\Users\wangsychn\Documents\GitHub\Bangumi\Bangumi\bin\x64\Debug\Controls\InAppNotification.xbf;C:\Users\wangsychn\Documents\GitHub\Bangumi\Bangumi\bin\x64\Debug\Controls\RateTemplateDictionary.xbf;C:\Users\wangsychn\Documents\GitHub\Bangumi\Bangumi\bin\x64\Debug\Controls\TitleBar\TitleBarDictionary.xbf;C:\Users\wangsychn\Documents\GitHub\Bangumi\Bangumi\bin\x64\Debug\Controls\TitleBar\TitleBarEx.xbf;C:\Users\wangsychn\Documents\GitHub\Bangumi\Bangumi\bin\x64\Debug\MainPage.xbf;C:\Users\wangsychn\Documents\GitHub\Bangumi\Bangumi\bin\x64\Debug\Views\CollectionPage.xbf;C:\Users\wangsychn\Documents\GitHub\Bangumi\Bangumi\bin\x64\Debug\Views\DetailPage.xbf;C:\Users\wangsychn\Documents\GitHub\Bangumi\Bangumi\bin\x64\Debug\Views\EpisodePage.xbf;C:\Users\wangsychn\Documents\GitHub\Bangumi\Bangumi\bin\x64\Debug\Views\HomePage.xbf;C:\Users\wangsychn\Documents\GitHub\Bangumi\Bangumi\bin\x64\Debug\Themes\Generic.xbf;C:\Users\wangsychn\Documents\GitHub\Bangumi\Bangumi\bin\x64\Debug\Views\LoginPage.xbf;C:\Users\wangsychn\Documents\GitHub\Bangumi\Bangumi\bin\x64\Debug\Views\ProgressPage.xbf;C:\Users\wangsychn\Documents\GitHub\Bangumi\Bangumi\bin\x64\Debug\Views\SearchPage.xbf;C:\Users\wangsychn\Documents\GitHub\Bangumi\Bangumi\bin\x64\Debug\Views\ShellPlaceholderPage.xbf;C:\Users\wangsychn\Documents\GitHub\Bangumi\Bangumi\bin\x64\Debug\Views\SettingsPage.xbf;C:\Users\wangsychn\Documents\GitHub\Bangumi\Bangumi\bin\x64\Debug\Views\CalendarPage.xbf;C:\Users\wangsychn\Documents\GitHub\Bangumi\Bangumi\bin\x64\Debug\Bangumi.xr.xml
         (Out) Project='Bangumi' CustomOutputGroupForPackagingOutput == C:\Users\wangsychn\Documents\GitHub\Bangumi\Bangumi\bin\x64\Debug\App.xbf;C:\Users\wangsychn\Documents\GitHub\Bangumi\Bangumi\bin\x64\Debug\ContentDialogs\CollectionEditContentDialog.xbf;C:\Users\wangsychn\Documents\GitHub\Bangumi\Bangumi\bin\x64\Debug\ContentDialogs\SitesContentDialog.xbf;C:\Users\wangsychn\Documents\GitHub\Bangumi\Bangumi\bin\x64\Debug\Controls\MusicDisk.xbf;C:\Users\wangsychn\Documents\GitHub\Bangumi\Bangumi\bin\x64\Debug\Controls\GameSubject.xbf;C:\Users\wangsychn\Documents\GitHub\Bangumi\Bangumi\bin\x64\Debug\Controls\BookChapter.xbf;C:\Users\wangsychn\Documents\GitHub\Bangumi\Bangumi\bin\x64\Debug\Controls\AnimeEpisode.xbf;C:\Users\wangsychn\Documents\GitHub\Bangumi\Bangumi\bin\x64\Debug\Controls\InAppNotification.xbf;C:\Users\wangsychn\Documents\GitHub\Bangumi\Bangumi\bin\x64\Debug\Controls\RateTemplateDictionary.xbf;C:\Users\wangsychn\Documents\GitHub\Bangumi\Bangumi\bin\x64\Debug\Controls\TitleBar\TitleBarDictionary.xbf;C:\Users\wangsychn\Documents\GitHub\Bangumi\Bangumi\bin\x64\Debug\Controls\TitleBar\TitleBarEx.xbf;C:\Users\wangsychn\Documents\GitHub\Bangumi\Bangumi\bin\x64\Debug\MainPage.xbf;C:\Users\wangsychn\Documents\GitHub\Bangumi\Bangumi\bin\x64\Debug\Views\CollectionPage.xbf;C:\Users\wangsychn\Documents\GitHub\Bangumi\Bangumi\bin\x64\Debug\Views\DetailPage.xbf;C:\Users\wangsychn\Documents\GitHub\Bangumi\Bangumi\bin\x64\Debug\Views\EpisodePage.xbf;C:\Users\wangsychn\Documents\GitHub\Bangumi\Bangumi\bin\x64\Debug\Views\HomePage.xbf;C:\Users\wangsychn\Documents\GitHub\Bangumi\Bangumi\bin\x64\Debug\Themes\Generic.xbf;C:\Users\wangsychn\Documents\GitHub\Bangumi\Bangumi\bin\x64\Debug\Views\LoginPage.xbf;C:\Users\wangsychn\Documents\GitHub\Bangumi\Bangumi\bin\x64\Debug\Views\ProgressPage.xbf;C:\Users\wangsychn\Documents\GitHub\Bangumi\Bangumi\bin\x64\Debug\Views\SearchPage.xbf;C:\Users\wangsychn\Documents\GitHub\Bangumi\Bangumi\bin\x64\Debug\Views\ShellPlaceholderPage.xbf;C:\Users\wangsychn\Documents\GitHub\Bangumi\Bangumi\bin\x64\Debug\Views\SettingsPage.xbf;C:\Users\wangsychn\Documents\GitHub\Bangumi\Bangumi\bin\x64\Debug\Views\CalendarPage.xbf;C:\Users\wangsychn\Documents\GitHub\Bangumi\Bangumi\bin\x64\Debug\Bangumi.xr.xml
       _AddVCLibs140UniversalCrtDebugReference:
           读取 SDK 清单文件“C:\Program Files (x86)\Microsoft SDKs\Windows Kits\10\ExtensionSDKs\Microsoft.UniversalCRT.Debug\10.0.19041.0\SDKManifest.xml”。
           目标配置和体系结构“Debug|X64”
           在 SDK 清单中找不到任何 FrameworkIdentity 特性，将此 SDK 视为非框架 SDK。
           在 SDK 清单中找不到任何指示应用程序包位置的“APPX”特性。如果在运行时需要应用程序包，则项目可能无法运行。
       _GenerateProjectPriConfigurationFiles:
         正在将文件从“C:\Users\wangsychn\Documents\GitHub\Bangumi\Bangumi\bin\x64\Debug\App.xbf”复制到“C:\Users\wangsychn\Documents\GitHub\Bangumi\Bangumi\obj\x64\Debug\embed\App.xbf”。
         正在将文件从“C:\Users\wangsychn\Documents\GitHub\Bangumi\Bangumi\bin\x64\Debug\ContentDialogs\SitesContentDialog.xbf”复制到“C:\Users\wangsychn\Documents\GitHub\Bangumi\Bangumi\obj\x64\Debug\embed\ContentDialogs\SitesContentDialog.xbf”。
         正在将文件从“C:\Users\wangsychn\Documents\GitHub\Bangumi\Bangumi\bin\x64\Debug\Controls\MusicDisk.xbf”复制到“C:\Users\wangsychn\Documents\GitHub\Bangumi\Bangumi\obj\x64\Debug\embed\Controls\MusicDisk.xbf”。
         正在将文件从“C:\Users\wangsychn\Documents\GitHub\Bangumi\Bangumi\bin\x64\Debug\ContentDialogs\CollectionEditContentDialog.xbf”复制到“C:\Users\wangsychn\Documents\GitHub\Bangumi\Bangumi\obj\x64\Debug\embed\ContentDialogs\CollectionEditContentDialog.xbf”。
         正在将文件从“C:\Users\wangsychn\Documents\GitHub\Bangumi\Bangumi\bin\x64\Debug\Controls\BookChapter.xbf”复制到“C:\Users\wangsychn\Documents\GitHub\Bangumi\Bangumi\obj\x64\Debug\embed\Controls\BookChapter.xbf”。
         正在将文件从“C:\Users\wangsychn\Documents\GitHub\Bangumi\Bangumi\bin\x64\Debug\Controls\GameSubject.xbf”复制到“C:\Users\wangsychn\Documents\GitHub\Bangumi\Bangumi\obj\x64\Debug\embed\Controls\GameSubject.xbf”。
         正在将文件从“C:\Users\wangsychn\Documents\GitHub\Bangumi\Bangumi\bin\x64\Debug\Controls\InAppNotification.xbf”复制到“C:\Users\wangsychn\Documents\GitHub\Bangumi\Bangumi\obj\x64\Debug\embed\Controls\InAppNotification.xbf”。
         正在将文件从“C:\Users\wangsychn\Documents\GitHub\Bangumi\Bangumi\bin\x64\Debug\Controls\AnimeEpisode.xbf”复制到“C:\Users\wangsychn\Documents\GitHub\Bangumi\Bangumi\obj\x64\Debug\embed\Controls\AnimeEpisode.xbf”。
         正在将文件从“C:\Users\wangsychn\Documents\GitHub\Bangumi\Bangumi\bin\x64\Debug\Controls\RateTemplateDictionary.xbf”复制到“C:\Users\wangsychn\Documents\GitHub\Bangumi\Bangumi\obj\x64\Debug\embed\Controls\RateTemplateDictionary.xbf”。
         正在将文件从“C:\Users\wangsychn\Documents\GitHub\Bangumi\Bangumi\bin\x64\Debug\Controls\TitleBar\TitleBarDictionary.xbf”复制到“C:\Users\wangsychn\Documents\GitHub\Bangumi\Bangumi\obj\x64\Debug\embed\Controls\TitleBar\TitleBarDictionary.xbf”。
         正在将文件从“C:\Users\wangsychn\Documents\GitHub\Bangumi\Bangumi\bin\x64\Debug\MainPage.xbf”复制到“C:\Users\wangsychn\Documents\GitHub\Bangumi\Bangumi\obj\x64\Debug\embed\MainPage.xbf”。
         正在将文件从“C:\Users\wangsychn\Documents\GitHub\Bangumi\Bangumi\bin\x64\Debug\Controls\TitleBar\TitleBarEx.xbf”复制到“C:\Users\wangsychn\Documents\GitHub\Bangumi\Bangumi\obj\x64\Debug\embed\Controls\TitleBar\TitleBarEx.xbf”。
         正在将文件从“C:\Users\wangsychn\Documents\GitHub\Bangumi\Bangumi\bin\x64\Debug\Views\CollectionPage.xbf”复制到“C:\Users\wangsychn\Documents\GitHub\Bangumi\Bangumi\obj\x64\Debug\embed\Views\CollectionPage.xbf”。
         正在将文件从“C:\Users\wangsychn\Documents\GitHub\Bangumi\Bangumi\bin\x64\Debug\Views\DetailPage.xbf”复制到“C:\Users\wangsychn\Documents\GitHub\Bangumi\Bangumi\obj\x64\Debug\embed\Views\DetailPage.xbf”。
         正在将文件从“C:\Users\wangsychn\Documents\GitHub\Bangumi\Bangumi\bin\x64\Debug\Views\EpisodePage.xbf”复制到“C:\Users\wangsychn\Documents\GitHub\Bangumi\Bangumi\obj\x64\Debug\embed\Views\EpisodePage.xbf”。
         正在将文件从“C:\Users\wangsychn\Documents\GitHub\Bangumi\Bangumi\bin\x64\Debug\Views\HomePage.xbf”复制到“C:\Users\wangsychn\Documents\GitHub\Bangumi\Bangumi\obj\x64\Debug\embed\Views\HomePage.xbf”。
         正在将文件从“C:\Users\wangsychn\Documents\GitHub\Bangumi\Bangumi\bin\x64\Debug\Themes\Generic.xbf”复制到“C:\Users\wangsychn\Documents\GitHub\Bangumi\Bangumi\obj\x64\Debug\embed\Themes\Generic.xbf”。
         正在将文件从“C:\Users\wangsychn\Documents\GitHub\Bangumi\Bangumi\bin\x64\Debug\Views\LoginPage.xbf”复制到“C:\Users\wangsychn\Documents\GitHub\Bangumi\Bangumi\obj\x64\Debug\embed\Views\LoginPage.xbf”。
         正在将文件从“C:\Users\wangsychn\Documents\GitHub\Bangumi\Bangumi\bin\x64\Debug\Views\ProgressPage.xbf”复制到“C:\Users\wangsychn\Documents\GitHub\Bangumi\Bangumi\obj\x64\Debug\embed\Views\ProgressPage.xbf”。
         正在将文件从“C:\Users\wangsychn\Documents\GitHub\Bangumi\Bangumi\bin\x64\Debug\Views\SearchPage.xbf”复制到“C:\Users\wangsychn\Documents\GitHub\Bangumi\Bangumi\obj\x64\Debug\embed\Views\SearchPage.xbf”。
         正在将文件从“C:\Users\wangsychn\Documents\GitHub\Bangumi\Bangumi\bin\x64\Debug\Views\ShellPlaceholderPage.xbf”复制到“C:\Users\wangsychn\Documents\GitHub\Bangumi\Bangumi\obj\x64\Debug\embed\Views\ShellPlaceholderPage.xbf”。
         正在将文件从“C:\Users\wangsychn\Documents\GitHub\Bangumi\Bangumi\bin\x64\Debug\Views\SettingsPage.xbf”复制到“C:\Users\wangsychn\Documents\GitHub\Bangumi\Bangumi\obj\x64\Debug\embed\Views\SettingsPage.xbf”。
         正在将文件从“C:\Users\wangsychn\Documents\GitHub\Bangumi\Bangumi\bin\x64\Debug\Views\CalendarPage.xbf”复制到“C:\Users\wangsychn\Documents\GitHub\Bangumi\Bangumi\obj\x64\Debug\embed\Views\CalendarPage.xbf”。
       _GenerateProjectPriFileCore:
         C:\Program Files (x86)\Windows Kits\10\bin\10.0.19041.0\x64\MakePri.exe New -ProjectRoot C:\Users\wangsychn\Documents\GitHub\Bangumi\Bangumi\ -ConfigXml obj\x64\Debug\priconfig.xml -OutputFile C:\Users\wangsychn\Documents\GitHub\Bangumi\Bangumi\bin\x64\Debug\resources.pri -IndexName Teachoc.BangumiUWP -Verbose -Overwrite  
     2>GENERATEPROJECTPRIFILE : warning : PRI257: 0xdef00522 - Resources found for language(s) 'en-us' but no resources found for default language(s): 'zh-CN,en-us'. Change the default language or qualify resources with the default language. http://go.microsoft.com/fwlink/?LinkId=231899 [C:\Users\wangsychn\Documents\GitHub\Bangumi\Bangumi\Bangumi.csproj]
       CheckForOptionalComponent:
         指定的 XPath 查询未捕获任何节点。
       _GenerateCurrentProjectAppxManifest:
       正在跳过目标“_GenerateCurrentProjectAppxManifest”，因为所有输出文件相对于输入文件而言都是最新的。
       ComputeWireUpCoreRuntimeParameters:
           读取 SDK 清单文件“C:\Program Files (x86)\Microsoft SDKs\Windows Kits\10\ExtensionSDKs\Microsoft.VCLibs\14.0\SDKManifest.xml”。
           目标配置和体系结构“Debug|X64”
           在 SDK 清单中找不到“FrameworkIdentity”特性“FrameworkIdentity-Debug-X64”。 
           在 SDK 清单中找到了“FrameworkIdentity”特性“Name = Microsoft.VCLibs.140.00.Debug, MinVersion = 14.0.33519.0, Publisher = 'CN=Microsoft Corporation, O=Microsoft Corporation, L=Redmond, S=Washington, C=US'”。
           在 SDK 清单中找到了“APPX”位置特性“AppX-Debug-x86=.\AppX\Debug\x86\Microsoft.VCLibs.x86.Debug.14.00.appx”。
           在 SDK 清单中找到了“APPX”位置特性“AppX-Debug-x64=.\AppX\Debug\x64\Microsoft.VCLibs.x64.Debug.14.00.appx”。
           在 SDK 清单中找到了“APPX”位置特性“AppX-Debug-ARM=.\AppX\Debug\ARM\Microsoft.VCLibs.ARM.Debug.14.00.appx”。
           在 SDK 清单中找到了“APPX”位置特性“AppX-Debug-ARM64=.\AppX\Debug\ARM64\Microsoft.VCLibs.ARM64.Debug.14.00.appx”。
       _AddXamlWinmdToPackageLayoutRoot:
         正在将文件从“C:\Users\wangsychn\.nuget\packages\microsoft.ui.xaml\2.8.6\lib\uap10.0\Microsoft.UI.Xaml.winmd”复制到“C:\Users\wangsychn\Documents\GitHub\Bangumi\Bangumi\bin\x64\Debug\Microsoft.UI.Xaml.winmd”。
       _GenerateAppxPackageRecipeFile:
         Bangumi -> C:\Users\wangsychn\Documents\GitHub\Bangumi\Bangumi\bin\x64\Debug\Bangumi.build.appxrecipe
       _DeleteAppxOutputFolderIfNecessary:
         正在移除目录“C:\Users\wangsychn\Documents\GitHub\Bangumi\Bangumi\AppPackages\Bangumi_1.3.1.0_x64_Debug_Test\”。
       _GenerateAppxPackageFile:
         C:\Program Files (x86)\Windows Kits\10\bin\10.0.19041.0\x64\MakeAppx.exe pack /l /h sha256 /f obj\x64\Debug\package.map.txt /o /p C:\Users\wangsychn\Documents\GitHub\Bangumi\Bangumi\AppPackages\Bangumi_1.3.1.0_x64_Debug_Test\Bangumi_1.3.1.0_x64_Debug.msix  
         Bangumi -> C:\Users\wangsychn\Documents\GitHub\Bangumi\Bangumi\AppPackages\Bangumi_1.3.1.0_x64_Debug_Test\Bangumi_1.3.1.0_x64_Debug.msix
       _GenerateAppxSymbolPackage:
         C:\Program Files\Microsoft Visual Studio\2022\Community\MSBuild\Microsoft\VisualStudio\v17.0\AppxPackage\\x64\mspdbcmf.exe /check C:\Users\wangsychn\Documents\GitHub\Bangumi\Bangumi\bin\x64\Debug\Bangumi.pdb 
         Microsoft (R) FastLink To Full PDB Converter Version 14.39.33523.0
         Copyright (C) Microsoft Corporation.  All rights reserved.
         
          [Non FASTLINK] The input PDB file was not generated by the linker with /DEBUG:fastlink.
         C:\Program Files\Microsoft Visual Studio\2022\Community\MSBuild\Microsoft\VisualStudio\v17.0\AppxPackage\\x64\mspdbcmf.exe /check C:\Users\wangsychn\.nuget\packages\colorcode.core\2.0.6\lib\netstandard1.4\ColorCode.Core.pdb 
         Microsoft (R) FastLink To Full PDB Converter Version 14.39.33523.0
         Copyright (C) Microsoft Corporation.  All rights reserved.
         
          [Non FASTLINK] The input PDB file was not generated by the linker with /DEBUG:fastlink.
         C:\Program Files\Microsoft Visual Studio\2022\Community\MSBuild\Microsoft\VisualStudio\v17.0\AppxPackage\\x64\mspdbcmf.exe /check C:\Users\wangsychn\.nuget\packages\colorcode.uwp\2.0.6\lib\uap10.0\ColorCode.UWP.pdb 
         Microsoft (R) FastLink To Full PDB Converter Version 14.39.33523.0
         Copyright (C) Microsoft Corporation.  All rights reserved.
         
          [Non FASTLINK] The input PDB file was not generated by the linker with /DEBUG:fastlink.
         C:\Program Files\Microsoft Visual Studio\2022\Community\MSBuild\Microsoft\VisualStudio\v17.0\AppxPackage\\x64\mspdbcmf.exe /check C:\Users\wangsychn\.nuget\packages\microsoft.toolkit\7.1.2\lib\netstandard2.0\Microsoft.Toolkit.pdb 
         Microsoft (R) FastLink To Full PDB Converter Version 14.39.33523.0
         Copyright (C) Microsoft Corporation.  All rights reserved.
         
          [Non FASTLINK] The input PDB file was not generated by the linker with /DEBUG:fastlink.
         C:\Program Files\Microsoft Visual Studio\2022\Community\MSBuild\Microsoft\VisualStudio\v17.0\AppxPackage\\x64\mspdbcmf.exe /check C:\Users\wangsychn\.nuget\packages\microsoft.toolkit.uwp\7.1.3\lib\uap10.0.17763\Microsoft.Toolkit.Uwp.pdb 
         Microsoft (R) FastLink To Full PDB Converter Version 14.39.33523.0
         Copyright (C) Microsoft Corporation.  All rights reserved.
         
          [Non FASTLINK] The input PDB file was not generated by the linker with /DEBUG:fastlink.
         C:\Program Files\Microsoft Visual Studio\2022\Community\MSBuild\Microsoft\VisualStudio\v17.0\AppxPackage\\x64\mspdbcmf.exe /check C:\Users\wangsychn\.nuget\packages\microsoft.toolkit.uwp.connectivity\7.1.3\lib\uap10.0.17763\Microsoft.Toolkit.Uwp.Connectivity.pdb 
         Microsoft (R) FastLink To Full PDB Converter Version 14.39.33523.0
         Copyright (C) Microsoft Corporation.  All rights reserved.
         
          [Non FASTLINK] The input PDB file was not generated by the linker with /DEBUG:fastlink.
         C:\Program Files\Microsoft Visual Studio\2022\Community\MSBuild\Microsoft\VisualStudio\v17.0\AppxPackage\\x64\mspdbcmf.exe /check C:\Users\wangsychn\.nuget\packages\microsoft.toolkit.uwp.notifications\7.1.3\lib\uap10.0.16299\Microsoft.Toolkit.Uwp.Notifications.pdb 
         Microsoft (R) FastLink To Full PDB Converter Version 14.39.33523.0
         Copyright (C) Microsoft Corporation.  All rights reserved.
         
          [Non FASTLINK] The input PDB file was not generated by the linker with /DEBUG:fastlink.
         C:\Program Files\Microsoft Visual Studio\2022\Community\MSBuild\Microsoft\VisualStudio\v17.0\AppxPackage\\x64\mspdbcmf.exe /check C:\Users\wangsychn\.nuget\packages\microsoft.toolkit.uwp.ui\7.1.3\lib\uap10.0.17763\Microsoft.Toolkit.Uwp.UI.pdb 
         Microsoft (R) FastLink To Full PDB Converter Version 14.39.33523.0
         Copyright (C) Microsoft Corporation.  All rights reserved.
         
          [Non FASTLINK] The input PDB file was not generated by the linker with /DEBUG:fastlink.
         C:\Program Files\Microsoft Visual Studio\2022\Community\MSBuild\Microsoft\VisualStudio\v17.0\AppxPackage\\x64\mspdbcmf.exe /check C:\Users\wangsychn\.nuget\packages\microsoft.toolkit.uwp.ui.controls.core\7.1.3\lib\uap10.0.17763\Microsoft.Toolkit.Uwp.UI.Controls.Core.pdb 
         Microsoft (R) FastLink To Full PDB Converter Version 14.39.33523.0
         Copyright (C) Microsoft Corporation.  All rights reserved.
         
          [Non FASTLINK] The input PDB file was not generated by the linker with /DEBUG:fastlink.
         C:\Program Files\Microsoft Visual Studio\2022\Community\MSBuild\Microsoft\VisualStudio\v17.0\AppxPackage\\x64\mspdbcmf.exe /check C:\Users\wangsychn\.nuget\packages\microsoft.toolkit.uwp.ui.controls.datagrid\7.1.3\lib\uap10.0.17763\Microsoft.Toolkit.Uwp.UI.Controls.DataGrid.pdb 
         Microsoft (R) FastLink To Full PDB Converter Version 14.39.33523.0
         Copyright (C) Microsoft Corporation.  All rights reserved.
         
          [Non FASTLINK] The input PDB file was not generated by the linker with /DEBUG:fastlink.
         C:\Program Files\Microsoft Visual Studio\2022\Community\MSBuild\Microsoft\VisualStudio\v17.0\AppxPackage\\x64\mspdbcmf.exe /check C:\Users\wangsychn\.nuget\packages\microsoft.toolkit.uwp.ui.controls.input\7.1.3\lib\uap10.0.17763\Microsoft.Toolkit.Uwp.UI.Controls.Input.pdb 
         Microsoft (R) FastLink To Full PDB Converter Version 14.39.33523.0
         Copyright (C) Microsoft Corporation.  All rights reserved.
         
          [Non FASTLINK] The input PDB file was not generated by the linker with /DEBUG:fastlink.
         C:\Program Files\Microsoft Visual Studio\2022\Community\MSBuild\Microsoft\VisualStudio\v17.0\AppxPackage\\x64\mspdbcmf.exe /check C:\Users\wangsychn\.nuget\packages\microsoft.toolkit.uwp.ui.controls.layout\7.1.3\lib\uap10.0.17763\Microsoft.Toolkit.Uwp.UI.Controls.Layout.pdb 
         Microsoft (R) FastLink To Full PDB Converter Version 14.39.33523.0
         Copyright (C) Microsoft Corporation.  All rights reserved.
         
          [Non FASTLINK] The input PDB file was not generated by the linker with /DEBUG:fastlink.
         C:\Program Files\Microsoft Visual Studio\2022\Community\MSBuild\Microsoft\VisualStudio\v17.0\AppxPackage\\x64\mspdbcmf.exe /check C:\Users\wangsychn\.nuget\packages\microsoft.toolkit.uwp.ui.controls.markdown\7.1.3\lib\uap10.0.17763\Microsoft.Toolkit.Uwp.UI.Controls.Markdown.pdb 
         Microsoft (R) FastLink To Full PDB Converter Version 14.39.33523.0
         Copyright (C) Microsoft Corporation.  All rights reserved.
         
          [Non FASTLINK] The input PDB file was not generated by the linker with /DEBUG:fastlink.
         C:\Program Files\Microsoft Visual Studio\2022\Community\MSBuild\Microsoft\VisualStudio\v17.0\AppxPackage\\x64\mspdbcmf.exe /check C:\Users\wangsychn\.nuget\packages\microsoft.toolkit.uwp.ui.controls.media\7.1.3\lib\uap10.0.17763\Microsoft.Toolkit.Uwp.UI.Controls.Media.pdb 
         Microsoft (R) FastLink To Full PDB Converter Version 14.39.33523.0
         Copyright (C) Microsoft Corporation.  All rights reserved.
         
          [Non FASTLINK] The input PDB file was not generated by the linker with /DEBUG:fastlink.
         C:\Program Files\Microsoft Visual Studio\2022\Community\MSBuild\Microsoft\VisualStudio\v17.0\AppxPackage\\x64\mspdbcmf.exe /check C:\Users\wangsychn\.nuget\packages\microsoft.toolkit.uwp.ui.controls.primitives\7.1.3\lib\uap10.0.17763\Microsoft.Toolkit.Uwp.UI.Controls.Primitives.pdb 
         Microsoft (R) FastLink To Full PDB Converter Version 14.39.33523.0
         Copyright (C) Microsoft Corporation.  All rights reserved.
         
          [Non FASTLINK] The input PDB file was not generated by the linker with /DEBUG:fastlink.
         C:\Program Files\Microsoft Visual Studio\2022\Community\MSBuild\Microsoft\VisualStudio\v17.0\AppxPackage\\x64\mspdbcmf.exe /check C:\Users\wangsychn\.nuget\packages\polly\8.4.1\lib\netstandard2.0\Polly.pdb 
         Microsoft (R) FastLink To Full PDB Converter Version 14.39.33523.0
         Copyright (C) Microsoft Corporation.  All rights reserved.
         
          [Non FASTLINK] The input PDB file was not generated by the linker with /DEBUG:fastlink.
         C:\Program Files\Microsoft Visual Studio\2022\Community\MSBuild\Microsoft\VisualStudio\v17.0\AppxPackage\\x64\mspdbcmf.exe /check C:\Users\wangsychn\.nuget\packages\polly.core\8.4.1\lib\netstandard2.0\Polly.Core.pdb 
         Microsoft (R) FastLink To Full PDB Converter Version 14.39.33523.0
         Copyright (C) Microsoft Corporation.  All rights reserved.
         
          [Non FASTLINK] The input PDB file was not generated by the linker with /DEBUG:fastlink.
         C:\Program Files\Microsoft Visual Studio\2022\Community\MSBuild\Microsoft\VisualStudio\v17.0\AppxPackage\\x64\mspdbcmf.exe /check C:\Users\wangsychn\.nuget\packages\querystring.net\1.0.0\lib\dotnet\QueryString.NETCore.pdb 
         Microsoft (R) FastLink To Full PDB Converter Version 14.39.33523.0
         Copyright (C) Microsoft Corporation.  All rights reserved.
         
          [Non FASTLINK] The input PDB file was not generated by the linker with /DEBUG:fastlink.
         C:\Program Files\Microsoft Visual Studio\2022\Community\MSBuild\Microsoft\VisualStudio\v17.0\AppxPackage\\x64\mspdbcmf.exe /check C:\Users\wangsychn\Documents\GitHub\Bangumi\Bangumi.Api\bin\Debug\netstandard2.0\Bangumi.Api.pdb 
         Microsoft (R) FastLink To Full PDB Converter Version 14.39.33523.0
         Copyright (C) Microsoft Corporation.  All rights reserved.
         
          [Non FASTLINK] The input PDB file was not generated by the linker with /DEBUG:fastlink.
         C:\Program Files\Microsoft Visual Studio\2022\Community\MSBuild\Microsoft\VisualStudio\v17.0\AppxPackage\\x64\mspdbcmf.exe /check C:\Users\wangsychn\Documents\GitHub\Bangumi\Bangumi.Data\bin\Debug\netstandard2.0\Bangumi.Data.pdb 
         Microsoft (R) FastLink To Full PDB Converter Version 14.39.33523.0
         Copyright (C) Microsoft Corporation.  All rights reserved.
         
          [Non FASTLINK] The input PDB file was not generated by the linker with /DEBUG:fastlink.
         Bangumi -> obj\x64\Debug\Symbols\Bangumi_1.3.1.0_x64_Debug.appxsym
       _CreateTestLayout:
         正在创建目录“C:\Users\wangsychn\Documents\GitHub\Bangumi\Bangumi\AppPackages\Bangumi_1.3.1.0_x64_Debug_Test\Dependencies\arm”。
         正在创建目录“C:\Users\wangsychn\Documents\GitHub\Bangumi\Bangumi\AppPackages\Bangumi_1.3.1.0_x64_Debug_Test\Dependencies\arm”。
         正在创建目录“C:\Users\wangsychn\Documents\GitHub\Bangumi\Bangumi\AppPackages\Bangumi_1.3.1.0_x64_Debug_Test\Dependencies\arm”。
         正在创建目录“C:\Users\wangsychn\Documents\GitHub\Bangumi\Bangumi\AppPackages\Bangumi_1.3.1.0_x64_Debug_Test\Dependencies\x86”。
         正在创建目录“C:\Users\wangsychn\Documents\GitHub\Bangumi\Bangumi\AppPackages\Bangumi_1.3.1.0_x64_Debug_Test\Dependencies\x86”。
         正在创建目录“C:\Users\wangsychn\Documents\GitHub\Bangumi\Bangumi\AppPackages\Bangumi_1.3.1.0_x64_Debug_Test\Dependencies\x86”。
         正在将文件从“C:\Users\wangsychn\.nuget\packages\microsoft.ui.xaml\2.8.6\tools\AppX\arm\Release\Microsoft.UI.Xaml.2.8.appx”复制到“C:\Users\wangsychn\Documents\GitHub\Bangumi\Bangumi\AppPackages\Bangumi_1.3.1.0_x64_Debug_Test\Dependencies\arm\Microsoft.UI.Xaml.2.8.appx”。
         正在将文件从“C:\Program Files (x86)\Microsoft SDKs\UWPNuGetPackages\runtime.win10-x86.microsoft.net.uwpcoreruntimesdk\2.2.14\tools\Appx\Microsoft.NET.CoreFramework.Debug.2.2.appx”复制到“C:\Users\wangsychn\Documents\GitHub\Bangumi\Bangumi\AppPackages\Bangumi_1.3.1.0_x64_Debug_Test\Dependencies\x86\Microsoft.NET.CoreFramework.Debug.2.2.appx”。
         正在将文件从“C:\Users\wangsychn\.nuget\packages\microsoft.ui.xaml\2.8.6\tools\AppX\x86\Release\Microsoft.UI.Xaml.2.8.appx”复制到“C:\Users\wangsychn\Documents\GitHub\Bangumi\Bangumi\AppPackages\Bangumi_1.3.1.0_x64_Debug_Test\Dependencies\x86\Microsoft.UI.Xaml.2.8.appx”。
         正在将文件从“C:\Program Files (x86)\Microsoft SDKs\UWPNuGetPackages\runtime.win10-arm.microsoft.net.uwpcoreruntimesdk\2.2.14\tools\Appx\Microsoft.NET.CoreFramework.Debug.2.2.appx”复制到“C:\Users\wangsychn\Documents\GitHub\Bangumi\Bangumi\AppPackages\Bangumi_1.3.1.0_x64_Debug_Test\Dependencies\arm\Microsoft.NET.CoreFramework.Debug.2.2.appx”。
         正在将文件从“C:\Program Files (x86)\Microsoft SDKs\UWPNuGetPackages\runtime.win10-arm.microsoft.net.uwpcoreruntimesdk\2.2.14\tools\Appx\Microsoft.NET.CoreRuntime.2.2.appx”复制到“C:\Users\wangsychn\Documents\GitHub\Bangumi\Bangumi\AppPackages\Bangumi_1.3.1.0_x64_Debug_Test\Dependencies\arm\Microsoft.NET.CoreRuntime.2.2.appx”。
         正在将文件从“C:\Program Files (x86)\Microsoft SDKs\UWPNuGetPackages\runtime.win10-x86.microsoft.net.uwpcoreruntimesdk\2.2.14\tools\Appx\Microsoft.NET.CoreRuntime.2.2.appx”复制到“C:\Users\wangsychn\Documents\GitHub\Bangumi\Bangumi\AppPackages\Bangumi_1.3.1.0_x64_Debug_Test\Dependencies\x86\Microsoft.NET.CoreRuntime.2.2.appx”。
         正在将文件从“C:\Program Files (x86)\Microsoft SDKs\Windows Kits\10\ExtensionSDKs\Microsoft.VCLibs\14.0\AppX\Debug\x86\Microsoft.VCLibs.x86.Debug.14.00.appx”复制到“C:\Users\wangsychn\Documents\GitHub\Bangumi\Bangumi\AppPackages\Bangumi_1.3.1.0_x64_Debug_Test\Dependencies\x86\Microsoft.VCLibs.x86.Debug.14.00.appx”。
         正在将文件从“C:\Program Files (x86)\Microsoft SDKs\Windows Kits\10\ExtensionSDKs\Microsoft.VCLibs.Desktop\14.0\AppX\Debug\x86\Microsoft.VCLibs.x86.Debug.14.00.Desktop.appx”复制到“C:\Users\wangsychn\Documents\GitHub\Bangumi\Bangumi\AppPackages\Bangumi_1.3.1.0_x64_Debug_Test\Dependencies\x86\Microsoft.VCLibs.x86.Debug.14.00.Desktop.appx”。
         正在创建目录“C:\Users\wangsychn\Documents\GitHub\Bangumi\Bangumi\AppPackages\Bangumi_1.3.1.0_x64_Debug_Test\Dependencies\Win32”。
         正在将文件从“C:\Users\wangsychn\.nuget\packages\microsoft.ui.xaml\2.8.6\tools\AppX\x86\Release\Microsoft.UI.Xaml.2.8.appx”复制到“C:\Users\wangsychn\Documents\GitHub\Bangumi\Bangumi\AppPackages\Bangumi_1.3.1.0_x64_Debug_Test\Dependencies\Win32\Microsoft.UI.Xaml.2.8.appx”。
         正在创建目录“C:\Users\wangsychn\Documents\GitHub\Bangumi\Bangumi\AppPackages\Bangumi_1.3.1.0_x64_Debug_Test\Dependencies\x64”。
         正在将文件从“C:\Users\wangsychn\.nuget\packages\microsoft.ui.xaml\2.8.6\tools\AppX\x64\Release\Microsoft.UI.Xaml.2.8.appx”复制到“C:\Users\wangsychn\Documents\GitHub\Bangumi\Bangumi\AppPackages\Bangumi_1.3.1.0_x64_Debug_Test\Dependencies\x64\Microsoft.UI.Xaml.2.8.appx”。
         正在将文件从“C:\Program Files (x86)\Microsoft SDKs\UWPNuGetPackages\runtime.win10-x64.microsoft.net.uwpcoreruntimesdk\2.2.14\tools\Appx\Microsoft.NET.CoreRuntime.2.2.appx”复制到“C:\Users\wangsychn\Documents\GitHub\Bangumi\Bangumi\AppPackages\Bangumi_1.3.1.0_x64_Debug_Test\Dependencies\x64\Microsoft.NET.CoreRuntime.2.2.appx”。
         正在将文件从“C:\Program Files (x86)\Microsoft SDKs\UWPNuGetPackages\runtime.win10-x64.microsoft.net.uwpcoreruntimesdk\2.2.14\tools\Appx\Microsoft.NET.CoreFramework.Debug.2.2.appx”复制到“C:\Users\wangsychn\Documents\GitHub\Bangumi\Bangumi\AppPackages\Bangumi_1.3.1.0_x64_Debug_Test\Dependencies\x64\Microsoft.NET.CoreFramework.Debug.2.2.appx”。
         正在将文件从“C:\Program Files (x86)\Microsoft SDKs\Windows Kits\10\ExtensionSDKs\Microsoft.VCLibs\14.0\AppX\Debug\x64\Microsoft.VCLibs.x64.Debug.14.00.appx”复制到“C:\Users\wangsychn\Documents\GitHub\Bangumi\Bangumi\AppPackages\Bangumi_1.3.1.0_x64_Debug_Test\Dependencies\x64\Microsoft.VCLibs.x64.Debug.14.00.appx”。
         正在将文件从“C:\Program Files (x86)\Microsoft SDKs\Windows Kits\10\ExtensionSDKs\Microsoft.VCLibs.Desktop\14.0\AppX\Debug\x64\Microsoft.VCLibs.x64.Debug.14.00.Desktop.appx”复制到“C:\Users\wangsychn\Documents\GitHub\Bangumi\Bangumi\AppPackages\Bangumi_1.3.1.0_x64_Debug_Test\Dependencies\x64\Microsoft.VCLibs.x64.Debug.14.00.Desktop.appx”。
         正在创建目录“C:\Users\wangsychn\Documents\GitHub\Bangumi\Bangumi\AppPackages\Bangumi_1.3.1.0_x64_Debug_Test\Dependencies\arm64”。
         正在创建目录“C:\Users\wangsychn\Documents\GitHub\Bangumi\Bangumi\AppPackages\Bangumi_1.3.1.0_x64_Debug_Test\Dependencies\ARM64”。
         正在将文件从“C:\Users\wangsychn\.nuget\packages\microsoft.ui.xaml\2.8.6\tools\AppX\arm64\Release\Microsoft.UI.Xaml.2.8.appx”复制到“C:\Users\wangsychn\Documents\GitHub\Bangumi\Bangumi\AppPackages\Bangumi_1.3.1.0_x64_Debug_Test\Dependencies\arm64\Microsoft.UI.Xaml.2.8.appx”。
         正在将文件从“C:\Program Files (x86)\Microsoft SDKs\Windows Kits\10\ExtensionSDKs\Microsoft.VCLibs\14.0\AppX\Debug\ARM64\Microsoft.VCLibs.ARM64.Debug.14.00.appx”复制到“C:\Users\wangsychn\Documents\GitHub\Bangumi\Bangumi\AppPackages\Bangumi_1.3.1.0_x64_Debug_Test\Dependencies\ARM64\Microsoft.VCLibs.ARM64.Debug.14.00.appx”。
         正在将文件从“C:\Users\wangsychn\Documents\GitHub\Bangumi\Bangumi\obj\x64\Debug\Symbols\Bangumi_1.3.1.0_x64_Debug.appxsym”复制到“C:\Users\wangsychn\Documents\GitHub\Bangumi\Bangumi\AppPackages\Bangumi_1.3.1.0_x64_Debug_Test\Bangumi_1.3.1.0_x64_Debug.appxsym”。
       _AddWindowsInstallScriptToTestLayout:
         正在创建目录“C:\Users\wangsychn\Documents\GitHub\Bangumi\Bangumi\AppPackages\Bangumi_1.3.1.0_x64_Debug_Test\Add-AppDevPackage.resources”。
         正在将文件从“C:\Program Files\Microsoft Visual Studio\2022\Community\MSBuild\Microsoft\VisualStudio\v17.0\AppxPackage\Add-AppDevPackage.ps1”复制到“C:\Users\wangsychn\Documents\GitHub\Bangumi\Bangumi\AppPackages\Bangumi_1.3.1.0_x64_Debug_Test\Add-AppDevPackage.ps1”。
         正在创建目录“C:\Users\wangsychn\Documents\GitHub\Bangumi\Bangumi\AppPackages\Bangumi_1.3.1.0_x64_Debug_Test\Add-AppDevPackage.resources\de-DE”。
         正在创建目录“C:\Users\wangsychn\Documents\GitHub\Bangumi\Bangumi\AppPackages\Bangumi_1.3.1.0_x64_Debug_Test\Add-AppDevPackage.resources\cs-CZ”。
         正在创建目录“C:\Users\wangsychn\Documents\GitHub\Bangumi\Bangumi\AppPackages\Bangumi_1.3.1.0_x64_Debug_Test\Add-AppDevPackage.resources\en-US”。
         正在创建目录“C:\Users\wangsychn\Documents\GitHub\Bangumi\Bangumi\AppPackages\Bangumi_1.3.1.0_x64_Debug_Test\Add-AppDevPackage.resources\es-ES”。
         正在将文件从“C:\Program Files\Microsoft Visual Studio\2022\Community\MSBuild\Microsoft\VisualStudio\v17.0\AppxPackage\Add-AppDevPackage.resources\Add-AppDevPackage.psd1”复制到“C:\Users\wangsychn\Documents\GitHub\Bangumi\Bangumi\AppPackages\Bangumi_1.3.1.0_x64_Debug_Test\Add-AppDevPackage.resources\Add-AppDevPackage.psd1”。
         正在将文件从“C:\Program Files\Microsoft Visual Studio\2022\Community\MSBuild\Microsoft\VisualStudio\v17.0\AppxPackage\Add-AppDevPackage.resources\en-US\Add-AppDevPackage.psd1”复制到“C:\Users\wangsychn\Documents\GitHub\Bangumi\Bangumi\AppPackages\Bangumi_1.3.1.0_x64_Debug_Test\Add-AppDevPackage.resources\en-US\Add-AppDevPackage.psd1”。
         正在将文件从“C:\Program Files\Microsoft Visual Studio\2022\Community\MSBuild\Microsoft\VisualStudio\v17.0\AppxPackage\Add-AppDevPackage.resources\de-DE\Add-AppDevPackage.psd1”复制到“C:\Users\wangsychn\Documents\GitHub\Bangumi\Bangumi\AppPackages\Bangumi_1.3.1.0_x64_Debug_Test\Add-AppDevPackage.resources\de-DE\Add-AppDevPackage.psd1”。
         正在将文件从“C:\Program Files\Microsoft Visual Studio\2022\Community\MSBuild\Microsoft\VisualStudio\v17.0\AppxPackage\Add-AppDevPackage.resources\es-ES\Add-AppDevPackage.psd1”复制到“C:\Users\wangsychn\Documents\GitHub\Bangumi\Bangumi\AppPackages\Bangumi_1.3.1.0_x64_Debug_Test\Add-AppDevPackage.resources\es-ES\Add-AppDevPackage.psd1”。
         正在将文件从“C:\Program Files\Microsoft Visual Studio\2022\Community\MSBuild\Microsoft\VisualStudio\v17.0\AppxPackage\Add-AppDevPackage.resources\cs-CZ\Add-AppDevPackage.psd1”复制到“C:\Users\wangsychn\Documents\GitHub\Bangumi\Bangumi\AppPackages\Bangumi_1.3.1.0_x64_Debug_Test\Add-AppDevPackage.resources\cs-CZ\Add-AppDevPackage.psd1”。
         正在创建目录“C:\Users\wangsychn\Documents\GitHub\Bangumi\Bangumi\AppPackages\Bangumi_1.3.1.0_x64_Debug_Test\Add-AppDevPackage.resources\fr-FR”。
         正在将文件从“C:\Program Files\Microsoft Visual Studio\2022\Community\MSBuild\Microsoft\VisualStudio\v17.0\AppxPackage\Add-AppDevPackage.resources\fr-FR\Add-AppDevPackage.psd1”复制到“C:\Users\wangsychn\Documents\GitHub\Bangumi\Bangumi\AppPackages\Bangumi_1.3.1.0_x64_Debug_Test\Add-AppDevPackage.resources\fr-FR\Add-AppDevPackage.psd1”。
         正在创建目录“C:\Users\wangsychn\Documents\GitHub\Bangumi\Bangumi\AppPackages\Bangumi_1.3.1.0_x64_Debug_Test\Add-AppDevPackage.resources\it-IT”。
         正在创建目录“C:\Users\wangsychn\Documents\GitHub\Bangumi\Bangumi\AppPackages\Bangumi_1.3.1.0_x64_Debug_Test\Add-AppDevPackage.resources\ja-JP”。
         正在创建目录“C:\Users\wangsychn\Documents\GitHub\Bangumi\Bangumi\AppPackages\Bangumi_1.3.1.0_x64_Debug_Test\Add-AppDevPackage.resources\pl-PL”。
         正在创建目录“C:\Users\wangsychn\Documents\GitHub\Bangumi\Bangumi\AppPackages\Bangumi_1.3.1.0_x64_Debug_Test\Add-AppDevPackage.resources\ko-KR”。
         正在将文件从“C:\Program Files\Microsoft Visual Studio\2022\Community\MSBuild\Microsoft\VisualStudio\v17.0\AppxPackage\Add-AppDevPackage.resources\ko-KR\Add-AppDevPackage.psd1”复制到“C:\Users\wangsychn\Documents\GitHub\Bangumi\Bangumi\AppPackages\Bangumi_1.3.1.0_x64_Debug_Test\Add-AppDevPackage.resources\ko-KR\Add-AppDevPackage.psd1”。
         正在将文件从“C:\Program Files\Microsoft Visual Studio\2022\Community\MSBuild\Microsoft\VisualStudio\v17.0\AppxPackage\Add-AppDevPackage.resources\ja-JP\Add-AppDevPackage.psd1”复制到“C:\Users\wangsychn\Documents\GitHub\Bangumi\Bangumi\AppPackages\Bangumi_1.3.1.0_x64_Debug_Test\Add-AppDevPackage.resources\ja-JP\Add-AppDevPackage.psd1”。
         正在将文件从“C:\Program Files\Microsoft Visual Studio\2022\Community\MSBuild\Microsoft\VisualStudio\v17.0\AppxPackage\Add-AppDevPackage.resources\pl-PL\Add-AppDevPackage.psd1”复制到“C:\Users\wangsychn\Documents\GitHub\Bangumi\Bangumi\AppPackages\Bangumi_1.3.1.0_x64_Debug_Test\Add-AppDevPackage.resources\pl-PL\Add-AppDevPackage.psd1”。
         正在创建目录“C:\Users\wangsychn\Documents\GitHub\Bangumi\Bangumi\AppPackages\Bangumi_1.3.1.0_x64_Debug_Test\Add-AppDevPackage.resources\pt-BR”。
         正在创建目录“C:\Users\wangsychn\Documents\GitHub\Bangumi\Bangumi\AppPackages\Bangumi_1.3.1.0_x64_Debug_Test\Add-AppDevPackage.resources\ru-RU”。
         正在将文件从“C:\Program Files\Microsoft Visual Studio\2022\Community\MSBuild\Microsoft\VisualStudio\v17.0\AppxPackage\Add-AppDevPackage.resources\pt-BR\Add-AppDevPackage.psd1”复制到“C:\Users\wangsychn\Documents\GitHub\Bangumi\Bangumi\AppPackages\Bangumi_1.3.1.0_x64_Debug_Test\Add-AppDevPackage.resources\pt-BR\Add-AppDevPackage.psd1”。
         正在将文件从“C:\Program Files\Microsoft Visual Studio\2022\Community\MSBuild\Microsoft\VisualStudio\v17.0\AppxPackage\Add-AppDevPackage.resources\it-IT\Add-AppDevPackage.psd1”复制到“C:\Users\wangsychn\Documents\GitHub\Bangumi\Bangumi\AppPackages\Bangumi_1.3.1.0_x64_Debug_Test\Add-AppDevPackage.resources\it-IT\Add-AppDevPackage.psd1”。
         正在将文件从“C:\Program Files\Microsoft Visual Studio\2022\Community\MSBuild\Microsoft\VisualStudio\v17.0\AppxPackage\Add-AppDevPackage.resources\ru-RU\Add-AppDevPackage.psd1”复制到“C:\Users\wangsychn\Documents\GitHub\Bangumi\Bangumi\AppPackages\Bangumi_1.3.1.0_x64_Debug_Test\Add-AppDevPackage.resources\ru-RU\Add-AppDevPackage.psd1”。
         正在创建目录“C:\Users\wangsychn\Documents\GitHub\Bangumi\Bangumi\AppPackages\Bangumi_1.3.1.0_x64_Debug_Test\Add-AppDevPackage.resources\tr-TR”。
         正在创建目录“C:\Users\wangsychn\Documents\GitHub\Bangumi\Bangumi\AppPackages\Bangumi_1.3.1.0_x64_Debug_Test\Add-AppDevPackage.resources\zh-CN”。
         正在将文件从“C:\Program Files\Microsoft Visual Studio\2022\Community\MSBuild\Microsoft\VisualStudio\v17.0\AppxPackage\Install.ps1”复制到“C:\Users\wangsychn\Documents\GitHub\Bangumi\Bangumi\AppPackages\Bangumi_1.3.1.0_x64_Debug_Test\Install.ps1”。
         正在将文件从“C:\Program Files\Microsoft Visual Studio\2022\Community\MSBuild\Microsoft\VisualStudio\v17.0\AppxPackage\Add-AppDevPackage.resources\tr-TR\Add-AppDevPackage.psd1”复制到“C:\Users\wangsychn\Documents\GitHub\Bangumi\Bangumi\AppPackages\Bangumi_1.3.1.0_x64_Debug_Test\Add-AppDevPackage.resources\tr-TR\Add-AppDevPackage.psd1”。
         正在创建目录“C:\Users\wangsychn\Documents\GitHub\Bangumi\Bangumi\AppPackages\Bangumi_1.3.1.0_x64_Debug_Test\Add-AppDevPackage.resources\zh-TW”。
         正在将文件从“C:\Program Files\Microsoft Visual Studio\2022\Community\MSBuild\Microsoft\VisualStudio\v17.0\AppxPackage\Add-AppDevPackage.resources\zh-CN\Add-AppDevPackage.psd1”复制到“C:\Users\wangsychn\Documents\GitHub\Bangumi\Bangumi\AppPackages\Bangumi_1.3.1.0_x64_Debug_Test\Add-AppDevPackage.resources\zh-CN\Add-AppDevPackage.psd1”。
         正在将文件从“C:\Program Files\Microsoft Visual Studio\2022\Community\MSBuild\Microsoft\VisualStudio\v17.0\AppxPackage\Add-AppDevPackage.resources\zh-TW\Add-AppDevPackage.psd1”复制到“C:\Users\wangsychn\Documents\GitHub\Bangumi\Bangumi\AppPackages\Bangumi_1.3.1.0_x64_Debug_Test\Add-AppDevPackage.resources\zh-TW\Add-AppDevPackage.psd1”。
         正在创建目录“C:\Users\wangsychn\Documents\GitHub\Bangumi\Bangumi\AppPackages\Bangumi_1.3.1.0_x64_Debug_Test\TelemetryDependencies”。
         正在创建目录“C:\Users\wangsychn\Documents\GitHub\Bangumi\Bangumi\AppPackages\Bangumi_1.3.1.0_x64_Debug_Test\TelemetryDependencies”。
         正在创建目录“C:\Users\wangsychn\Documents\GitHub\Bangumi\Bangumi\AppPackages\Bangumi_1.3.1.0_x64_Debug_Test\TelemetryDependencies”。
         正在创建目录“C:\Users\wangsychn\Documents\GitHub\Bangumi\Bangumi\AppPackages\Bangumi_1.3.1.0_x64_Debug_Test\TelemetryDependencies”。
         正在创建目录“C:\Users\wangsychn\Documents\GitHub\Bangumi\Bangumi\AppPackages\Bangumi_1.3.1.0_x64_Debug_Test\TelemetryDependencies”。
         正在创建目录“C:\Users\wangsychn\Documents\GitHub\Bangumi\Bangumi\AppPackages\Bangumi_1.3.1.0_x64_Debug_Test\TelemetryDependencies”。
         正在将文件从“C:\Program Files\Microsoft Visual Studio\2022\Community\MSBuild\Microsoft\VisualStudio\v17.0\AppxPackage\LogSideloadingTelemetry.ps1”复制到“C:\Users\wangsychn\Documents\GitHub\Bangumi\Bangumi\AppPackages\Bangumi_1.3.1.0_x64_Debug_Test\TelemetryDependencies\LogSideloadingTelemetry.ps1”。
         正在将文件从“C:\Program Files\Microsoft Visual Studio\2022\Community\MSBuild\Microsoft\VisualStudio\v17.0\AppxPackage\Microsoft.VisualStudio.Utilities.Internal.dll”复制到“C:\Users\wangsychn\Documents\GitHub\Bangumi\Bangumi\AppPackages\Bangumi_1.3.1.0_x64_Debug_Test\TelemetryDependencies\Microsoft.VisualStudio.Utilities.Internal.dll”。
         正在将文件从“C:\Program Files\Microsoft Visual Studio\2022\Community\MSBuild\Microsoft\VisualStudio\v17.0\AppxPackage\Microsoft.VisualStudio.RemoteControl.dll”复制到“C:\Users\wangsychn\Documents\GitHub\Bangumi\Bangumi\AppPackages\Bangumi_1.3.1.0_x64_Debug_Test\TelemetryDependencies\Microsoft.VisualStudio.RemoteControl.dll”。
         正在将文件从“C:\Program Files\Microsoft Visual Studio\2022\Community\MSBuild\Microsoft\VisualStudio\v17.0\AppxPackage\Newtonsoft.Json.dll”复制到“C:\Users\wangsychn\Documents\GitHub\Bangumi\Bangumi\AppPackages\Bangumi_1.3.1.0_x64_Debug_Test\TelemetryDependencies\Newtonsoft.Json.dll”。
         正在将文件从“C:\Program Files\Microsoft Visual Studio\2022\Community\MSBuild\Microsoft\VisualStudio\v17.0\AppxPackage\Microsoft.Diagnostics.Tracing.EventSource.dll”复制到“C:\Users\wangsychn\Documents\GitHub\Bangumi\Bangumi\AppPackages\Bangumi_1.3.1.0_x64_Debug_Test\TelemetryDependencies\Microsoft.Diagnostics.Tracing.EventSource.dll”。
         正在将文件从“C:\Program Files\Microsoft Visual Studio\2022\Community\MSBuild\Microsoft\VisualStudio\v17.0\AppxPackage\Microsoft.VisualStudio.Telemetry.dll”复制到“C:\Users\wangsychn\Documents\GitHub\Bangumi\Bangumi\AppPackages\Bangumi_1.3.1.0_x64_Debug_Test\TelemetryDependencies\Microsoft.VisualStudio.Telemetry.dll”。
         正在将文件从“C:\Program Files\Microsoft Visual Studio\2022\Community\MSBuild\Microsoft\VisualStudio\v17.0\AppxPackage\System.Runtime.CompilerServices.Unsafe.dll”复制到“C:\Users\wangsychn\Documents\GitHub\Bangumi\Bangumi\AppPackages\Bangumi_1.3.1.0_x64_Debug_Test\TelemetryDependencies\System.Runtime.CompilerServices.Unsafe.dll”。
       _GenerateAppxPackage:
         正在删除文件“obj\x64\Debug\_installerinfo.log”。
     2>已完成生成项目“C:\Users\wangsychn\Documents\GitHub\Bangumi\Bangumi\Bangumi.csproj”(默认目标)的操作。
     1>已完成生成项目“C:\Users\wangsychn\Documents\GitHub\Bangumi\Bangumi.sln”(Build 个目标)的操作。

已成功生成。

       “C:\Users\wangsychn\Documents\GitHub\Bangumi\Bangumi.sln”(Build 目标) (1) ->
       “C:\Users\wangsychn\Documents\GitHub\Bangumi\Bangumi\Bangumi.csproj”(默认目标) (2) ->
       (CoreCompile 目标) -> 
         C:\Users\wangsychn\Documents\GitHub\Bangumi\Bangumi\obj\x64\Debug\Controls\BookChapter.g.cs(236,29): warning CS4014: 由于此调用不会等待，因此在此调用完成之前将会继续执行当前方法。请考虑将 "await" 运算符应用于调用结果。 [C:\Users\wangsychn\Documents\GitHub\Bangumi\Bangumi\Bangumi.csproj]
         C:\Users\wangsychn\Documents\GitHub\Bangumi\Bangumi\ViewModels\SettingViewModel.cs(347,27): warning CS1998: 此异步方法缺少 "await" 运算符，将以同步方式运行。请考虑使用 "await" 运算符等待非阻止的 API 调用，或者使用 "await Task.Run(...)" 在后台线程上执行占用大量 CPU 的工作。 [C:\Users\wangsychn\Documents\GitHub\Bangumi\Bangumi\Bangumi.csproj]
         C:\Users\wangsychn\Documents\GitHub\Bangumi\Bangumi\BackgroundTasks\BackgroundActivity.cs(185,25): warning CS0612: “SubjectForWatching.Eps”已过时 [C:\Users\wangsychn\Documents\GitHub\Bangumi\Bangumi\Bangumi.csproj]
         C:\Users\wangsychn\Documents\GitHub\Bangumi\Bangumi\ViewModels\ProgressViewModel.cs(273,21): warning CS0612: “SubjectForWatching.Eps”已过时 [C:\Users\wangsychn\Documents\GitHub\Bangumi\Bangumi\Bangumi.csproj]
         C:\Users\wangsychn\Documents\GitHub\Bangumi\Bangumi\obj\x64\Debug\Views\ProgressPage.g.cs(352,29): warning CS4014: 由于此调用不会等待，因此在此调用完成之前将会继续执行当前方法。请考虑将 "await" 运算符应用于调用结果。 [C:\Users\wangsychn\Documents\GitHub\Bangumi\Bangumi\Bangumi.csproj]
         C:\Users\wangsychn\Documents\GitHub\Bangumi\Bangumi\obj\x64\Debug\Views\ProgressPage.g.cs(385,29): warning CS4014: 由于此调用不会等待，因此在此调用完成之前将会继续执行当前方法。请考虑将 "await" 运算符应用于调用结果。 [C:\Users\wangsychn\Documents\GitHub\Bangumi\Bangumi\Bangumi.csproj]
         C:\Users\wangsychn\Documents\GitHub\Bangumi\Bangumi\obj\x64\Debug\Views\ProgressPage.g.cs(406,29): warning CS4014: 由于此调用不会等待，因此在此调用完成之前将会继续执行当前方法。请考虑将 "await" 运算符应用于调用结果。 [C:\Users\wangsychn\Documents\GitHub\Bangumi\Bangumi\Bangumi.csproj]
         C:\Users\wangsychn\Documents\GitHub\Bangumi\Bangumi\BackgroundTasks\BackgroundActivity.cs(38,14): warning CS0414: 字段“BackgroundActivity._progress”已被赋值，但从未使用过它的值 [C:\Users\wangsychn\Documents\GitHub\Bangumi\Bangumi\Bangumi.csproj]
         C:\Users\wangsychn\Documents\GitHub\Bangumi\Bangumi\BackgroundTasks\BackgroundActivity.cs(36,23): warning CS0414: 字段“BackgroundActivity._cancelRequested”已被赋值，但从未使用过它的值 [C:\Users\wangsychn\Documents\GitHub\Bangumi\Bangumi\Bangumi.csproj]


       “C:\Users\wangsychn\Documents\GitHub\Bangumi\Bangumi.sln”(Build 目标) (1) ->
       “C:\Users\wangsychn\Documents\GitHub\Bangumi\Bangumi\Bangumi.csproj”(默认目标) (2) ->
       (_GenerateProjectPriFileCore 目标) -> 
         GENERATEPROJECTPRIFILE : warning : PRI257: 0xdef00522 - Resources found for language(s) 'en-us' but no resources found for default language(s): 'zh-CN,en-us'. Change the default language or qualify resources with the default language. http://go.microsoft.com/fwlink/?LinkId=231899 [C:\Users\wangsychn\Documents\GitHub\Bangumi\Bangumi\Bangumi.csproj]

    10 个警告
    0 个错误

已用时间 00:00:25.39
